Component: ARM Compiler 5.06 update 6 (build 750) Tool: armlink [4d35ed]

==============================================================================

Section Cross References

    los_startup_keil.o(LOS_HEAP_INFO) refers to los_startup_keil.o(LOS_HEAP) for __los_heap_base
    los_startup_keil.o(RESET) refers to system_stm32l4xx.o(i.SystemInit) for SystemInit
    los_startup_keil.o(RESET) refers to entry.o(.ARM.Collect$$$$00000000) for __main
    system_stm32l4xx.o(i.SystemCoreClockUpdate) refers to system_stm32l4xx.o(.constdata) for MSIRangeTable
    system_stm32l4xx.o(i.SystemCoreClockUpdate) refers to system_stm32l4xx.o(.data) for SystemCoreClock
    gpio.o(i.MX_GPIO_Init) refers to stm32l4xx_hal_gpio.o(i.HAL_GPIO_WritePin) for HAL_GPIO_WritePin
    gpio.o(i.MX_GPIO_Init) refers to stm32l4xx_hal_gpio.o(i.HAL_GPIO_Init) for HAL_GPIO_Init
    gpio.o(i.MX_GPIO_Init) refers to stm32l4xx_hal_cortex.o(i.HAL_NVIC_SetPriority) for HAL_NVIC_SetPriority
    gpio.o(i.MX_GPIO_Init) refers to stm32l4xx_hal_cortex.o(i.HAL_NVIC_EnableIRQ) for HAL_NVIC_EnableIRQ
    delay.o(i.DelayInit) refers to system_stm32l4xx.o(.data) for SystemCoreClock
    delay.o(i.DelayInit) refers to delay.o(.data) for cpuclkfeq
    delay.o(i.Delayus) refers to delay.o(.data) for cpuclkfeq
    delay.o(i.delay_ms) refers to system_stm32l4xx.o(.data) for SystemCoreClock
    delay.o(i.delay_us) refers to system_stm32l4xx.o(.data) for SystemCoreClock
    i2c.o(i.HAL_I2C_MspDeInit) refers to stm32l4xx_hal_gpio.o(i.HAL_GPIO_DeInit) for HAL_GPIO_DeInit
    i2c.o(i.HAL_I2C_MspInit) refers to stm32l4xx_hal_gpio.o(i.HAL_GPIO_Init) for HAL_GPIO_Init
    i2c.o(i.MX_I2C1_Init) refers to stm32l4xx_hal_i2c.o(i.HAL_I2C_Init) for HAL_I2C_Init
    i2c.o(i.MX_I2C1_Init) refers to sys_init.o(i._Error_Handler) for _Error_Handler
    i2c.o(i.MX_I2C1_Init) refers to stm32l4xx_hal_i2c_ex.o(i.HAL_I2CEx_ConfigAnalogFilter) for HAL_I2CEx_ConfigAnalogFilter
    i2c.o(i.MX_I2C1_Init) refers to stm32l4xx_hal_i2c_ex.o(i.HAL_I2CEx_ConfigDigitalFilter) for HAL_I2CEx_ConfigDigitalFilter
    i2c.o(i.MX_I2C1_Init) refers to i2c.o(.bss) for hi2c1
    adc.o(i.HAL_ADC_MspDeInit) refers to stm32l4xx_hal_gpio.o(i.HAL_GPIO_DeInit) for HAL_GPIO_DeInit
    adc.o(i.HAL_ADC_MspInit) refers to stm32l4xx_hal_gpio.o(i.HAL_GPIO_Init) for HAL_GPIO_Init
    adc.o(i.MX_ADC1_Init) refers to stm32l4xx_hal_adc.o(i.HAL_ADC_Init) for HAL_ADC_Init
    adc.o(i.MX_ADC1_Init) refers to sys_init.o(i._Error_Handler) for _Error_Handler
    adc.o(i.MX_ADC1_Init) refers to stm32l4xx_hal_adc.o(i.HAL_ADC_ConfigChannel) for HAL_ADC_ConfigChannel
    adc.o(i.MX_ADC1_Init) refers to adc.o(.bss) for hadc1
    stm32l4xx_it.o(i.EXTI0_IRQHandler) refers to stm32l4xx_hal_gpio.o(i.HAL_GPIO_EXTI_IRQHandler) for HAL_GPIO_EXTI_IRQHandler
    stm32l4xx_it.o(i.EXTI1_IRQHandler) refers to stm32l4xx_hal_gpio.o(i.HAL_GPIO_EXTI_IRQHandler) for HAL_GPIO_EXTI_IRQHandler
    stm32l4xx_it.o(i.EXTI2_IRQHandler) refers to stm32l4xx_hal_gpio.o(i.HAL_GPIO_EXTI_IRQHandler) for HAL_GPIO_EXTI_IRQHandler
    stm32l4xx_it.o(i.EXTI3_IRQHandler) refers to stm32l4xx_hal_gpio.o(i.HAL_GPIO_EXTI_IRQHandler) for HAL_GPIO_EXTI_IRQHandler
    stm32l4xx_it.o(i.HAL_GPIO_EXTI_Callback) refers to printf8.o(i.__0printf$8) for __2printf
    stm32l4xx_it.o(i.USART1_IRQHandler) refers to stm32l4xx_hal_uart.o(i.HAL_UART_IRQHandler) for HAL_UART_IRQHandler
    stm32l4xx_it.o(i.USART1_IRQHandler) refers to usart.o(.bss) for huart1
    stm32l4xx_it.o(i.USART2_IRQHandler) refers to los_dev_st_uart.o(i.los_dev_uart_irqhandler) for los_dev_uart_irqhandler
    stm32l4xx_it.o(i.USART3_IRQHandler) refers to stm32l4xx_hal_uart.o(i.HAL_UART_IRQHandler) for HAL_UART_IRQHandler
    stm32l4xx_it.o(i.USART3_IRQHandler) refers to usart.o(.bss) for huart3
    sys_init.o(i.HAL_GetTick) refers to los_sys.o(i.LOS_TickCountGet) for LOS_TickCountGet
    sys_init.o(i.SystemClock_Config) refers to stm32l4xx_hal_rcc.o(i.HAL_RCC_OscConfig) for HAL_RCC_OscConfig
    sys_init.o(i.SystemClock_Config) refers to sys_init.o(i._Error_Handler) for _Error_Handler
    sys_init.o(i.SystemClock_Config) refers to stm32l4xx_hal_rcc.o(i.HAL_RCC_ClockConfig) for HAL_RCC_ClockConfig
    sys_init.o(i.SystemClock_Config) refers to stm32l4xx_hal_rcc_ex.o(i.HAL_RCCEx_PeriphCLKConfig) for HAL_RCCEx_PeriphCLKConfig
    sys_init.o(i.SystemClock_Config) refers to stm32l4xx_hal_pwr_ex.o(i.HAL_PWREx_ControlVoltageScaling) for HAL_PWREx_ControlVoltageScaling
    los_dev_st_uart.o(i.los_dev_uart_init) refers to los_dev_st_uart.o(i.los_dev_uart_gpio_init) for los_dev_uart_gpio_init
    los_dev_st_uart.o(i.los_dev_uart_init) refers to los_sem.o(i.LOS_SemCreate) for LOS_SemCreate
    los_dev_st_uart.o(i.los_dev_uart_init) refers to stm32l4xx_hal_uart.o(i.HAL_UART_Init) for HAL_UART_Init
    los_dev_st_uart.o(i.los_dev_uart_init) refers to los_dev_st_uart.o(i.los_dev_uart_start) for los_dev_uart_start
    los_dev_st_uart.o(i.los_dev_uart_init) refers to los_dev_st_uart.o(.bss) for comx
[...]
    i.shell_put_index                        0x08007464   Section        0  shell_main.o(i.shell_put_index)
    shell_put_index                          0x08007465   Thumb Code    10  shell_main.o(i.shell_put_index)
    i.shell_put_space                        0x0800747c   Section        0  shell_main.o(i.shell_put_space)
    shell_put_space                          0x0800747d   Thumb Code    24  shell_main.o(i.shell_put_space)
    i.shell_put_string                       0x08007494   Section        0  shell_main.o(i.shell_put_string)
    shell_put_string                         0x08007495   Thumb Code    32  shell_main.o(i.shell_put_string)
    i.shell_server_entry                     0x080074b4   Section        0  shell_main.o(i.shell_server_entry)
    shell_server_entry                       0x080074b5   Thumb Code   890  shell_main.o(i.shell_server_entry)
    i.shell_taskinfo                         0x08007838   Section        0  shell_test.o(i.shell_taskinfo)
    shell_taskinfo                           0x08007839   Thumb Code    14  shell_test.o(i.shell_taskinfo)
    i.string2arg                             0x08007846   Section        0  string.o(i.string2arg)
    i.task_create                            0x080078bc   Section        0  task.o(i.task_create)
    i.task_sleepms                           0x0800790c   Section        0  task.o(i.task_sleepms)
    i.uart_at_init                           0x08007918   Section        0  uart_at.o(i.uart_at_init)
    i.uart_at_receive                        0x08007a00   Section        0  uart_at.o(i.uart_at_receive)
    i.uart_at_send                           0x08007abc   Section        0  uart_at.o(i.uart_at_send)
    i.uart_debug_init                        0x08007af8   Section        0  uart_debug.o(i.uart_debug_init)
    i.uart_debug_irq                         0x08007ba0   Section        0  uart_debug.o(i.uart_debug_irq)
    uart_debug_irq                           0x08007ba1   Thumb Code    66  uart_debug.o(i.uart_debug_irq)
    .constdata                               0x08007bf0   Section       72  system_stm32l4xx.o(.constdata)
    .constdata                               0x08007c38   Section     2072  oled.o(.constdata)
    .constdata                               0x08008450   Section       20  los_hwi.o(.constdata)
    __FUNCTION__                             0x08008450   Data          20  los_hwi.o(.constdata)
    .constdata                               0x08008464   Section       52  app.o(.constdata)
    __FUNCTION__                             0x08008464   Data          23  app.o(.constdata)
    __FUNCTION__                             0x0800847b   Data          15  app.o(.constdata)
    __FUNCTION__                             0x0800848a   Data          14  app.o(.constdata)
    .constdata                               0x08008498   Section       28  bc95.o(.constdata)
    __FUNCTION__                             0x08008498   Data          13  bc95.o(.constdata)
    __FUNCTION__                             0x080084a5   Data          15  bc95.o(.constdata)
    .constdata                               0x080084b4   Section       13  uart_at.o(.constdata)
    __FUNCTION__                             0x080084b4   Data          13  uart_at.o(.constdata)
    .constdata                               0x080084c1   Section       11  at.o(.constdata)
    __FUNCTION__                             0x080084c1   Data          11  at.o(.constdata)
    .constdata                               0x080084cc   Section      129  ctype_o.o(.constdata)
    .constdata                               0x08008550   Section        4  ctype_o.o(.constdata)
    table                                    0x08008550   Data           4  ctype_o.o(.constdata)
    .conststring                             0x08008554   Section      233  los_task.o(.conststring)
    .conststring                             0x08008640   Section      161  los_heap.o(.conststring)
    .conststring                             0x080086e4   Section       66  uart_at.o(.conststring)
    .conststring                             0x08008728   Section        8  shell_cmd.o(.conststring)
    .conststring                             0x08008730   Section       24  shell_main.o(.conststring)
    .conststrlit                             0x08008748   Section       79  app.o(.conststrlit)
    .conststrlit                             0x08008798   Section       26  bc95.o(.conststrlit)
    .conststrlit                             0x080087b4   Section       11  uart_at.o(.conststrlit)
    .conststrlit                             0x080087c0   Section       73  at.o(.conststrlit)
    .conststrlit                             0x0800880c   Section       21  shell_cmd.o(.conststrlit)
    .conststrlit                             0x08008824   Section       21  shell_test.o(.conststrlit)
    LOS_HEAP_INFO                            0x0800883c   Section        8  los_startup_keil.o(LOS_HEAP_INFO)
    oshell                                   0x08008874   Section       32  app.o(oshell)
    __oshell_shell_appsend                   0x08008874   Data          16  app.o(oshell)
    __tagsym$$used                           0x08008874   Number         0  app.o(oshell)
    __oshell_shell_appreport                 0x08008884   Data          16  app.o(oshell)
    __tagsym$$used                           0x08008884   Number         0  app.o(oshell)
    oshell                                   0x08008894   Section       16  bc95.o(oshell)
    __oshell_shell_bc95send                  0x08008894   Data          16  bc95.o(oshell)
    __tagsym$$used                           0x08008894   Number         0  bc95.o(oshell)
    oshell                                   0x080088a4   Section       16  uart_at.o(oshell)
    __oshell___atio_debug                    0x080088a4   Data          16  uart_at.o(oshell)
    __tagsym$$used                           0x080088a4   Number         0  uart_at.o(oshell)
    oshell                                   0x080088b4   Section       32  at.o(oshell)
    __oshell_shell_at                        0x080088b4   Data          16  at.o(oshell)
    __tagsym$$used                           0x080088b4   Number         0  at.o(oshell)
    __oshell_shell_atdebug                   0x080088c4   Data          16  at.o(oshell)
    __tagsym$$used                           0x080088c4   Number         0  at.o(oshell)
    oshell                                   0x080088d4   Section       32  shell_cmd.o(oshell)
    __oshell_os_shell_version                0x080088d4   Data          16  shell_cmd.o(oshell)
    __tagsym$$used                           0x080088d4   Number         0  shell_cmd.o(oshell)
    __oshell_shell_cmd_help                  0x080088e4   Data          16  shell_cmd.o(oshell)
    __tagsym$$used                           0x080088e4   Number         0  shell_cmd.o(oshell)
    oshell                                   0x080088f4   Section       32  shell_test.o(oshell)
    __oshell_shell_taskinfo                  0x080088f4   Data          16  shell_test.o(oshell)
    __tagsym$$used                           0x080088f4   Number         0  shell_test.o(oshell)
    __oshell_shell_heapinfo                  0x08008904   Data          16  shell_test.o(oshell)
    __tagsym$$used                           0x08008904   Number         0  shell_test.o(oshell)
    .data.vector                             0x20000000   Section     1024  los_hwi.o(.data.vector)
    .data                                    0x20000400   Section        4  system_stm32l4xx.o(.data)
    .data                                    0x20000404   Section        4  delay.o(.data)
    cpuclkfeq                                0x20000404   Data           4  delay.o(.data)
    .data                                    0x20000408   Section      384  oled.o(.data)
    .data                                    0x20000588   Section        8  bh1750.o(.data)
    .data                                    0x20000590   Section        8  los_priqueue.o(.data)
    g_uwPriQueueBitmap                       0x20000594   Data           4  los_priqueue.o(.data)
    .data                                    0x20000598   Section       72  los_task.o(.data)
    .data                                    0x200005e0   Section       28  los_tick.o(.data)
    .data                                    0x200005fc   Section        8  los_timeslice.o(.data)
    .data                                    0x20000604   Section       12  los_mux.o(.data)
    .data                                    0x20000610   Section       12  los_queue.o(.data)
    .data                                    0x2000061c   Section       12  los_sem.o(.data)
    .data                                    0x20000628   Section       16  los_heap.o(.data)
    g_uwAllocCount                           0x20000628   Data           4  los_heap.o(.data)
    g_uwFreeCount                            0x2000062c   Data           4  los_heap.o(.data)
    g_uwCurHeapUsed                          0x20000630   Data           4  los_heap.o(.data)
    g_uwMaxHeapUsed                          0x20000634   Data           4  los_heap.o(.data)
    .data                                    0x20000638   Section        4  los_memory.o(.data)
    .data                                    0x2000063c   Section        4  los_err.o(.data)
    .data                                    0x20000640   Section        4  los_init.o(.data)
    .data                                    0x20000644   Section        4  los_hwi.o(.data)
    .data                                    0x20000648   Section       12  app.o(.data)
    s_app_report                             0x20000648   Data           8  app.o(.data)
    s_led_state                              0x20000650   Data           4  app.o(.data)
    .data                                    0x20000654   Section        8  uart_at.o(.data)
    s_pUSART                                 0x20000654   Data           4  uart_at.o(.data)
    s_uwIRQn                                 0x20000658   Data           4  uart_at.o(.data)
    .data                                    0x2000065c   Section       12  uart_debug.o(.data)
    s_pUSART                                 0x2000065c   Data           4  uart_debug.o(.data)
    s_uwIRQn                                 0x20000660   Data           4  uart_debug.o(.data)
    s_uartdebug_rcv_sync                     0x20000664   Data           4  uart_debug.o(.data)
    .data                                    0x20000668   Section        8  shell_cmd.o(.data)
    gs_os_shell_type                         0x20000668   Data           8  shell_cmd.o(.data)
    .data                                    0x20000670   Section        4  shell_main.o(.data)
    gs_welcome_info                          0x20000670   Data           4  shell_main.o(.data)
    .data                                    0x20000674   Section        4  stdin.o(.data)
    .data                                    0x20000678   Section        4  stdout.o(.data)
    .data                                    0x2000067c   Section        4  errno.o(.data)
    _errno                                   0x2000067c   Data           4  errno.o(.data)
    .bss                                     0x20000680   Section       76  i2c.o(.bss)
    .bss                                     0x200006cc   Section      342  los_task.o(.bss)
    .bss                                     0x20000824   Section     1024  los_hwi.o(.bss)
    .bss                                     0x20000c24   Section      272  bc95.o(.bss)
    s_bc95_cb                                0x20000c24   Data         272  bc95.o(.bss)
    .bss                                     0x20000d34   Section      940  uart_at.o(.bss)
    at_usart                                 0x20000d34   Data         120  uart_at.o(.bss)
    g_atio_cb                                0x20000dac   Data         820  uart_at.o(.bss)
    .bss                                     0x200010e0   Section      264  uart_debug.o(.bss)
    s_uartdebug_rcv_ring                     0x20001158   Data          16  uart_debug.o(.bss)
    s_uartdebug_rcv_ringmem                  0x20001168   Data         128  uart_debug.o(.bss)
    .bss                                     0x200011e8   Section      868  at.o(.bss)
    g_at_cb                                  0x200011e8   Data         868  at.o(.bss)
    .bss                                     0x2000154c   Section       84  shell_cmd.o(.bss)
    gs_shell_cb                              0x2000154c   Data          16  shell_cmd.o(.bss)
    tab_matches                              0x2000155c   Data          68  shell_cmd.o(.bss)
    LOS_HEAP                                 0x200015a0   Section     1024  los_startup_keil.o(LOS_HEAP)
    __los_heap_base                          0x200015a0   Data           0  los_startup_keil.o(LOS_HEAP)

    Global Symbols

    Symbol Name                              Value     Ov Type        Size  Object(Section)

    BuildAttributes$$THM_ISAv4$E$P$D$K$B$S$7EM$VFPi3$EXTD16$VFPS$VFMA$PE$A:L22UL41UL21$X:L11$S22US41US21$IEEE1$IW$USESV6$~STKCKD$USESV7$~SHL$OTIME$ROPI$EBA8$MICROLIB$REQ8$PRES8$EABIv2 0x00000000   Number         0  anon$$obj.o ABSOLUTE
    __ARM_use_no_argv                        0x00000000   Number         0  main.o ABSOLUTE
    _printf_a                                0x00000000   Number         0  stubs.o ABSOLUTE
    _printf_c                                0x00000000   Number         0  stubs.o ABSOLUTE
    _printf_charcount                        0x00000000   Number         0  stubs.o ABSOLUTE
    _printf_d                                0x00000000   Number         0  stubs.o ABSOLUTE
    _printf_e                                0x00000000   Number         0  stubs.o ABSOLUTE
    _printf_f                                0x00000000   Number         0  stubs.o ABSOLUTE
    _printf_flags                            0x00000000   Number         0  stubs.o ABSOLUTE
    _printf_fp_dec                           0x00000000   Number         0  stubs.o ABSOLUTE
    _printf_fp_hex                           0x00000000   Number         0  stubs.o ABSOLUTE
    _printf_g                                0x00000000   Number         0  stubs.o ABSOLUTE
    _printf_i                                0x00000000   Number         0  stubs.o ABSOLUTE
    _printf_int_dec                          0x00000000   Number         0  stubs.o ABSOLUTE
    _printf_l                                0x00000000   Number         0  stubs.o ABSOLUTE
    _printf_lc                               0x00000000   Number         0  stubs.o ABSOLUTE
    _printf_ll                               0x00000000   Number         0  stubs.o ABSOLUTE
    _printf_lld                              0x00000000   Number         0  stubs.o ABSOLUTE
    _printf_lli                              0x00000000   Number         0  stubs.o ABSOLUTE
    _printf_llo                              0x00000000   Number         0  stubs.o ABSOLUTE
    _printf_llu                              0x00000000   Number         0  stubs.o ABSOLUTE
    _printf_llx                              0x00000000   Number         0  stubs.o ABSOLUTE
    _printf_longlong_dec                     0x00000000   Number         0  stubs.o ABSOLUTE
    _printf_longlong_hex                     0x00000000   Number         0  stubs.o ABSOLUTE
    _printf_longlong_oct                     0x00000000   Number         0  stubs.o ABSOLUTE
    _printf_ls                               0x00000000   Number         0  stubs.o ABSOLUTE
    _printf_mbtowc                           0x00000000   Number         0  stubs.o ABSOLUTE
    _printf_n                                0x00000000   Number         0  stubs.o ABSOLUTE
    _printf_o                                0x00000000   Number         0  stubs.o ABSOLUTE
    _printf_p                                0x00000000   Number         0  stubs.o ABSOLUTE
    _printf_percent                          0x00000000   Number         0  stubs.o ABSOLUTE
    _printf_pre_padding                      0x00000000   Number         0  stubs.o ABSOLUTE
    _printf_return_value                     0x00000000   Number         0  stubs.o ABSOLUTE
    _printf_s                                0x00000000   Number         0  stubs.o ABSOLUTE
    _printf_sizespec                         0x00000000   Number         0  stubs.o ABSOLUTE
    _printf_str                              0x00000000   Number         0  stubs.o ABSOLUTE
    _printf_truncate_signed                  0x00000000   Number         0  stubs.o ABSOLUTE
    _printf_truncate_unsigned                0x00000000   Number         0  stubs.o ABSOLUTE
    _printf_u                                0x00000000   Number         0  stubs.o ABSOLUTE
    _printf_wc                               0x00000000   Number         0  stubs.o ABSOLUTE
    _printf_wctomb                           0x00000000   Number         0  stubs.o ABSOLUTE
    _printf_widthprec                        0x00000000   Number         0  stubs.o ABSOLUTE
    _printf_x                                0x00000000   Number         0  stubs.o ABSOLUTE
    __cpp_initialize__aeabi_                  - Undefined Weak Reference
    __cxa_finalize                            - Undefined Weak Reference
    _clock_init                               - Undefined Weak Reference
    _microlib_exit                            - Undefined Weak Reference
    _BootVectors                             0x08000000   Data           0  los_startup_keil.o(RESET)
    Reset_Handler                            0x08000009   Thumb Code     0  los_startup_keil.o(RESET)
    __main                                   0x0800002d   Thumb Code     0  entry.o(.ARM.Collect$$$$00000000)
    _main_stk                                0x0800002d   Thumb Code     0  entry3.o(.ARM.Collect$$$$00000002)
    _main_scatterload                        0x08000031   Thumb Code     0  entry5.o(.ARM.Collect$$$$00000004)
    __main_after_scatterload                 0x08000035   Thumb Code     0  entry5.o(.ARM.Collect$$$$00000004)
    _main_clock                              0x08000035   Thumb Code     0  entry7b.o(.ARM.Collect$$$$00000008)
    _main_cpp_init                           0x08000035   Thumb Code     0  entry8b.o(.ARM.Collect$$$$0000000A)
    _main_init                               0x08000035   Thumb Code     0  entry9a.o(.ARM.Collect$$$$0000000B)
    __rt_final_cpp                           0x0800003d   Thumb Code     0  entry10a.o(.ARM.Collect$$$$0000000D)
    __rt_final_exit                          0x0800003d   Thumb Code     0  entry11a.o(.ARM.Collect$$$$0000000F)
    LOS_StartToRun                           0x08000041   Thumb Code     0  los_dispatch_keil.o(.text)
    LOS_IntLock                              0x0800008d   Thumb Code     0  los_dispatch_keil.o(.text)
    LOS_IntUnLock                            0x08000095   Thumb Code     0  los_dispatch_keil.o(.text)
    LOS_IntRestore                           0x0800009d   Thumb Code     0  los_dispatch_keil.o(.text)
    osTaskSchedule                           0x080000a3   Thumb Code     0  los_dispatch_keil.o(.text)
    PendSV_Handler                           0x080000ad   Thumb Code     0  los_dispatch_keil.o(.text)
    __aeabi_uldivmod                         0x08000143   Thumb Code    98  uldiv.o(.text)
    __aeabi_memcpy                           0x080001ab   Thumb Code    36  memcpya.o(.text)
    __aeabi_memcpy4                          0x080001ab   Thumb Code     0  memcpya.o(.text)
    __aeabi_memcpy8                          0x080001ab   Thumb Code     0  memcpya.o(.text)
    __aeabi_memset                           0x080001cf   Thumb Code    14  memseta.o(.text)
    __aeabi_memset4                          0x080001cf   Thumb Code     0  memseta.o(.text)
    __aeabi_memset8                          0x080001cf   Thumb Code     0  memseta.o(.text)
    __aeabi_memclr                           0x080001dd   Thumb Code     4  memseta.o(.text)
    __aeabi_memclr4                          0x080001dd   Thumb Code     0  memseta.o(.text)
    __aeabi_memclr8                          0x080001dd   Thumb Code     0  memseta.o(.text)
    _memset$wrapper                          0x080001e1   Thumb Code    18  memseta.o(.text)
    strstr                                   0x080001f3   Thumb Code    36  strstr.o(.text)
    strncpy                                  0x08000217   Thumb Code    24  strncpy.o(.text)
    strlen                                   0x0800022f   Thumb Code    14  strlen.o(.text)
    strcmp                                   0x0800023d   Thumb Code    28  strcmp.o(.text)
    memcmp                                   0x08000259   Thumb Code    26  memcmp.o(.text)
    strcpy                                   0x08000273   Thumb Code    18  strcpy.o(.text)
    strncmp                                  0x08000285   Thumb Code    30  strncmp.o(.text)
    strtol                                   0x080002a3   Thumb Code   112  strtol.o(.text)
    strtoul                                  0x08000313   Thumb Code   114  strtoul.o(.text)
    __aeabi_ddiv                             0x0800038b   Thumb Code   222  ddiv.o(.text)
    __aeabi_ui2d                             0x08000469   Thumb Code    26  dfltui.o(.text)
    __aeabi_d2f                              0x08000483   Thumb Code    56  d2f.o(.text)
    __aeabi_llsl                             0x080004bb   Thumb Code    30  llshl.o(.text)
    _ll_shift_l                              0x080004bb   Thumb Code     0  llshl.o(.text)
    __aeabi_llsr                             0x080004d9   Thumb Code    32  llushr.o(.text)
    _ll_ushift_r                             0x080004d9   Thumb Code     0  llushr.o(.text)
    __rt_ctype_table                         0x080004f9   Thumb Code     4  ctype_o.o(.text)
    _strtoul                                 0x08000501   Thumb Code   158  _strtoul.o(.text)
    __I$use$fp                               0x080005a5   Thumb Code     0  iusefp.o(.text)
    _float_round                             0x080005a5   Thumb Code    18  fepilogue.o(.text)
    _float_epilogue                          0x080005b7   Thumb Code    92  fepilogue.o(.text)
    _double_round                            0x08000613   Thumb Code    30  depilogue.o(.text)
    _double_epilogue                         0x08000631   Thumb Code   156  depilogue.o(.text)
    __scatterload                            0x080006cd   Thumb Code    28  init.o(.text)
    __scatterload_rt2                        0x080006cd   Thumb Code     0  init.o(.text)
    _chval                                   0x080006f1   Thumb Code    28  _chval.o(.text)
    __decompress                             0x0800070d   Thumb Code     0  __dczerorl2.o(.text)
    __decompress1                            0x0800070d   Thumb Code    86  __dczerorl2.o(.text)
    Cmd_Write_BH1750                         0x08000763   Thumb Code    64  bh1750.o(i.Cmd_Write_BH1750)
    Convert_BH1750                           0x080007a5   Thumb Code    90  bh1750.o(i.Convert_BH1750)
    DelayInit                                0x08000815   Thumb Code    34  delay.o(i.DelayInit)
    HAL_Delay                                0x08000849   Thumb Code    32  stm32l4xx_hal.o(i.HAL_Delay)
    HAL_GPIO_Init                            0x08000869   Thumb Code   432  stm32l4xx_hal_gpio.o(i.HAL_GPIO_Init)
    HAL_GPIO_ReadPin                         0x08000a35   Thumb Code    16  stm32l4xx_hal_gpio.o(i.HAL_GPIO_ReadPin)
    HAL_GPIO_WritePin                        0x08000a45   Thumb Code    10  stm32l4xx_hal_gpio.o(i.HAL_GPIO_WritePin)
    HAL_GetTick                              0x08000a4f   Thumb Code     8  sys_init.o(i.HAL_GetTick)
    HAL_I2CEx_ConfigAnalogFilter             0x08000a57   Thumb Code   106  stm32l4xx_hal_i2c_ex.o(i.HAL_I2CEx_ConfigAnalogFilter)
    HAL_I2CEx_ConfigDigitalFilter            0x08000ac1   Thumb Code   106  stm32l4xx_hal_i2c_ex.o(i.HAL_I2CEx_ConfigDigitalFilter)
    HAL_I2C_Init                             0x08000b2d   Thumb Code   192  stm32l4xx_hal_i2c.o(i.HAL_I2C_Init)
    HAL_I2C_MspInit                          0x08000bf1   Thumb Code    76  i2c.o(i.HAL_I2C_MspInit)
    HAL_Init                                 0x08000c49   Thumb Code    22  stm32l4xx_hal.o(i.HAL_Init)
    HAL_InitTick                             0x08000c61   Thumb Code    36  stm32l4xx_hal.o(i.HAL_InitTick)
    HAL_MspInit                              0x08000c89   Thumb Code     2  stm32l4xx_hal.o(i.HAL_MspInit)
    HAL_NVIC_EnableIRQ                       0x08000c8b   Thumb Code    26  stm32l4xx_hal_cortex.o(i.HAL_NVIC_EnableIRQ)
    HAL_NVIC_SetPriority                     0x08000ca5   Thumb Code   124  stm32l4xx_hal_cortex.o(i.HAL_NVIC_SetPriority)
    HAL_NVIC_SetPriorityGrouping             0x08000d29   Thumb Code    32  stm32l4xx_hal_cortex.o(i.HAL_NVIC_SetPriorityGrouping)
    HAL_PWREx_ControlVoltageScaling          0x08000d51   Thumb Code   128  stm32l4xx_hal_pwr_ex.o(i.HAL_PWREx_ControlVoltageScaling)
    HAL_PWREx_GetVoltageRange                0x08000ddd   Thumb Code    10  stm32l4xx_hal_pwr_ex.o(i.HAL_PWREx_GetVoltageRange)
    HAL_RCCEx_PeriphCLKConfig                0x08000ded   Thumb Code   896  stm32l4xx_hal_rcc_ex.o(i.HAL_RCCEx_PeriphCLKConfig)
    HAL_RCC_ClockConfig                      0x08001175   Thumb Code   458  stm32l4xx_hal_rcc.o(i.HAL_RCC_ClockConfig)
    HAL_RCC_GetHCLKFreq                      0x08001351   Thumb Code     6  stm32l4xx_hal_rcc.o(i.HAL_RCC_GetHCLKFreq)
    HAL_RCC_GetPCLK1Freq                     0x0800135d   Thumb Code    22  stm32l4xx_hal_rcc.o(i.HAL_RCC_GetPCLK1Freq)
    HAL_RCC_GetPCLK2Freq                     0x0800137d   Thumb Code    22  stm32l4xx_hal_rcc.o(i.HAL_RCC_GetPCLK2Freq)
    HAL_RCC_GetSysClockFreq                  0x0800139d   Thumb Code   252  stm32l4xx_hal_rcc.o(i.HAL_RCC_GetSysClockFreq)
    HAL_RCC_OscConfig                        0x080014a9   Thumb Code  1672  stm32l4xx_hal_rcc.o(i.HAL_RCC_OscConfig)
    HAL_SYSTICK_Config                       0x08001b3d   Thumb Code    52  stm32l4xx_hal_cortex.o(i.HAL_SYSTICK_Config)
    HAL_UART_Init                            0x08001b71   Thumb Code   120  stm32l4xx_hal_uart.o(i.HAL_UART_Init)
    HAL_UART_MspInit                         0x08001be9   Thumb Code   262  usart.o(i.HAL_UART_MspInit)
    HAL_UART_Transmit                        0x08001d05   Thumb Code   240  stm32l4xx_hal_uart.o(i.HAL_UART_Transmit)
    HardWare_Init                            0x08001df5   Thumb Code    24  main.o(i.HardWare_Init)
    I2C_Ack                                  0x08001e0d   Thumb Code    84  bh1750.o(i.I2C_Ack)
    I2C_NAck                                 0x08001ebd   Thumb Code    82  bh1750.o(i.I2C_NAck)
    I2C_ReadByte                             0x08001f15   Thumb Code   106  bh1750.o(i.I2C_ReadByte)
    I2C_SendByte                             0x08001f85   Thumb Code   124  bh1750.o(i.I2C_SendByte)
    I2C_Start                                0x08002005   Thumb Code    82  bh1750.o(i.I2C_Start)
    I2C_Stop                                 0x0800205d   Thumb Code    82  bh1750.o(i.I2C_Stop)
    I2C_WaitAck                              0x080020b5   Thumb Code   102  bh1750.o(i.I2C_WaitAck)
    IIC_Start                                0x08002121   Thumb Code    48  oled.o(i.IIC_Start)
    IIC_Stop                                 0x08002155   Thumb Code    36  oled.o(i.IIC_Stop)
    IIC_Wait_Ack                             0x0800217d   Thumb Code    26  oled.o(i.IIC_Wait_Ack)
    Init_BH1750                              0x0800219d   Thumb Code    14  bh1750.o(i.Init_BH1750)
    LOS_Align                                0x080021ab   Thumb Code    28  los_misc.o(i.LOS_Align)
    LOS_ErrHandle                            0x080021c9   Thumb Code    58  los_err.o(i.LOS_ErrHandle)
    LOS_HwiCreate                            0x0800220d   Thumb Code   164  los_hwi.o(i.LOS_HwiCreate)
    LOS_KernelInit                           0x080022cd   Thumb Code   152  los_init.o(i.LOS_KernelInit)
    LOS_MemAlloc                             0x0800246d   Thumb Code    30  los_memory.o(i.LOS_MemAlloc)
    LOS_MemAllocAlign                        0x0800248b   Thumb Code    20  los_memory.o(i.LOS_MemAllocAlign)
    LOS_MemFree                              0x0800249f   Thumb Code    38  los_memory.o(i.LOS_MemFree)
    LOS_MemInit                              0x080024c5   Thumb Code   176  los_memory.o(i.LOS_MemInit)
    LOS_MemPoolList                          0x080025b9   Thumb Code    28  los_memory.o(i.LOS_MemPoolList)
    LOS_MuxCreate                            0x080025d9   Thumb Code   132  los_mux.o(i.LOS_MuxCreate)
    LOS_MuxDelete                            0x0800267d   Thumb Code   132  los_mux.o(i.LOS_MuxDelete)
    LOS_MuxPend                              0x08002725   Thumb Code   312  los_mux.o(i.LOS_MuxPend)
    LOS_MuxPost                              0x080028b1   Thumb Code   202  los_mux.o(i.LOS_MuxPost)
    LOS_Schedule                             0x080029a1   Thumb Code    56  los_hw.o(i.LOS_Schedule)
    LOS_SemDelete                            0x080029e1   Thumb Code   124  los_sem.o(i.LOS_SemDelete)
    LOS_SemPend                              0x08002a81   Thumb Code   260  los_sem.o(i.LOS_SemPend)
    LOS_SemPost                              0x08002bfd   Thumb Code   154  los_sem.o(i.LOS_SemPost)
    LOS_Start                                0x08002cb9   Thumb Code    38  los_init.o(i.LOS_Start)
    LOS_TaskCreate                           0x08002cfd   Thumb Code   140  los_task.o(i.LOS_TaskCreate)
    LOS_TaskCreateOnly                       0x08002d99   Thumb Code   364  los_task.o(i.LOS_TaskCreateOnly)
    LOS_TaskDelay                            0x08002f29   Thumb Code   106  los_task.o(i.LOS_TaskDelay)
    LOS_TaskDelete                           0x08002fa5   Thumb Code   336  los_task.o(i.LOS_TaskDelete)
    LOS_TaskYield                            0x0800311d   Thumb Code   134  los_task.o(i.LOS_TaskYield)
    LOS_TickCountGet                         0x080031b1   Thumb Code     6  los_sys.o(i.LOS_TickCountGet)
    MX_GPIO_Init                             0x080031bd   Thumb Code   326  gpio.o(i.MX_GPIO_Init)
    MX_I2C1_Init                             0x08003315   Thumb Code    86  i2c.o(i.MX_I2C1_Init)
    OLED_Clear                               0x080033c1   Thumb Code    62  oled.o(i.OLED_Clear)
    OLED_Init                                0x080033ff   Thumb Code   198  oled.o(i.OLED_Init)
    OLED_Set_Pos                             0x080034c5   Thumb Code    40  oled.o(i.OLED_Set_Pos)
    OLED_ShowCHinese                         0x080034ed   Thumb Code    98  oled.o(i.OLED_ShowCHinese)
    OLED_ShowChar                            0x08003555   Thumb Code   154  oled.o(i.OLED_ShowChar)
    OLED_ShowString                          0x080035f9   Thumb Code    58  oled.o(i.OLED_ShowString)
    OLED_WR_Byte                             0x08003633   Thumb Code    24  oled.o(i.OLED_WR_Byte)
    Read_BH1750                              0x08003879   Thumb Code    72  bh1750.o(i.Read_BH1750)
    Start_BH1750                             0x080038c5   Thumb Code    16  bh1750.o(i.Start_BH1750)
    SystemClock_Config                       0x080038d5   Thumb Code   202  sys_init.o(i.SystemClock_Config)
    SystemInit                               0x080039b9   Thumb Code    68  system_stm32l4xx.o(i.SystemInit)
    UART_AdvFeatureConfig                    0x08003a09   Thumb Code   248  stm32l4xx_hal_uart.o(i.UART_AdvFeatureConfig)
    UART_CheckIdleState                      0x08003b01   Thumb Code   116  stm32l4xx_hal_uart.o(i.UART_CheckIdleState)
    UART_SetConfig                           0x08003b75   Thumb Code   970  stm32l4xx_hal_uart.o(i.UART_SetConfig)
    UART_WaitOnFlagUntilTimeout              0x08003f6b   Thumb Code   108  stm32l4xx_hal_uart.o(i.UART_WaitOnFlagUntilTimeout)
    Write_IIC_Byte                           0x08003fd9   Thumb Code    96  oled.o(i.Write_IIC_Byte)
    Write_IIC_Command                        0x0800403d   Thumb Code    44  oled.o(i.Write_IIC_Command)
    Write_IIC_Data                           0x08004069   Thumb Code    44  oled.o(i.Write_IIC_Data)
    _Error_Handler                           0x08004095   Thumb Code     4  sys_init.o(i._Error_Handler)
    __0printf$8                              0x08004099   Thumb Code    22  printf8.o(i.__0printf$8)
    __1printf$8                              0x08004099   Thumb Code     0  printf8.o(i.__0printf$8)
    __2printf                                0x08004099   Thumb Code     0  printf8.o(i.__0printf$8)
    __0snprintf$8                            0x080040b9   Thumb Code    44  printf8.o(i.__0snprintf$8)
    __1snprintf$8                            0x080040b9   Thumb Code     0  printf8.o(i.__0snprintf$8)
    __2snprintf                              0x080040b9   Thumb Code     0  printf8.o(i.__0snprintf$8)
    __0sprintf$8                             0x080040e9   Thumb Code    34  printf8.o(i.__0sprintf$8)
    __1sprintf$8                             0x080040e9   Thumb Code     0  printf8.o(i.__0sprintf$8)
    __2sprintf                               0x080040e9   Thumb Code     0  printf8.o(i.__0sprintf$8)
    __aeabi_errno_addr                       0x08004111   Thumb Code     4  errno.o(i.__aeabi_errno_addr)
    __rt_errno_addr                          0x08004111   Thumb Code     0  errno.o(i.__aeabi_errno_addr)
    __scatterload_copy                       0x08004485   Thumb Code    14  handlers.o(i.__scatterload_copy)
    __scatterload_null                       0x08004493   Thumb Code     2  handlers.o(i.__scatterload_null)
    __scatterload_zeroinit                   0x08004495   Thumb Code    14  handlers.o(i.__scatterload_zeroinit)
    app_main                                 0x0800492d   Thumb Code    58  app.o(i.app_main)
    at_command                               0x08004981   Thumb Code    94  at.o(i.at_command)
    at_install                               0x080049ed   Thumb Code   242  at.o(i.at_install)
    at_oobregister                           0x08004b51   Thumb Code    54  at.o(i.at_oobregister)
    bc95_csq                                 0x08004c9d   Thumb Code   134  bc95.o(i.bc95_csq)
    bc95_init                                0x08004d9d   Thumb Code   252  bc95.o(i.bc95_init)
    bc95_regester_receivehandle              0x0800513d   Thumb Code     8  bc95.o(i.bc95_regester_receivehandle)
    bc95_send                                0x08005149   Thumb Code   150  bc95.o(i.bc95_send)
    delay_ms                                 0x080052f1   Thumb Code    32  delay.o(i.delay_ms)
    delay_us                                 0x08005319   Thumb Code    30  delay.o(i.delay_us)
    fgetc                                    0x08005345   Thumb Code    46  uart_debug.o(i.fgetc)
    fputc                                    0x0800537d   Thumb Code    22  uart_debug.o(i.fputc)
    getc                                     0x08005399   Thumb Code     4  getc.o(i.getc)
    led_display                              0x0800539d   Thumb Code    86  main.o(i.led_display)
    led_off                                  0x08005409   Thumb Code    16  main.o(i.led_off)
    led_on                                   0x0800541d   Thumb Code    14  main.o(i.led_on)
    main                                     0x08005431   Thumb Code    78  main.o(i.main)
    mutex_create                             0x08005495   Thumb Code    20  mutex.o(i.mutex_create)
    mutex_del                                0x080054a9   Thumb Code    20  mutex.o(i.mutex_del)
    mutex_lock                               0x080054bd   Thumb Code    24  mutex.o(i.mutex_lock)
    mutex_unlock                             0x080054d5   Thumb Code    20  mutex.o(i.mutex_unlock)
    osAlarmHeapInfo                          0x080054e9   Thumb Code    64  los_heap.o(i.osAlarmHeapInfo)
    osConvertTskStatus                       0x0800552d   Thumb Code    86  los_task.o(i.osConvertTskStatus)
    osGetAllTskInfo                          0x080055e5   Thumb Code   156  los_task.o(i.osGetAllTskInfo)
    osGetTaskWaterLine                       0x080056d9   Thumb Code   166  los_task.o(i.osGetTaskWaterLine)
    osHeapAlloc                              0x080057b1   Thumb Code   292  los_heap.o(i.osHeapAlloc)
    osHeapAllocAlign                         0x0800591f   Thumb Code    90  los_heap.o(i.osHeapAllocAlign)
    osHeapFree                               0x08005979   Thumb Code   284  los_heap.o(i.osHeapFree)
    osHeapInit                               0x08005abf   Thumb Code    68  los_heap.o(i.osHeapInit)
    osHeapPrvGetNext                         0x08005b03   Thumb Code    26  los_heap.o(i.osHeapPrvGetNext)
    osHeapStatisticsGet                      0x08005b1d   Thumb Code    90  los_heap.o(i.osHeapStatisticsGet)
    osHwiDefaultHandler                      0x08005b81   Thumb Code    30  los_hwi.o(i.osHwiDefaultHandler)
    osHwiInit                                0x08005bbd   Thumb Code    58  los_hwi.o(i.osHwiInit)
    osIdleTask                               0x08005c09   Thumb Code     4  los_task.o(i.osIdleTask)
    osIdleTaskCreate                         0x08005c0d   Thumb Code    54  los_task.o(i.osIdleTaskCreate)
    osIntNumGet                              0x08005c59   Thumb Code     8  los_hwi.o(i.osIntNumGet)
    osInterrupt                              0x08005c61   Thumb Code    70  los_hwi.o(i.osInterrupt)
    osMemSystemInit                          0x08005cb1   Thumb Code    30  los_memory.o(i.osMemSystemInit)
    osMuxInit                                0x08005cd9   Thumb Code    82  los_mux.o(i.osMuxInit)
    osPriqueueDequeue                        0x08005d3d   Thumb Code    66  los_priqueue.o(i.osPriqueueDequeue)
    osPriqueueEnqueue                        0x08005d89   Thumb Code    64  los_priqueue.o(i.osPriqueueEnqueue)
    osPriqueueInit                           0x08005dd1   Thumb Code    64  los_priqueue.o(i.osPriqueueInit)
    osPriqueueSize                           0x08005e19   Thumb Code    36  los_priqueue.o(i.osPriqueueSize)
    osPriqueueTop                            0x08005e41   Thumb Code    32  los_priqueue.o(i.osPriqueueTop)
    osQueueInit                              0x08005e69   Thumb Code    96  los_queue.o(i.osQueueInit)
    osSchedule                               0x08005ee5   Thumb Code     8  los_hw.o(i.osSchedule)
    osSemCreate                              0x08005eed   Thumb Code   156  los_sem.o(i.osSemCreate)
    osSemInit                                0x08005fb1   Thumb Code    80  los_sem.o(i.osSemInit)
    osTaskAdd2TimerList                      0x08006011   Thumb Code   188  los_task.o(i.osTaskAdd2TimerList)
    osTaskEntry                              0x080060d1   Thumb Code    40  los_task.o(i.osTaskEntry)
    osTaskExit                               0x08006101   Thumb Code     6  los_hw.o(i.osTaskExit)
    osTaskInit                               0x08006109   Thumb Code   258  los_task.o(i.osTaskInit)
    osTaskMonInit                            0x08006231   Thumb Code    32  los_task.o(i.osTaskMonInit)
    osTaskPriModify                          0x08006261   Thumb Code    56  los_task.o(i.osTaskPriModify)
    osTaskScan                               0x08006299   Thumb Code   214  los_task.o(i.osTaskScan)
    osTaskSwitchCheck                        0x08006375   Thumb Code   238  los_task.o(i.osTaskSwitchCheck)
    osTaskWait                               0x080064f9   Thumb Code    72  los_task.o(i.osTaskWait)
    osTaskWake                               0x08006545   Thumb Code    70  los_task.o(i.osTaskWake)
    osTickHandler                            0x0800658d   Thumb Code    30  los_tick.o(i.osTickHandler)
    osTickStart                              0x080065b1   Thumb Code   162  los_hw_tick.o(i.osTickStart)
    osTimerListDelete                        0x08006681   Thumb Code    66  los_task.o(i.osTimerListDelete)
    osTimesliceCheck                         0x080066c9   Thumb Code    64  los_timeslice.o(i.osTimesliceCheck)
    osTimesliceInit                          0x08006715   Thumb Code    12  los_timeslice.o(i.osTimesliceInit)
    osTskStackInit                           0x08006725   Thumb Code   134  los_hw.o(i.osTskStackInit)
    putc                                     0x080067e5   Thumb Code     4  putc.o(i.putc)
    ring_datalen                             0x080069bd   Thumb Code    12  ring.o(i.ring_datalen)
    ring_init                                0x080069c9   Thumb Code    28  ring.o(i.ring_init)
    ring_read                                0x080069e5   Thumb Code   164  ring.o(i.ring_read)
    ring_reset                               0x08006a8f   Thumb Code    18  ring.o(i.ring_reset)
    ring_write                               0x08006aa1   Thumb Code   232  ring.o(i.ring_write)
    semp_create                              0x08006b8f   Thumb Code    28  sem.o(i.semp_create)
    semp_del                                 0x08006bab   Thumb Code    20  sem.o(i.semp_del)
    semp_pend                                0x08006bbf   Thumb Code    24  sem.o(i.semp_pend)
    semp_post                                0x08006bd7   Thumb Code    20  sem.o(i.semp_post)
    shell_cmd_execute                        0x08006fd5   Thumb Code   164  shell_cmd.o(i.shell_cmd_execute)
    shell_cmd_index                          0x080071e5   Thumb Code   176  shell_cmd.o(i.shell_cmd_index)
    shell_cmd_init                           0x0800729d   Thumb Code    26  shell_cmd.o(i.shell_cmd_init)
    shell_install                            0x080073b1   Thumb Code    30  shell_main.o(i.shell_install)
    string2arg                               0x08007847   Thumb Code   112  string.o(i.string2arg)
    task_create                              0x080078bd   Thumb Code    74  task.o(i.task_create)
    task_sleepms                             0x0800790d   Thumb Code    12  task.o(i.task_sleepms)
    uart_at_init                             0x08007919   Thumb Code   156  uart_at.o(i.uart_at_init)
    uart_at_receive                          0x08007a01   Thumb Code   174  uart_at.o(i.uart_at_receive)
    uart_at_send                             0x08007abd   Thumb Code    50  uart_at.o(i.uart_at_send)
    uart_debug_init                          0x08007af9   Thumb Code   110  uart_debug.o(i.uart_debug_init)
    AHBPrescTable                            0x08007bf0   Data          16  system_stm32l4xx.o(.constdata)
    APBPrescTable                            0x08007c00   Data           8  system_stm32l4xx.o(.constdata)
    MSIRangeTable                            0x08007c08   Data          48  system_stm32l4xx.o(.constdata)
    F6x8                                     0x08007c38   Data         552  oled.o(.constdata)
    F8X16                                    0x08007e60   Data        1520  oled.o(.constdata)
    __ctype_table                            0x080084cc   Data         129  ctype_o.o(.constdata)
    __LOS_HEAP_ADDR_START__                  0x0800883c   Data           0  los_startup_keil.o(LOS_HEAP_INFO)
    __LOS_HEAP_ADDR_END__                    0x08008840   Data           0  los_startup_keil.o(LOS_HEAP_INFO)
    Region$$Table$$Base                      0x08008844   Number         0  anon$$obj.o(Region$$Table)
    Region$$Table$$Limit                     0x08008874   Number         0  anon$$obj.o(Region$$Table)
    oshell$$Base                             0x08008874   Number         0  app.o(oshell)
    oshell$$Limit                            0x08008914   Number         0  shell_test.o(oshell)
    m_pstHwiForm                             0x20000000   Data        1024  los_hwi.o(.data.vector)
    SystemCoreClock                          0x20000400   Data           4  system_stm32l4xx.o(.data)
    Hzk                                      0x20000408   Data         384  oled.o(.data)
    result_lx                                0x20000588   Data           4  bh1750.o(.data)
    BUF                                      0x2000058c   Data           2  bh1750.o(.data)
    result                                   0x2000058e   Data           2  bh1750.o(.data)
    g_pstLosPriorityQueueList                0x20000590   Data           4  los_priqueue.o(.data)
    g_pstTaskCBArray                         0x20000598   Data           4  los_task.o(.data)
    g_stLosTask                              0x2000059c   Data           8  los_task.o(.data)
    g_usLosTaskLock                          0x200005a4   Data           2  los_task.o(.data)
    g_uwTskMaxNum                            0x200005a8   Data           4  los_task.o(.data)
    g_uwIdleTaskID                           0x200005ac   Data           4  los_task.o(.data)
    g_uwSwtmrTaskID                          0x200005b0   Data           4  los_task.o(.data)
    g_stTaskTimerList                        0x200005b4   Data           8  los_task.o(.data)
    g_stLosFreeTask                          0x200005bc   Data           8  los_task.o(.data)
    g_stTskRecyleList                        0x200005c4   Data           8  los_task.o(.data)
    g_stTskSortLink                          0x200005cc   Data           8  los_task.o(.data)
    g_bTaskScheduled                         0x200005d4   Data           4  los_task.o(.data)
    g_pfnTskSwitchHook                       0x200005d8   Data           4  los_task.o(.data)
    g_pfnUsrTskSwitchHook                    0x200005dc   Data           4  los_task.o(.data)
    g_ullTickCount                           0x200005e0   Data           8  los_tick.o(.data)
    g_uwTicksPerSec                          0x200005e8   Data           4  los_tick.o(.data)
    g_uwCyclePerSec                          0x200005ec   Data           4  los_tick.o(.data)
    g_uwCyclesPerTick                        0x200005f0   Data           4  los_tick.o(.data)
    g_uwSysClock                             0x200005f4   Data           4  los_tick.o(.data)
    g_bSysTickStart                          0x200005f8   Data           4  los_tick.o(.data)
    g_stTaskTimeSlice                        0x200005fc   Data           8  los_timeslice.o(.data)
    g_pstAllMux                              0x20000604   Data           4  los_mux.o(.data)
    g_stUnusedMuxList                        0x20000608   Data           8  los_mux.o(.data)
    g_pstAllQueue                            0x20000610   Data           4  los_queue.o(.data)
    g_stFreeQueueList                        0x20000614   Data           8  los_queue.o(.data)
    g_stUnusedSemList                        0x2000061c   Data           8  los_sem.o(.data)
    g_pstAllSem                              0x20000624   Data           4  los_sem.o(.data)
    g_pPoolHead                              0x20000638   Data           4  los_memory.o(.data)
    g_stUserErrFunc                          0x2000063c   Data           4  los_err.o(.data)
    m_aucSysMem0                             0x20000640   Data           4  los_init.o(.data)
    g_vuwIntCount                            0x20000644   Data           4  los_hwi.o(.data)
    __stdin                                  0x20000674   Data           4  stdin.o(.data)
    __stdout                                 0x20000678   Data           4  stdout.o(.data)
    hi2c1                                    0x20000680   Data          76  i2c.o(.bss)
    g_astTskSwitchInfo                       0x200006cc   Data         342  los_task.o(.bss)
    m_pstHwiSlaveForm                        0x20000824   Data        1024  los_hwi.o(.bss)
    uart_debug                               0x200010e0   Data         120  uart_debug.o(.bss)
    Image$$ARM_LIB_STACKHEAP$$ZI$$Base       0x2000fc00   Number         0  anon$$obj.o ABSOLUTE
    Image$$ARM_LIB_STACKHEAP$$ZI$$Limit      0x20010000   Number         0  anon$$obj.o ABSOLUTE



==============================================================================

Memory Map of the image

  Image Entry point : 0x0800002d

  Load Region LR_IROM1 (Base: 0x08000000, Size: 0x00008f94, Max: 0x00040000, ABSOLUTE, COMPRESSED[0x000089f8])

    Execution Region ER_IROM1 (Exec base: 0x08000000, Load base: 0x08000000, Size: 0x00008914, Max: 0x00040000, ABSOLUTE)

    Exec Addr    Load Addr    Size         Type   Attr      Idx    E Section Name        Object

    0x08000000   0x08000000   0x0000002c   Code   RO            4    RESET               los_startup_keil.o
    0x0800002c   0x0800002c   0x00000000   Code   RO         6717  * .ARM.Collect$$$$00000000  mc_w.l(entry.o)
    0x0800002c   0x0800002c   0x00000004   Code   RO         7023    .ARM.Collect$$$$00000002  mc_w.l(entry3.o)
    0x08000030   0x08000030   0x00000004   Code   RO         7026    .ARM.Collect$$$$00000004  mc_w.l(entry5.o)
    0x08000034   0x08000034   0x00000000   Code   RO         7028    .ARM.Collect$$$$00000008  mc_w.l(entry7b.o)
    0x08000034   0x08000034   0x00000000   Code   RO         7030    .ARM.Collect$$$$0000000A  mc_w.l(entry8b.o)
    0x08000034   0x08000034   0x00000008   Code   RO         7031    .ARM.Collect$$$$0000000B  mc_w.l(entry9a.o)
    0x0800003c   0x0800003c   0x00000000   Code   RO         7033    .ARM.Collect$$$$0000000D  mc_w.l(entry10a.o)
    0x0800003c   0x0800003c   0x00000000   Code   RO         7035    .ARM.Collect$$$$0000000F  mc_w.l(entry11a.o)
    0x0800003c   0x0800003c   0x00000004   Code   RO         7024    .ARM.Collect$$$$00002713  mc_w.l(entry3.o)
    0x08000040   0x08000040   0x00000102   Code   RO         2903    .text               los_dispatch_keil.o
    0x08000142   0x08000142   0x00000068   Code   RO         6726    .text               mc_w.l(uldiv.o)
    0x080001aa   0x080001aa   0x00000024   Code   RO         6728    .text               mc_w.l(memcpya.o)
    0x080001ce   0x080001ce   0x00000024   Code   RO         6730    .text               mc_w.l(memseta.o)
    0x080001f2   0x080001f2   0x00000024   Code   RO         6732    .text               mc_w.l(strstr.o)
    0x08000216   0x08000216   0x00000018   Code   RO         6734    .text               mc_w.l(strncpy.o)
    0x0800022e   0x0800022e   0x0000000e   Code   RO         6736    .text               mc_w.l(strlen.o)
    0x0800023c   0x0800023c   0x0000001c   Code   RO         6738    .text               mc_w.l(strcmp.o)
    0x08000258   0x08000258   0x0000001a   Code   RO         6740    .text               mc_w.l(memcmp.o)
    0x08000272   0x08000272   0x00000012   Code   RO         6742    .text               mc_w.l(strcpy.o)
    0x08000284   0x08000284   0x0000001e   Code   RO         6744    .text               mc_w.l(strncmp.o)
    0x080002a2   0x080002a2   0x00000070   Code   RO         7009    .text               mc_w.l(strtol.o)
    0x08000312   0x08000312   0x00000078   Code   RO         7011    .text               mc_w.l(strtoul.o)
    0x0800038a   0x0800038a   0x000000de   Code   RO         7013    .text               mf_w.l(ddiv.o)
    0x08000468   0x08000468   0x0000001a   Code   RO         7015    .text               mf_w.l(dfltui.o)
    0x08000482   0x08000482   0x00000038   Code   RO         7021    .text               mf_w.l(d2f.o)
    0x080004ba   0x080004ba   0x0000001e   Code   RO         7039    .text               mc_w.l(llshl.o)
    0x080004d8   0x080004d8   0x00000020   Code   RO         7041    .text               mc_w.l(llushr.o)
    0x080004f8   0x080004f8   0x00000008   Code   RO         7043    .text               mc_w.l(ctype_o.o)
    0x08000500   0x08000500   0x000000a4   Code   RO         7078    .text               mc_w.l(_strtoul.o)
    0x080005a4   0x080005a4   0x00000000   Code   RO         7080    .text               mc_w.l(iusefp.o)
    0x080005a4   0x080005a4   0x0000006e   Code   RO         7081    .text               mf_w.l(fepilogue.o)
    0x08000612   0x08000612   0x000000ba   Code   RO         7083    .text               mf_w.l(depilogue.o)
    0x080006cc   0x080006cc   0x00000024   Code   RO         7091    .text               mc_w.l(init.o)
    0x080006f0   0x080006f0   0x0000001c   Code   RO         7095    .text               mc_w.l(_chval.o)
    0x0800070c   0x0800070c   0x00000056   Code   RO         7105    .text               mc_w.l(__dczerorl2.o)
    0x08000762   0x08000762   0x00000040   Code   RO          797    i.Cmd_Write_BH1750  bh1750.o
    0x080007a2   0x080007a2   0x00000002   PAD
    0x080007a4   0x080007a4   0x00000070   Code   RO          798    i.Convert_BH1750    bh1750.o
    0x08000814   0x08000814   0x00000034   Code   RO          249    i.DelayInit         delay.o
    0x08000848   0x08000848   0x00000020   Code   RO         4020    i.HAL_Delay         stm32l4xx_hal.o
    0x08000868   0x08000868   0x000001cc   Code   RO         4509    i.HAL_GPIO_Init     stm32l4xx_hal_gpio.o
    0x08000a34   0x08000a34   0x00000010   Code   RO         4511    i.HAL_GPIO_ReadPin  stm32l4xx_hal_gpio.o
    0x08000a44   0x08000a44   0x0000000a   Code   RO         4513    i.HAL_GPIO_WritePin  stm32l4xx_hal_gpio.o
    0x08000a4e   0x08000a4e   0x00000008   Code   RO          501    i.HAL_GetTick       sys_init.o
    0x08000a56   0x08000a56   0x0000006a   Code   RO         4452    i.HAL_I2CEx_ConfigAnalogFilter  stm32l4xx_hal_i2c_ex.o
    0x08000ac0   0x08000ac0   0x0000006a   Code   RO         4453    i.HAL_I2CEx_ConfigDigitalFilter  stm32l4xx_hal_i2c_ex.o
    0x08000b2a   0x08000b2a   0x00000002   PAD
    0x08000b2c   0x08000b2c   0x000000c4   Code   RO         6285    i.HAL_I2C_Init      stm32l4xx_hal_i2c.o
    0x08000bf0   0x08000bf0   0x00000058   Code   RO          297    i.HAL_I2C_MspInit   i2c.o
    0x08000c48   0x08000c48   0x00000016   Code   RO         4029    i.HAL_Init          stm32l4xx_hal.o
    0x08000c5e   0x08000c5e   0x00000002   PAD
    0x08000c60   0x08000c60   0x00000028   Code   RO         4030    i.HAL_InitTick      stm32l4xx_hal.o
    0x08000c88   0x08000c88   0x00000002   Code   RO         4032    i.HAL_MspInit       stm32l4xx_hal.o
    0x08000c8a   0x08000c8a   0x0000001a   Code   RO         6044    i.HAL_NVIC_EnableIRQ  stm32l4xx_hal_cortex.o
    0x08000ca4   0x08000ca4   0x00000082   Code   RO         6050    i.HAL_NVIC_SetPriority  stm32l4xx_hal_cortex.o
    0x08000d26   0x08000d26   0x00000002   PAD
    0x08000d28   0x08000d28   0x00000028   Code   RO         6051    i.HAL_NVIC_SetPriorityGrouping  stm32l4xx_hal_cortex.o
    0x08000d50   0x08000d50   0x0000008c   Code   RO         4979    i.HAL_PWREx_ControlVoltageScaling  stm32l4xx_hal_pwr_ex.o
    0x08000ddc   0x08000ddc   0x00000010   Code   RO         5002    i.HAL_PWREx_GetVoltageRange  stm32l4xx_hal_pwr_ex.o
    0x08000dec   0x08000dec   0x00000388   Code   RO         4708    i.HAL_RCCEx_PeriphCLKConfig  stm32l4xx_hal_rcc_ex.o
    0x08001174   0x08001174   0x000001dc   Code   RO         4878    i.HAL_RCC_ClockConfig  stm32l4xx_hal_rcc.o
    0x08001350   0x08001350   0x0000000c   Code   RO         4882    i.HAL_RCC_GetHCLKFreq  stm32l4xx_hal_rcc.o
    0x0800135c   0x0800135c   0x00000020   Code   RO         4884    i.HAL_RCC_GetPCLK1Freq  stm32l4xx_hal_rcc.o
    0x0800137c   0x0800137c   0x00000020   Code   RO         4885    i.HAL_RCC_GetPCLK2Freq  stm32l4xx_hal_rcc.o
    0x0800139c   0x0800139c   0x0000010c   Code   RO         4886    i.HAL_RCC_GetSysClockFreq  stm32l4xx_hal_rcc.o
    0x080014a8   0x080014a8   0x00000694   Code   RO         4889    i.HAL_RCC_OscConfig  stm32l4xx_hal_rcc.o
    0x08001b3c   0x08001b3c   0x00000034   Code   RO         6055    i.HAL_SYSTICK_Config  stm32l4xx_hal_cortex.o
    0x08001b70   0x08001b70   0x00000078   Code   RO         5622    i.HAL_UART_Init     stm32l4xx_hal_uart.o
    0x08001be8   0x08001be8   0x0000011c   Code   RO         3075    i.HAL_UART_MspInit  usart.o
    0x08001d04   0x08001d04   0x000000f0   Code   RO         5630    i.HAL_UART_Transmit  stm32l4xx_hal_uart.o
    0x08001df4   0x08001df4   0x00000018   Code   RO         3128    i.HardWare_Init     main.o
    0x08001e0c   0x08001e0c   0x00000058   Code   RO          799    i.I2C_Ack           bh1750.o
    0x08001e64   0x08001e64   0x00000058   Code   RO          801    i.I2C_InitGPIO      bh1750.o
    0x08001ebc   0x08001ebc   0x00000058   Code   RO          802    i.I2C_NAck          bh1750.o
    0x08001f14   0x08001f14   0x00000070   Code   RO          803    i.I2C_ReadByte      bh1750.o
    0x08001f84   0x08001f84   0x00000080   Code   RO          804    i.I2C_SendByte      bh1750.o
    0x08002004   0x08002004   0x00000058   Code   RO          805    i.I2C_Start         bh1750.o
    0x0800205c   0x0800205c   0x00000058   Code   RO          806    i.I2C_Stop          bh1750.o
    0x080020b4   0x080020b4   0x0000006c   Code   RO          807    i.I2C_WaitAck       bh1750.o
    0x08002120   0x08002120   0x00000034   Code   RO          652    i.IIC_Start         oled.o
    0x08002154   0x08002154   0x00000028   Code   RO          653    i.IIC_Stop          oled.o
    0x0800217c   0x0800217c   0x00000020   Code   RO          654    i.IIC_Wait_Ack      oled.o
    0x0800219c   0x0800219c   0x0000000e   Code   RO          808    i.Init_BH1750       bh1750.o
    0x080021aa   0x080021aa   0x0000001c   Code   RO         2682    i.LOS_Align         los_misc.o
    0x080021c6   0x080021c6   0x00000002   PAD
    0x080021c8   0x080021c8   0x00000044   Code   RO         2712    i.LOS_ErrHandle     los_err.o
    0x0800220c   0x0800220c   0x000000c0   Code   RO         3003    i.LOS_HwiCreate     los_hwi.o
    0x080022cc   0x080022cc   0x000000ec   Code   RO         2745    i.LOS_KernelInit    los_init.o
    0x080023b8   0x080023b8   0x0000000e   Code   RO         1559    i.LOS_ListAdd       los_task.o
    0x080023c6   0x080023c6   0x0000000e   Code   RO         2009    i.LOS_ListAdd       los_mux.o
    0x080023d4   0x080023d4   0x0000000e   Code   RO         2098    i.LOS_ListAdd       los_queue.o
    0x080023e2   0x080023e2   0x0000000e   Code   RO         2231    i.LOS_ListAdd       los_sem.o
    0x080023f0   0x080023f0   0x00000014   Code   RO         1560    i.LOS_ListDelete    los_task.o
    0x08002404   0x08002404   0x00000010   Code   RO         1392    i.LOS_ListEmpty     los_priqueue.o
    0x08002414   0x08002414   0x00000010   Code   RO         1561    i.LOS_ListEmpty     los_task.o
    0x08002424   0x08002424   0x00000010   Code   RO         2010    i.LOS_ListEmpty     los_mux.o
    0x08002434   0x08002434   0x00000010   Code   RO         2232    i.LOS_ListEmpty     los_sem.o
    0x08002444   0x08002444   0x00000006   Code   RO         1562    i.LOS_ListInit      los_task.o
    0x0800244a   0x0800244a   0x00000006   Code   RO         2011    i.LOS_ListInit      los_mux.o
    0x08002450   0x08002450   0x00000006   Code   RO         2100    i.LOS_ListInit      los_queue.o
    0x08002456   0x08002456   0x00000006   Code   RO         2233    i.LOS_ListInit      los_sem.o
    0x0800245c   0x0800245c   0x00000010   Code   RO         1563    i.LOS_ListTailInsert  los_task.o
    0x0800246c   0x0800246c   0x0000001e   Code   RO         2389    i.LOS_MemAlloc      los_memory.o
    0x0800248a   0x0800248a   0x00000014   Code   RO         2390    i.LOS_MemAllocAlign  los_memory.o
    0x0800249e   0x0800249e   0x00000026   Code   RO         2392    i.LOS_MemFree       los_memory.o
    0x080024c4   0x080024c4   0x000000f2   Code   RO         2394    i.LOS_MemInit       los_memory.o
    0x080025b6   0x080025b6   0x00000002   PAD
    0x080025b8   0x080025b8   0x00000020   Code   RO         2395    i.LOS_MemPoolList   los_memory.o
    0x080025d8   0x080025d8   0x000000a4   Code   RO         2012    i.LOS_MuxCreate     los_mux.o
    0x0800267c   0x0800267c   0x000000a8   Code   RO         2013    i.LOS_MuxDelete     los_mux.o
    0x08002724   0x08002724   0x0000018c   Code   RO         2014    i.LOS_MuxPend       los_mux.o
    0x080028b0   0x080028b0   0x000000f0   Code   RO         2015    i.LOS_MuxPost       los_mux.o
    0x080029a0   0x080029a0   0x00000040   Code   RO         2909    i.LOS_Schedule      los_hw.o
    0x080029e0   0x080029e0   0x000000a0   Code   RO         2235    i.LOS_SemDelete     los_sem.o
    0x08002a80   0x08002a80   0x0000017c   Code   RO         2236    i.LOS_SemPend       los_sem.o
    0x08002bfc   0x08002bfc   0x000000bc   Code   RO         2237    i.LOS_SemPost       los_sem.o
    0x08002cb8   0x08002cb8   0x00000044   Code   RO         2747    i.LOS_Start         los_init.o
    0x08002cfc   0x08002cfc   0x0000009c   Code   RO         1566    i.LOS_TaskCreate    los_task.o
    0x08002d98   0x08002d98   0x0000018e   Code   RO         1567    i.LOS_TaskCreateOnly  los_task.o
    0x08002f26   0x08002f26   0x00000002   PAD
    0x08002f28   0x08002f28   0x0000007c   Code   RO         1568    i.LOS_TaskDelay     los_task.o
    0x08002fa4   0x08002fa4   0x00000178   Code   RO         1569    i.LOS_TaskDelete    los_task.o
    0x0800311c   0x0800311c   0x00000094   Code   RO         1582    i.LOS_TaskYield     los_task.o
    0x080031b0   0x080031b0   0x0000000c   Code   RO         1502    i.LOS_TickCountGet  los_sys.o
    0x080031bc   0x080031bc   0x00000158   Code   RO          218    i.MX_GPIO_Init      gpio.o
    0x08003314   0x08003314   0x00000074   Code   RO          298    i.MX_I2C1_Init      i2c.o
    0x08003388   0x08003388   0x00000010   Code   RO         6057    i.NVIC_GetPriorityGrouping  stm32l4xx_hal_cortex.o
    0x08003398   0x08003398   0x00000028   Code   RO         6058    i.NVIC_SetPriority  stm32l4xx_hal_cortex.o
    0x080033c0   0x080033c0   0x0000003e   Code   RO          655    i.OLED_Clear        oled.o
    0x080033fe   0x080033fe   0x000000c6   Code   RO          659    i.OLED_Init         oled.o
    0x080034c4   0x080034c4   0x00000028   Code   RO          661    i.OLED_Set_Pos      oled.o
    0x080034ec   0x080034ec   0x00000068   Code   RO          662    i.OLED_ShowCHinese  oled.o
    0x08003554   0x08003554   0x000000a4   Code   RO          663    i.OLED_ShowChar     oled.o
    0x080035f8   0x080035f8   0x0000003a   Code   RO          665    i.OLED_ShowString   oled.o
    0x08003632   0x08003632   0x00000018   Code   RO          666    i.OLED_WR_Byte      oled.o
    0x0800364a   0x0800364a   0x00000002   PAD
    0x0800364c   0x0800364c   0x0000018c   Code   RO         4711    i.RCCEx_PLLSAI1_Config  stm32l4xx_hal_rcc_ex.o
    0x080037d8   0x080037d8   0x000000a0   Code   RO         4890    i.RCC_SetFlashLatencyFromMSIRange  stm32l4xx_hal_rcc.o
    0x08003878   0x08003878   0x0000004c   Code   RO          809    i.Read_BH1750       bh1750.o
    0x080038c4   0x080038c4   0x00000010   Code   RO          810    i.Start_BH1750      bh1750.o
    0x080038d4   0x080038d4   0x000000e4   Code   RO          502    i.SystemClock_Config  sys_init.o
    0x080039b8   0x080039b8   0x00000050   Code   RO           13    i.SystemInit        system_stm32l4xx.o
    0x08003a08   0x08003a08   0x000000f8   Code   RO         5635    i.UART_AdvFeatureConfig  stm32l4xx_hal_uart.o
    0x08003b00   0x08003b00   0x00000074   Code   RO         5636    i.UART_CheckIdleState  stm32l4xx_hal_uart.o
    0x08003b74   0x08003b74   0x000003f6   Code   RO         5651    i.UART_SetConfig    stm32l4xx_hal_uart.o
    0x08003f6a   0x08003f6a   0x0000006c   Code   RO         5653    i.UART_WaitOnFlagUntilTimeout  stm32l4xx_hal_uart.o
    0x08003fd6   0x08003fd6   0x00000002   PAD
    0x08003fd8   0x08003fd8   0x00000064   Code   RO          667    i.Write_IIC_Byte    oled.o
    0x0800403c   0x0800403c   0x0000002c   Code   RO          668    i.Write_IIC_Command  oled.o
    0x08004068   0x08004068   0x0000002c   Code   RO          669    i.Write_IIC_Data    oled.o
    0x08004094   0x08004094   0x00000004   Code   RO          503    i._Error_Handler    sys_init.o
    0x08004098   0x08004098   0x00000020   Code   RO         6955    i.__0printf$8       mc_w.l(printf8.o)
    0x080040b8   0x080040b8   0x00000030   Code   RO         6956    i.__0snprintf$8     mc_w.l(printf8.o)
    0x080040e8   0x080040e8   0x00000028   Code   RO         6957    i.__0sprintf$8      mc_w.l(printf8.o)
    0x08004110   0x08004110   0x00000008   Code   RO         7071    i.__aeabi_errno_addr  mc_w.l(errno.o)
    0x08004118   0x08004118   0x00000078   Code   RO         3329    i.__atio_debug      uart_at.o
    0x08004190   0x08004190   0x00000030   Code   RO         3433    i.__cmd_clear       at.o
    0x080041c0   0x080041c0   0x0000005a   Code   RO         3434    i.__cmd_create      at.o
    0x0800421a   0x0800421a   0x00000002   PAD
    0x0800421c   0x0800421c   0x00000064   Code   RO         3435    i.__cmd_match       at.o
    0x08004280   0x08004280   0x000000a8   Code   RO         3436    i.__cmd_send        at.o
    0x08004328   0x08004328   0x00000054   Code   RO         3437    i.__oob_match       at.o
    0x0800437c   0x0800437c   0x00000060   Code   RO         3438    i.__rcv_task_entry  at.o
    0x080043dc   0x080043dc   0x000000a8   Code   RO         3439    i.__resp_rcv        at.o
    0x08004484   0x08004484   0x0000000e   Code   RO         7099    i.__scatterload_copy  mc_w.l(handlers.o)
    0x08004492   0x08004492   0x00000002   Code   RO         7100    i.__scatterload_null  mc_w.l(handlers.o)
    0x08004494   0x08004494   0x0000000e   Code   RO         7101    i.__scatterload_zeroinit  mc_w.l(handlers.o)
    0x080044a2   0x080044a2   0x00000002   PAD
    0x080044a4   0x080044a4   0x00000416   Code   RO         6962    i._printf_core      mc_w.l(printf8.o)
    0x080048ba   0x080048ba   0x00000024   Code   RO         6963    i._printf_post_padding  mc_w.l(printf8.o)
    0x080048de   0x080048de   0x0000002e   Code   RO         6964    i._printf_pre_padding  mc_w.l(printf8.o)
    0x0800490c   0x0800490c   0x00000016   Code   RO         6965    i._snputc           mc_w.l(printf8.o)
    0x08004922   0x08004922   0x0000000a   Code   RO         6966    i._sputc            mc_w.l(printf8.o)
    0x0800492c   0x0800492c   0x00000054   Code   RO         3188    i.app_main          app.o
    0x08004980   0x08004980   0x0000006a   Code   RO         3440    i.at_command        at.o
    0x080049ea   0x080049ea   0x00000002   PAD
    0x080049ec   0x080049ec   0x00000164   Code   RO         3441    i.at_install        at.o
    0x08004b50   0x08004b50   0x0000003c   Code   RO         3442    i.at_oobregister    at.o
    0x08004b8c   0x08004b8c   0x000000d8   Code   RO         3330    i.atio_irq          uart_at.o
    0x08004c64   0x08004c64   0x00000038   Code   RO         3247    i.bc95_atcmd        bc95.o
    0x08004c9c   0x08004c9c   0x0000009c   Code   RO         3248    i.bc95_csq          bc95.o
    0x08004d38   0x08004d38   0x00000064   Code   RO         3249    i.bc95_hex_to_str   bc95.o
    0x08004d9c   0x08004d9c   0x00000248   Code   RO         3250    i.bc95_init         bc95.o
    0x08004fe4   0x08004fe4   0x00000158   Code   RO         3251    i.bc95_rcvdeal      bc95.o
    0x0800513c   0x0800513c   0x0000000c   Code   RO         3252    i.bc95_regester_receivehandle  bc95.o
    0x08005148   0x08005148   0x000000ba   Code   RO         3253    i.bc95_send         bc95.o
    0x08005202   0x08005202   0x00000002   PAD
    0x08005204   0x08005204   0x00000040   Code   RO         3254    i.bc95_str_to_hex   bc95.o
    0x08005244   0x08005244   0x000000ac   Code   RO         3189    i.deal_rcvmsg       app.o
    0x080052f0   0x080052f0   0x00000028   Code   RO          251    i.delay_ms          delay.o
    0x08005318   0x08005318   0x0000002c   Code   RO          252    i.delay_us          delay.o
    0x08005344   0x08005344   0x00000038   Code   RO         3388    i.fgetc             uart_debug.o
    0x0800537c   0x0800537c   0x0000001c   Code   RO         3389    i.fputc             uart_debug.o
    0x08005398   0x08005398   0x00000004   Code   RO         6720    i.getc              mc_w.l(getc.o)
    0x0800539c   0x0800539c   0x0000006c   Code   RO         3129    i.led_display       main.o
    0x08005408   0x08005408   0x00000014   Code   RO         3130    i.led_off           main.o
    0x0800541c   0x0800541c   0x00000014   Code   RO         3131    i.led_on            main.o
    0x08005430   0x08005430   0x00000064   Code   RO         3132    i.main              main.o
    0x08005494   0x08005494   0x00000014   Code   RO         3720    i.mutex_create      mutex.o
    0x080054a8   0x080054a8   0x00000014   Code   RO         3721    i.mutex_del         mutex.o
    0x080054bc   0x080054bc   0x00000018   Code   RO         3722    i.mutex_lock        mutex.o
    0x080054d4   0x080054d4   0x00000014   Code   RO         3723    i.mutex_unlock      mutex.o
    0x080054e8   0x080054e8   0x00000044   Code   RO         2314    i.osAlarmHeapInfo   los_heap.o
    0x0800552c   0x0800552c   0x000000b8   Code   RO         1583    i.osConvertTskStatus  los_task.o
    0x080055e4   0x080055e4   0x000000f4   Code   RO         1584    i.osGetAllTskInfo   los_task.o
    0x080056d8   0x080056d8   0x000000d8   Code   RO         1585    i.osGetTaskWaterLine  los_task.o
    0x080057b0   0x080057b0   0x0000016e   Code   RO         2315    i.osHeapAlloc       los_heap.o
    0x0800591e   0x0800591e   0x0000005a   Code   RO         2316    i.osHeapAllocAlign  los_heap.o
    0x08005978   0x08005978   0x00000146   Code   RO         2317    i.osHeapFree        los_heap.o
    0x08005abe   0x08005abe   0x00000044   Code   RO         2320    i.osHeapInit        los_heap.o
    0x08005b02   0x08005b02   0x0000001a   Code   RO         2321    i.osHeapPrvGetNext  los_heap.o
    0x08005b1c   0x08005b1c   0x00000064   Code   RO         2322    i.osHeapStatisticsGet  los_heap.o
    0x08005b80   0x08005b80   0x0000003c   Code   RO         3005    i.osHwiDefaultHandler  los_hwi.o
    0x08005bbc   0x08005bbc   0x0000004c   Code   RO         3006    i.osHwiInit         los_hwi.o
    0x08005c08   0x08005c08   0x00000004   Code   RO         1586    i.osIdleTask        los_task.o
    0x08005c0c   0x08005c0c   0x0000004c   Code   RO         1587    i.osIdleTaskCreate  los_task.o
    0x08005c58   0x08005c58   0x00000008   Code   RO         3007    i.osIntNumGet       los_hwi.o
    0x08005c60   0x08005c60   0x00000050   Code   RO         3008    i.osInterrupt       los_hwi.o
    0x08005cb0   0x08005cb0   0x00000028   Code   RO         2398    i.osMemSystemInit   los_memory.o
    0x08005cd8   0x08005cd8   0x00000064   Code   RO         2016    i.osMuxInit         los_mux.o
    0x08005d3c   0x08005d3c   0x0000004c   Code   RO         1393    i.osPriqueueDequeue  los_priqueue.o
    0x08005d88   0x08005d88   0x00000048   Code   RO         1394    i.osPriqueueEnqueue  los_priqueue.o
    0x08005dd0   0x08005dd0   0x00000048   Code   RO         1395    i.osPriqueueInit    los_priqueue.o
    0x08005e18   0x08005e18   0x00000028   Code   RO         1396    i.osPriqueueSize    los_priqueue.o
    0x08005e40   0x08005e40   0x00000028   Code   RO         1397    i.osPriqueueTop     los_priqueue.o
    0x08005e68   0x08005e68   0x00000070   Code   RO         2111    i.osQueueInit       los_queue.o
    0x08005ed8   0x08005ed8   0x0000000c   Code   RO         2749    i.osRegister        los_init.o
    0x08005ee4   0x08005ee4   0x00000008   Code   RO         2911    i.osSchedule        los_hw.o
    0x08005eec   0x08005eec   0x000000c2   Code   RO         2238    i.osSemCreate       los_sem.o
    0x08005fae   0x08005fae   0x00000002   PAD
    0x08005fb0   0x08005fb0   0x00000060   Code   RO         2239    i.osSemInit         los_sem.o
    0x08006010   0x08006010   0x000000c0   Code   RO         1588    i.osTaskAdd2TimerList  los_task.o
    0x080060d0   0x080060d0   0x00000030   Code   RO         1589    i.osTaskEntry       los_task.o
    0x08006100   0x08006100   0x00000006   Code   RO         2912    i.osTaskExit        los_hw.o
    0x08006106   0x08006106   0x00000002   PAD
    0x08006108   0x08006108   0x00000128   Code   RO         1590    i.osTaskInit        los_task.o
    0x08006230   0x08006230   0x00000030   Code   RO         1591    i.osTaskMonInit     los_task.o
    0x08006260   0x08006260   0x00000038   Code   RO         1592    i.osTaskPriModify   los_task.o
    0x08006298   0x08006298   0x000000dc   Code   RO         1593    i.osTaskScan        los_task.o
    0x08006374   0x08006374   0x00000184   Code   RO         1594    i.osTaskSwitchCheck  los_task.o
    0x080064f8   0x080064f8   0x0000004c   Code   RO         1595    i.osTaskWait        los_task.o
    0x08006544   0x08006544   0x00000046   Code   RO         1596    i.osTaskWake        los_task.o
    0x0800658a   0x0800658a   0x00000002   PAD
    0x0800658c   0x0800658c   0x00000024   Code   RO         1853    i.osTickHandler     los_tick.o
    0x080065b0   0x080065b0   0x000000d0   Code   RO         2960    i.osTickStart       los_hw_tick.o
    0x08006680   0x08006680   0x00000048   Code   RO         1597    i.osTimerListDelete  los_task.o
    0x080066c8   0x080066c8   0x0000004c   Code   RO         1897    i.osTimesliceCheck  los_timeslice.o
    0x08006714   0x08006714   0x00000010   Code   RO         1898    i.osTimesliceInit   los_timeslice.o
    0x08006724   0x08006724   0x00000090   Code   RO         2913    i.osTskStackInit    los_hw.o
    0x080067b4   0x080067b4   0x00000030   Code   RO         3834    i.os_shell_version  shell_cmd.o
    0x080067e4   0x080067e4   0x00000004   Code   RO         6722    i.putc              mc_w.l(putc.o)
    0x080067e8   0x080067e8   0x00000098   Code   RO         3190    i.report_light_intensity  app.o
    0x08006880   0x08006880   0x0000008c   Code   RO         3191    i.report_light_state  app.o
    0x0800690c   0x0800690c   0x000000b0   Code   RO         3192    i.report_net_csq    app.o
    0x080069bc   0x080069bc   0x0000000c   Code   RO         3606    i.ring_datalen      ring.o
    0x080069c8   0x080069c8   0x0000001c   Code   RO         3608    i.ring_init         ring.o
    0x080069e4   0x080069e4   0x000000aa   Code   RO         3609    i.ring_read         ring.o
    0x08006a8e   0x08006a8e   0x00000012   Code   RO         3610    i.ring_reset        ring.o
    0x08006aa0   0x08006aa0   0x000000ee   Code   RO         3611    i.ring_write        ring.o
    0x08006b8e   0x08006b8e   0x0000001c   Code   RO         3762    i.semp_create       sem.o
    0x08006baa   0x08006baa   0x00000014   Code   RO         3763    i.semp_del          sem.o
    0x08006bbe   0x08006bbe   0x00000018   Code   RO         3764    i.semp_pend         sem.o
    0x08006bd6   0x08006bd6   0x00000014   Code   RO         3765    i.semp_post         sem.o
    0x08006bea   0x08006bea   0x00000002   PAD
    0x08006bec   0x08006bec   0x00000070   Code   RO         3193    i.shell_appreport   app.o
    0x08006c5c   0x08006c5c   0x000000d0   Code   RO         3194    i.shell_appsend     app.o
    0x08006d2c   0x08006d2c   0x000000c8   Code   RO         3444    i.shell_at          at.o
    0x08006df4   0x08006df4   0x000000ec   Code   RO         3445    i.shell_atdebug     at.o
    0x08006ee0   0x08006ee0   0x00000080   Code   RO         3255    i.shell_bc95send    bc95.o
    0x08006f60   0x08006f60   0x0000000a   Code   RO         3895    i.shell_bell        shell_main.o
    0x08006f6a   0x08006f6a   0x0000006a   Code   RO         3896    i.shell_cachecmd    shell_main.o
    0x08006fd4   0x08006fd4   0x000000e0   Code   RO         3835    i.shell_cmd_execute  shell_cmd.o
    0x080070b4   0x080070b4   0x0000012e   Code   RO         3836    i.shell_cmd_help    shell_cmd.o
    0x080071e2   0x080071e2   0x00000002   PAD
    0x080071e4   0x080071e4   0x000000b8   Code   RO         3837    i.shell_cmd_index   shell_cmd.o
    0x0800729c   0x0800729c   0x00000028   Code   RO         3838    i.shell_cmd_init    shell_cmd.o
    0x080072c4   0x080072c4   0x00000060   Code   RO         3839    i.shell_cmd_match   shell_cmd.o
    0x08007324   0x08007324   0x00000010   Code   RO         3897    i.shell_get_char    shell_main.o
    0x08007334   0x08007334   0x0000000e   Code   RO         3982    i.shell_heapinfo    shell_test.o
    0x08007342   0x08007342   0x0000006e   Code   RO         3898    i.shell_insert_string  shell_main.o
    0x080073b0   0x080073b0   0x00000034   Code   RO         3899    i.shell_install     shell_main.o
    0x080073e4   0x080073e4   0x00000018   Code   RO         3900    i.shell_moves_cursor_left  shell_main.o
    0x080073fc   0x080073fc   0x00000034   Code   RO         3901    i.shell_moves_cursor_right  shell_main.o
    0x08007430   0x08007430   0x00000020   Code   RO         3902    i.shell_put_backspace  shell_main.o
    0x08007450   0x08007450   0x00000014   Code   RO         3903    i.shell_put_char    shell_main.o
    0x08007464   0x08007464   0x00000018   Code   RO         3904    i.shell_put_index   shell_main.o
    0x0800747c   0x0800747c   0x00000018   Code   RO         3905    i.shell_put_space   shell_main.o
    0x08007494   0x08007494   0x00000020   Code   RO         3906    i.shell_put_string  shell_main.o
    0x080074b4   0x080074b4   0x00000384   Code   RO         3907    i.shell_server_entry  shell_main.o
    0x08007838   0x08007838   0x0000000e   Code   RO         3983    i.shell_taskinfo    shell_test.o
    0x08007846   0x08007846   0x00000076   Code   RO         3660    i.string2arg        string.o
    0x080078bc   0x080078bc   0x00000050   Code   RO         3804    i.task_create       task.o
    0x0800790c   0x0800790c   0x0000000c   Code   RO         3805    i.task_sleepms      task.o
    0x08007918   0x08007918   0x000000e8   Code   RO         3331    i.uart_at_init      uart_at.o
    0x08007a00   0x08007a00   0x000000ba   Code   RO         3332    i.uart_at_receive   uart_at.o
    0x08007aba   0x08007aba   0x00000002   PAD
    0x08007abc   0x08007abc   0x0000003c   Code   RO         3333    i.uart_at_send      uart_at.o
    0x08007af8   0x08007af8   0x000000a8   Code   RO         3390    i.uart_debug_init   uart_debug.o
    0x08007ba0   0x08007ba0   0x00000050   Code   RO         3391    i.uart_debug_irq    uart_debug.o
    0x08007bf0   0x08007bf0   0x00000048   Data   RO           14    .constdata          system_stm32l4xx.o
    0x08007c38   0x08007c38   0x00000818   Data   RO          672    .constdata          oled.o
    0x08008450   0x08008450   0x00000014   Data   RO         3010    .constdata          los_hwi.o
    0x08008464   0x08008464   0x00000034   Data   RO         3195    .constdata          app.o
    0x08008498   0x08008498   0x0000001c   Data   RO         3257    .constdata          bc95.o
    0x080084b4   0x080084b4   0x0000000d   Data   RO         3336    .constdata          uart_at.o
    0x080084c1   0x080084c1   0x0000000b   Data   RO         3447    .constdata          at.o
    0x080084cc   0x080084cc   0x00000081   Data   RO         7044    .constdata          mc_w.l(ctype_o.o)
    0x0800854d   0x0800854d   0x00000003   PAD
    0x08008550   0x08008550   0x00000004   Data   RO         7045    .constdata          mc_w.l(ctype_o.o)
    0x08008554   0x08008554   0x000000e9   Data   RO         1599    .conststring        los_task.o
    0x0800863d   0x0800863d   0x00000003   PAD
    0x08008640   0x08008640   0x000000a1   Data   RO         2323    .conststring        los_heap.o
    0x080086e1   0x080086e1   0x00000003   PAD
    0x080086e4   0x080086e4   0x00000042   Data   RO         3337    .conststring        uart_at.o
    0x08008726   0x08008726   0x00000002   PAD
    0x08008728   0x08008728   0x00000008   Data   RO         3841    .conststring        shell_cmd.o
    0x08008730   0x08008730   0x00000018   Data   RO         3908    .conststring        shell_main.o
    0x08008748   0x08008748   0x0000004f   Data   RO         3196    .conststrlit        app.o
    0x08008797   0x08008797   0x00000001   PAD
    0x08008798   0x08008798   0x0000001a   Data   RO         3258    .conststrlit        bc95.o
    0x080087b2   0x080087b2   0x00000002   PAD
    0x080087b4   0x080087b4   0x0000000b   Data   RO         3338    .conststrlit        uart_at.o
    0x080087bf   0x080087bf   0x00000001   PAD
    0x080087c0   0x080087c0   0x00000049   Data   RO         3448    .conststrlit        at.o
    0x08008809   0x08008809   0x00000003   PAD
    0x0800880c   0x0800880c   0x00000015   Data   RO         3842    .conststrlit        shell_cmd.o
    0x08008821   0x08008821   0x00000003   PAD
    0x08008824   0x08008824   0x00000015   Data   RO         3984    .conststrlit        shell_test.o
    0x08008839   0x08008839   0x00000003   PAD
    0x0800883c   0x0800883c   0x00000008   Data   RO            3    LOS_HEAP_INFO       los_startup_keil.o
    0x08008844   0x08008844   0x00000030   Data   RO         7097    Region$$Table       anon$$obj.o
    0x08008874   0x08008874   0x00000020   Data   RO         3198    oshell              app.o
    0x08008894   0x08008894   0x00000010   Data   RO         3259    oshell              bc95.o
    0x080088a4   0x080088a4   0x00000010   Data   RO         3340    oshell              uart_at.o
    0x080088b4   0x080088b4   0x00000020   Data   RO         3449    oshell              at.o
    0x080088d4   0x080088d4   0x00000020   Data   RO         3844    oshell              shell_cmd.o
    0x080088f4   0x080088f4   0x00000020   Data   RO         3985    oshell              shell_test.o


    Execution Region VECTOR (Exec base: 0x20000000, Load base: 0x08008914, Size: 0x00000400, Max: 0x00000400, ABSOLUTE, COMPRESSED[0x00000018])

    Exec Addr    Load Addr    Size         Type   Attr      Idx    E Section Name        Object

    0x20000000   COMPRESSED   0x00000400   Data   RW         3012    .data.vector        los_hwi.o


    Execution Region RW_IRAM1 (Exec base: 0x20000400, Load base: 0x0800892c, Size: 0x000015a0, Max: 0x0000f800, ABSOLUTE, COMPRESSED[0x000000cc])

    Exec Addr    Load Addr    Size         Type   Attr      Idx    E Section Name        Object

    0x20000400   COMPRESSED   0x00000004   Data   RW           15    .data               system_stm32l4xx.o
    0x20000404   COMPRESSED   0x00000004   Data   RW          253    .data               delay.o
    0x20000408   COMPRESSED   0x00000180   Data   RW          673    .data               oled.o
    0x20000588   COMPRESSED   0x00000008   Data   RW          811    .data               bh1750.o
    0x20000590   COMPRESSED   0x00000008   Data   RW         1399    .data               los_priqueue.o
    0x20000598   COMPRESSED   0x00000048   Data   RW         1600    .data               los_task.o
    0x200005e0   COMPRESSED   0x0000001c   Data   RW         1854    .data               los_tick.o
    0x200005fc   COMPRESSED   0x00000008   Data   RW         1899    .data               los_timeslice.o
    0x20000604   COMPRESSED   0x0000000c   Data   RW         2017    .data               los_mux.o
    0x20000610   COMPRESSED   0x0000000c   Data   RW         2117    .data               los_queue.o
    0x2000061c   COMPRESSED   0x0000000c   Data   RW         2240    .data               los_sem.o
    0x20000628   COMPRESSED   0x00000010   Data   RW         2324    .data               los_heap.o
    0x20000638   COMPRESSED   0x00000004   Data   RW         2400    .data               los_memory.o
    0x2000063c   COMPRESSED   0x00000004   Data   RW         2713    .data               los_err.o
    0x20000640   COMPRESSED   0x00000004   Data   RW         2750    .data               los_init.o
    0x20000644   COMPRESSED   0x00000004   Data   RW         3011    .data               los_hwi.o
    0x20000648   COMPRESSED   0x0000000c   Data   RW         3197    .data               app.o
    0x20000654   COMPRESSED   0x00000008   Data   RW         3339    .data               uart_at.o
    0x2000065c   COMPRESSED   0x0000000c   Data   RW         3393    .data               uart_debug.o
    0x20000668   COMPRESSED   0x00000008   Data   RW         3843    .data               shell_cmd.o
    0x20000670   COMPRESSED   0x00000004   Data   RW         3909    .data               shell_main.o
    0x20000674   COMPRESSED   0x00000004   Data   RW         6724    .data               mc_w.l(stdin.o)
    0x20000678   COMPRESSED   0x00000004   Data   RW         6725    .data               mc_w.l(stdout.o)
    0x2000067c   COMPRESSED   0x00000004   Data   RW         7074    .data               mc_w.l(errno.o)
    0x20000680        -       0x0000004c   Zero   RW          299    .bss                i2c.o
    0x200006cc        -       0x00000156   Zero   RW         1598    .bss                los_task.o
    0x20000822   COMPRESSED   0x00000002   PAD
    0x20000824        -       0x00000400   Zero   RW         3009    .bss                los_hwi.o
    0x20000c24        -       0x00000110   Zero   RW         3256    .bss                bc95.o
    0x20000d34        -       0x000003ac   Zero   RW         3335    .bss                uart_at.o
    0x200010e0        -       0x00000108   Zero   RW         3392    .bss                uart_debug.o
    0x200011e8        -       0x00000364   Zero   RW         3446    .bss                at.o
    0x2000154c        -       0x00000054   Zero   RW         3840    .bss                shell_cmd.o
    0x200015a0        -       0x00000400   Zero   RW            2    LOS_HEAP            los_startup_keil.o


    Execution Region ARM_LIB_STACKHEAP (Exec base: 0x2000fc00, Load base: 0x080089f8, Size: 0x00000400, Max: 0x00000400, ABSOLUTE)

    Exec Addr    Load Addr    Size         Type   Attr      Idx    E Section Name        Object

    0x2000fc00        -       0x00000400   Zero   RW            1    ARM_LIB_STACKHEAP.bss  anon$$obj.o


==============================================================================

Image component sizes


      Code (inc. data)   RO Data    RW Data    ZI Data      Debug   Object Name

      1044        414        163         12          0       5511   app.o
      1712        426        116          0        868      10423   at.o
      1630        612         70          0        272       7929   bc95.o
      1070         74          0          8          0       8082   bh1750.o
       136         40          0          4          0       1666   delay.o
       344         18          0          0          0       1047   gpio.o
       204         42          0          0         76       1641   i2c.o
       258         24          0          0          0        424   los_dispatch_keil.o
        68         10          0          4          0       2398   los_err.o
      1044        118        161         16          0       7334   los_heap.o
       222         18          0          0          0       2842   los_hw.o
       208         46          0          0          0      27517   los_hw_tick.o
       416         86         20       1028       1024      37475   los_hwi.o
       316        118          0          4          0       2364   los_init.o
       402         74          0          4          0       4805   los_memory.o
        28          0          0          0          0        632   los_misc.o
      1104        208          0         12          0      16280   los_mux.o
       316         38          0          8          0      13670   los_priqueue.o
       132         16          0         12          0       4376   los_queue.o
      1054        238          0         12          0       7706   los_sem.o
        44         22          8          0       1024        280   los_startup_keil.o
        12          6          0          0          0        527   los_sys.o
      3464        606        233         72        342      28970   los_task.o
        36          6          0         28          0       1016   los_tick.o
        92         16          0          8          0       1325   los_timeslice.o
       272         54          0          0          0       5104   main.o
        84          0          0          0          0       2799   mutex.o
       962         34       2072        384          0       9041   oled.o
       466          0          0          0          0       4437   ring.o
        92          0          0          0          0       2937   sem.o
       894        254         61          8         84       5336   shell_cmd.o
      1402         64         24          4          0       9596   shell_main.o
        28          0         53          0          0       1828   shell_test.o
        96          4          0          0          0       2496   stm32l4xx_hal.o
       304         22          0          0          0      31119   stm32l4xx_hal_cortex.o
       486         28          0          0          0       3219   stm32l4xx_hal_gpio.o
       196          4          0          0          0       2823   stm32l4xx_hal_i2c.o
       212          0          0          0          0       2083   stm32l4xx_hal_i2c_ex.o
       156         18          0          0          0       1438   stm32l4xx_hal_pwr_ex.o
      2664         98          0          0          0       7384   stm32l4xx_hal_rcc.o
      1300         26          0          0          0       2988   stm32l4xx_hal_rcc_ex.o
      1846         38          0          0          0       6081   stm32l4xx_hal_uart.o
       118          0          0          0          0       1001   string.o
       240         26          0          0          0       6112   sys_init.o
        80         12         72          4          0     652077   system_stm32l4xx.o
        92          0          0          0          0       1589   task.o
       814        162        106          8        940       4564   uart_at.o
       332         88          0         12        264       3087   uart_debug.o
       284         22          0          0          0       1103   usart.o

    ----------------------------------------------------------------------
     28812       4230       3228       1652       5920     966482   Object Totals
         0          0         48          0       1024          0   (incl. Generated)
        36          0         21          0          2          0   (incl. Padding)

    ----------------------------------------------------------------------

      Code (inc. data)   RO Data    RW Data    ZI Data      Debug   Library Member Name

        86          0          0          0          0          0   __dczerorl2.o
        28          0          0          0          0         68   _chval.o
       164          0          0          0          0         92   _strtoul.o
         8          4        133          0          0         68   ctype_o.o
         0          0          0          0          0          0   entry.o
         0          0          0          0          0          0   entry10a.o
         0          0          0          0          0          0   entry11a.o
         8          4          0          0          0          0   entry3.o
         4          0          0          0          0          0   entry5.o
         0          0          0          0          0          0   entry7b.o
         0          0          0          0          0          0   entry8b.o
         8          4          0          0          0          0   entry9a.o
         8          4          0          4          0         68   errno.o
         4          0          0          0          0         68   getc.o
        30          0          0          0          0          0   handlers.o
        36          8          0          0          0         68   init.o
         0          0          0          0          0          0   iusefp.o
        30          0          0          0          0         68   llshl.o
        32          0          0          0          0         68   llushr.o
        26          0          0          0          0         80   memcmp.o
        36          0          0          0          0         68   memcpya.o
        36          0          0          0          0        108   memseta.o
      1280         64          0          0          0        656   printf8.o
         4          0          0          0          0         68   putc.o
         0          0          0          4          0          0   stdin.o
         0          0          0          4          0          0   stdout.o
        28          0          0          0          0         76   strcmp.o
        18          0          0          0          0         68   strcpy.o
        14          0          0          0          0         68   strlen.o
        30          0          0          0          0         80   strncmp.o
        24          0          0          0          0         76   strncpy.o
        36          0          0          0          0         80   strstr.o
       112          0          0          0          0         88   strtol.o
       120          0          0          0          0         92   strtoul.o
       104          0          0          0          0         92   uldiv.o
        56          0          0          0          0         88   d2f.o
       222          0          0          0          0        100   ddiv.o
       186          0          0          0          0        176   depilogue.o
        26          0          0          0          0         76   dfltui.o
       110          0          0          0          0        168   fepilogue.o

    ----------------------------------------------------------------------
      2916         88        136         12          0       2876   Library Totals
         2          0          3          0          0          0   (incl. Padding)

    ----------------------------------------------------------------------

      Code (inc. data)   RO Data    RW Data    ZI Data      Debug   Library Name

      2314         88        133         12          0       2268   mc_w.l
       600          0          0          0          0        608   mf_w.l

    ----------------------------------------------------------------------
      2916         88        136         12          0       2876   Library Totals

    ----------------------------------------------------------------------

==============================================================================


      Code (inc. data)   RO Data    RW Data    ZI Data      Debug   

     31728       4318       3364       1664       5920     945582   Grand Totals
     31728       4318       3364        228       5920     945582   ELF Image Totals (compressed)
     31728       4318       3364        228          0          0   ROM Totals

==============================================================================

    Total RO  Size (Code + RO Data)                35092 (  34.27kB)
    Total RW  Size (RW Data + ZI Data)              7584 (   7.41kB)
    Total ROM Size (Code + RO Data + RW Data)      35320 (  34.49kB)

==============================================================================

