<!doctype html public "-//w3c//dtd html 4.0 transitional//en">
<html><head>
<title>Static Call Graph - [STM32L431RxTx\Huawei_LiteOS.axf]</title></head>
<body><HR>
<H1>Static Call Graph for image STM32L431RxTx\Huawei_LiteOS.axf</H1><HR>
<BR><P>#&#060CALLGRAPH&#062# ARM Linker, 5060750: Last Updated: Sat Oct 27 09:52:13 2018
<BR><P>
<H3>Maximum Stack Usage =        424 bytes + Unknown(Functions without stacksize, Untraceable Function Pointers)</H3><H3>
Call chain for Maximum Stack Depth:</H3>
shell_server_entry &rArr; shell_cmd_execute &rArr; strtol &rArr; _strtoul
<P>
<H3>
Functions with no stack information
</H3><UL>
 <LI><a href="#[0]">Reset_Handler</a>
 <LI><a href="#[a0]">LOS_StartToRun</a>
 <LI><a href="#[70]">LOS_IntLock</a>
 <LI><a href="#[11f]">LOS_IntUnLock</a>
 <LI><a href="#[71]">LOS_IntRestore</a>
 <LI><a href="#[98]">osTaskSchedule</a>
 <LI><a href="#[2]">PendSV_Handler</a>
</UL>
</UL>
<P>
<H3>
Function Pointers
</H3><UL>
 <LI><a href="#[2]">PendSV_Handler</a> from los_dispatch_keil.o(.text) referenced 2 times from los_hwi.o(.data.vector)
 <LI><a href="#[0]">Reset_Handler</a> from los_startup_keil.o(RESET) referenced 2 times from los_hwi.o(.data.vector)
 <LI><a href="#[0]">Reset_Handler</a> from los_startup_keil.o(RESET) referenced from los_startup_keil.o(RESET)
 <LI><a href="#[3]">SystemInit</a> from system_stm32l4xx.o(i.SystemInit) referenced from los_startup_keil.o(RESET)
 <LI><a href="#[1b]">__atio_debug</a> from uart_at.o(i.__atio_debug) referenced from uart_at.o(oshell)
 <LI><a href="#[4]">__main</a> from entry.o(.ARM.Collect$$$$00000000) referenced from los_startup_keil.o(RESET)
 <LI><a href="#[c]">__rcv_task_entry</a> from at.o(i.__rcv_task_entry) referenced from at.o(i.at_install)
 <LI><a href="#[9]">_snputc</a> from printf8.o(i._snputc) referenced from printf8.o(i.__0snprintf$8)
 <LI><a href="#[a]">_sputc</a> from printf8.o(i._sputc) referenced from printf8.o(i.__0sprintf$8)
 <LI><a href="#[10]">app_main</a> from app.o(i.app_main) referenced from main.o(i.main)
 <LI><a href="#[16]">atio_irq</a> from uart_at.o(i.atio_irq) referenced from uart_at.o(i.uart_at_init)
 <LI><a href="#[d]">bc95_rcvdeal</a> from bc95.o(i.bc95_rcvdeal) referenced from bc95.o(i.bc95_init)
 <LI><a href="#[b]">deal_rcvmsg</a> from app.o(i.deal_rcvmsg) referenced from app.o(i.app_main)
 <LI><a href="#[8]">fputc</a> from uart_debug.o(i.fputc) referenced from printf8.o(i.__0printf$8)
 <LI><a href="#[5]">main</a> from main.o(i.main) referenced from entry9a.o(.ARM.Collect$$$$0000000B)
 <LI><a href="#[1]">osHwiDefaultHandler</a> from los_hwi.o(i.osHwiDefaultHandler) referenced 16 times from los_hwi.o(.data.vector)
 <LI><a href="#[1]">osHwiDefaultHandler</a> from los_hwi.o(i.osHwiDefaultHandler) referenced from los_hwi.o(i.LOS_HwiCreate)
 <LI><a href="#[1]">osHwiDefaultHandler</a> from los_hwi.o(i.osHwiDefaultHandler) referenced from los_hwi.o(i.osHwiInit)
 <LI><a href="#[7]">osIdleTask</a> from los_task.o(i.osIdleTask) referenced from los_task.o(i.LOS_TaskCreateOnly)
 <LI><a href="#[7]">osIdleTask</a> from los_task.o(i.osIdleTask) referenced from los_task.o(i.osIdleTaskCreate)
 <LI><a href="#[6]">osInterrupt</a> from los_hwi.o(i.osInterrupt) referenced from los_hwi.o(i.LOS_HwiCreate)
 <LI><a href="#[6]">osInterrupt</a> from los_hwi.o(i.osInterrupt) referenced from los_hw_tick.o(i.osTickStart)
 <LI><a href="#[14]">osTaskEntry</a> from los_task.o(i.osTaskEntry) referenced from los_hw.o(i.osTskStackInit)
 <LI><a href="#[13]">osTaskExit</a> from los_hw.o(i.osTaskExit) referenced from los_hw.o(i.osTskStackInit)
 <LI><a href="#[11]">osTaskSwitchCheck</a> from los_task.o(i.osTaskSwitchCheck) referenced from los_task.o(i.osTaskMonInit)
 <LI><a href="#[12]">osTickHandler</a> from los_tick.o(i.osTickHandler) referenced from los_hw_tick.o(i.osTickStart)
 <LI><a href="#[1e]">os_shell_version</a> from shell_cmd.o(i.os_shell_version) referenced from shell_cmd.o(oshell)
 <LI><a href="#[19]">shell_appreport</a> from app.o(i.shell_appreport) referenced from app.o(oshell)
 <LI><a href="#[18]">shell_appsend</a> from app.o(i.shell_appsend) referenced from app.o(oshell)
 <LI><a href="#[1c]">shell_at</a> from at.o(i.shell_at) referenced from at.o(oshell)
 <LI><a href="#[1d]">shell_atdebug</a> from at.o(i.shell_atdebug) referenced from at.o(oshell)
 <LI><a href="#[1a]">shell_bc95send</a> from bc95.o(i.shell_bc95send) referenced from bc95.o(oshell)
 <LI><a href="#[1f]">shell_cmd_help</a> from shell_cmd.o(i.shell_cmd_help) referenced from shell_cmd.o(oshell)
 <LI><a href="#[21]">shell_heapinfo</a> from shell_test.o(i.shell_heapinfo) referenced from shell_test.o(oshell)
 <LI><a href="#[15]">shell_server_entry</a> from shell_main.o(i.shell_server_entry) referenced from shell_main.o(i.shell_install)
 <LI><a href="#[20]">shell_taskinfo</a> from shell_test.o(i.shell_taskinfo) referenced from shell_test.o(oshell)
 <LI><a href="#[f]">uart_at_receive</a> from uart_at.o(i.uart_at_receive) referenced from main.o(i.main)
 <LI><a href="#[e]">uart_at_send</a> from uart_at.o(i.uart_at_send) referenced from main.o(i.main)
 <LI><a href="#[17]">uart_debug_irq</a> from uart_debug.o(i.uart_debug_irq) referenced from uart_debug.o(i.uart_debug_init)
</UL>
<P>
<H3>
Global Symbols
</H3>
<P><STRONG><a name="[0]"></a>Reset_Handler</STRONG> (Thumb, 0 bytes, Stack size unknown bytes, los_startup_keil.o(RESET))
<BR>[Address Reference Count : 2]<UL><LI> los_startup_keil.o(RESET)
<LI> los_hwi.o(.data.vector)
</UL>
<P><STRONG><a name="[4]"></a>__main</STRONG> (Thumb, 0 bytes, Stack size unknown bytes, entry.o(.ARM.Collect$$$$00000000))
<BR>[Address Reference Count : 1]<UL><LI> los_startup_keil.o(RESET)
</UL>
<P><STRONG><a name="[119]"></a>_main_stk</STRONG> (Thumb, 0 bytes, Stack size unknown bytes, entry3.o(.ARM.Collect$$$$00000002))

<P><STRONG><a name="[22]"></a>_main_scatterload</STRONG> (Thumb, 0 bytes, Stack size unknown bytes, entry5.o(.ARM.Collect$$$$00000004))
<BR><BR>[Calls]<UL><LI><a href="#[23]">&gt;&gt;</a>&nbsp;&nbsp;&nbsp;__scatterload
</UL>

<P><STRONG><a name="[36]"></a>__main_after_scatterload</STRONG> (Thumb, 0 bytes, Stack size unknown bytes, entry5.o(.ARM.Collect$$$$00000004))
<BR><BR>[Called By]<UL><LI><a href="#[23]">&gt;&gt;</a>&nbsp;&nbsp;&nbsp;__scatterload
</UL>

<P><STRONG><a name="[11a]"></a>_main_clock</STRONG> (Thumb, 0 bytes, Stack size unknown bytes, entry7b.o(.ARM.Collect$$$$00000008))

<P><STRONG><a name="[11b]"></a>_main_cpp_init</STRONG> (Thumb, 0 bytes, Stack size unknown bytes, entry8b.o(.ARM.Collect$$$$0000000A))

<P><STRONG><a name="[11c]"></a>_main_init</STRONG> (Thumb, 0 bytes, Stack size unknown bytes, entry9a.o(.ARM.Collect$$$$0000000B))

<P><STRONG><a name="[11d]"></a>__rt_final_cpp</STRONG> (Thumb, 0 bytes, Stack size unknown bytes, entry10a.o(.ARM.Collect$$$$0000000D))

<P><STRONG><a name="[11e]"></a>__rt_final_exit</STRONG> (Thumb, 0 bytes, Stack size unknown bytes, entry11a.o(.ARM.Collect$$$$0000000F))

<P><STRONG><a name="[a0]"></a>LOS_StartToRun</STRONG> (Thumb, 0 bytes, Stack size unknown bytes, los_dispatch_keil.o(.text))
<BR><BR>[Called By]<UL><LI><a href="#[9e]">&gt;&gt;</a>&nbsp;&nbsp;&nbsp;LOS_Start
</UL>

<P><STRONG><a name="[70]"></a>LOS_IntLock</STRONG> (Thumb, 0 bytes, Stack size unknown bytes, los_dispatch_keil.o(.text))
<BR><BR>[Called By]<UL><LI><a href="#[9d]">&gt;&gt;</a>&nbsp;&nbsp;&nbsp;LOS_SemPost
<LI><a href="#[9c]">&gt;&gt;</a>&nbsp;&nbsp;&nbsp;LOS_SemPend
<LI><a href="#[aa]">&gt;&gt;</a>&nbsp;&nbsp;&nbsp;LOS_TaskYield
<LI><a href="#[ad]">&gt;&gt;</a>&nbsp;&nbsp;&nbsp;LOS_TaskDelete
<LI><a href="#[a9]">&gt;&gt;</a>&nbsp;&nbsp;&nbsp;LOS_TaskDelay
<LI><a href="#[a1]">&gt;&gt;</a>&nbsp;&nbsp;&nbsp;LOS_TaskCreate
<LI><a href="#[99]">&gt;&gt;</a>&nbsp;&nbsp;&nbsp;LOS_SemDelete
<LI><a href="#[95]">&gt;&gt;</a>&nbsp;&nbsp;&nbsp;LOS_MuxPost
<LI><a href="#[90]">&gt;&gt;</a>&nbsp;&nbsp;&nbsp;LOS_MuxPend
<LI><a href="#[8e]">&gt;&gt;</a>&nbsp;&nbsp;&nbsp;LOS_MuxDelete
<LI><a href="#[8a]">&gt;&gt;</a>&nbsp;&nbsp;&nbsp;LOS_MuxCreate
<LI><a href="#[f]">&gt;&gt;</a>&nbsp;&nbsp;&nbsp;uart_at_receive
<LI><a href="#[94]">&gt;&gt;</a>&nbsp;&nbsp;&nbsp;LOS_Schedule
<LI><a href="#[a2]">&gt;&gt;</a>&nbsp;&nbsp;&nbsp;LOS_TaskCreateOnly
<LI><a href="#[6f]">&gt;&gt;</a>&nbsp;&nbsp;&nbsp;LOS_HwiCreate
<LI><a href="#[6]">&gt;&gt;</a>&nbsp;&nbsp;&nbsp;osInterrupt
<LI><a href="#[86]">&gt;&gt;</a>&nbsp;&nbsp;&nbsp;LOS_MemInit
<LI><a href="#[85]">&gt;&gt;</a>&nbsp;&nbsp;&nbsp;osHeapFree
<LI><a href="#[81]">&gt;&gt;</a>&nbsp;&nbsp;&nbsp;osHeapAlloc
<LI><a href="#[fe]">&gt;&gt;</a>&nbsp;&nbsp;&nbsp;osSemCreate
</UL>

<P><STRONG><a name="[11f]"></a>LOS_IntUnLock</STRONG> (Thumb, 0 bytes, Stack size unknown bytes, los_dispatch_keil.o(.text), UNUSED)

<P><STRONG><a name="[71]"></a>LOS_IntRestore</STRONG> (Thumb, 0 bytes, Stack size unknown bytes, los_dispatch_keil.o(.text))
<BR><BR>[Called By]<UL><LI><a href="#[9d]">&gt;&gt;</a>&nbsp;&nbsp;&nbsp;LOS_SemPost
<LI><a href="#[9c]">&gt;&gt;</a>&nbsp;&nbsp;&nbsp;LOS_SemPend
<LI><a href="#[aa]">&gt;&gt;</a>&nbsp;&nbsp;&nbsp;LOS_TaskYield
<LI><a href="#[ad]">&gt;&gt;</a>&nbsp;&nbsp;&nbsp;LOS_TaskDelete
<LI><a href="#[a9]">&gt;&gt;</a>&nbsp;&nbsp;&nbsp;LOS_TaskDelay
<LI><a href="#[a1]">&gt;&gt;</a>&nbsp;&nbsp;&nbsp;LOS_TaskCreate
<LI><a href="#[99]">&gt;&gt;</a>&nbsp;&nbsp;&nbsp;LOS_SemDelete
<LI><a href="#[95]">&gt;&gt;</a>&nbsp;&nbsp;&nbsp;LOS_MuxPost
<LI><a href="#[90]">&gt;&gt;</a>&nbsp;&nbsp;&nbsp;LOS_MuxPend
<LI><a href="#[8e]">&gt;&gt;</a>&nbsp;&nbsp;&nbsp;LOS_MuxDelete
<LI><a href="#[8a]">&gt;&gt;</a>&nbsp;&nbsp;&nbsp;LOS_MuxCreate
<LI><a href="#[f]">&gt;&gt;</a>&nbsp;&nbsp;&nbsp;uart_at_receive
<LI><a href="#[94]">&gt;&gt;</a>&nbsp;&nbsp;&nbsp;LOS_Schedule
<LI><a href="#[a2]">&gt;&gt;</a>&nbsp;&nbsp;&nbsp;LOS_TaskCreateOnly
<LI><a href="#[6f]">&gt;&gt;</a>&nbsp;&nbsp;&nbsp;LOS_HwiCreate
<LI><a href="#[6]">&gt;&gt;</a>&nbsp;&nbsp;&nbsp;osInterrupt
<LI><a href="#[86]">&gt;&gt;</a>&nbsp;&nbsp;&nbsp;LOS_MemInit
<LI><a href="#[85]">&gt;&gt;</a>&nbsp;&nbsp;&nbsp;osHeapFree
<LI><a href="#[81]">&gt;&gt;</a>&nbsp;&nbsp;&nbsp;osHeapAlloc
<LI><a href="#[fe]">&gt;&gt;</a>&nbsp;&nbsp;&nbsp;osSemCreate
</UL>

<P><STRONG><a name="[98]"></a>osTaskSchedule</STRONG> (Thumb, 0 bytes, Stack size unknown bytes, los_dispatch_keil.o(.text))
<BR><BR>[Called By]<UL><LI><a href="#[a4]">&gt;&gt;</a>&nbsp;&nbsp;&nbsp;osSchedule
<LI><a href="#[94]">&gt;&gt;</a>&nbsp;&nbsp;&nbsp;LOS_Schedule
</UL>

<P><STRONG><a name="[2]"></a>PendSV_Handler</STRONG> (Thumb, 0 bytes, Stack size unknown bytes, los_dispatch_keil.o(.text))
<BR>[Address Reference Count : 1]<UL><LI> los_hwi.o(.data.vector)
</UL>
<P><STRONG><a name="[24]"></a>__aeabi_uldivmod</STRONG> (Thumb, 98 bytes, Stack size 40 bytes, uldiv.o(.text))
<BR><BR>[Stack]<UL><LI>Max Depth = 40<LI>Call Chain = __aeabi_uldivmod
</UL>
<BR>[Calls]<UL><LI><a href="#[25]">&gt;&gt;</a>&nbsp;&nbsp;&nbsp;__aeabi_llsr
<LI><a href="#[26]">&gt;&gt;</a>&nbsp;&nbsp;&nbsp;__aeabi_llsl
</UL>
<BR>[Called By]<UL><LI><a href="#[5a]">&gt;&gt;</a>&nbsp;&nbsp;&nbsp;UART_SetConfig
<LI><a href="#[c0]">&gt;&gt;</a>&nbsp;&nbsp;&nbsp;_printf_core
</UL>

<P><STRONG><a name="[cb]"></a>__aeabi_memcpy</STRONG> (Thumb, 36 bytes, Stack size 0 bytes, memcpya.o(.text))
<BR><BR>[Called By]<UL><LI><a href="#[c9]">&gt;&gt;</a>&nbsp;&nbsp;&nbsp;__cmd_match
<LI><a href="#[e3]">&gt;&gt;</a>&nbsp;&nbsp;&nbsp;ring_write
<LI><a href="#[f0]">&gt;&gt;</a>&nbsp;&nbsp;&nbsp;ring_read
<LI><a href="#[108]">&gt;&gt;</a>&nbsp;&nbsp;&nbsp;shell_cmd_execute
<LI><a href="#[11]">&gt;&gt;</a>&nbsp;&nbsp;&nbsp;osTaskSwitchCheck
</UL>

<P><STRONG><a name="[120]"></a>__aeabi_memcpy4</STRONG> (Thumb, 0 bytes, Stack size 0 bytes, memcpya.o(.text), UNUSED)

<P><STRONG><a name="[121]"></a>__aeabi_memcpy8</STRONG> (Thumb, 0 bytes, Stack size 0 bytes, memcpya.o(.text), UNUSED)

<P><STRONG><a name="[28]"></a>__aeabi_memset</STRONG> (Thumb, 14 bytes, Stack size 0 bytes, memseta.o(.text))
<BR><BR>[Called By]<UL><LI><a href="#[d8]">&gt;&gt;</a>&nbsp;&nbsp;&nbsp;report_light_state
<LI><a href="#[d7]">&gt;&gt;</a>&nbsp;&nbsp;&nbsp;report_light_intensity
<LI><a href="#[a8]">&gt;&gt;</a>&nbsp;&nbsp;&nbsp;osTskStackInit
<LI><a href="#[29]">&gt;&gt;</a>&nbsp;&nbsp;&nbsp;_memset$wrapper
<LI><a href="#[27]">&gt;&gt;</a>&nbsp;&nbsp;&nbsp;__aeabi_memclr
</UL>

<P><STRONG><a name="[122]"></a>__aeabi_memset4</STRONG> (Thumb, 0 bytes, Stack size 0 bytes, memseta.o(.text), UNUSED)

<P><STRONG><a name="[123]"></a>__aeabi_memset8</STRONG> (Thumb, 0 bytes, Stack size 0 bytes, memseta.o(.text), UNUSED)

<P><STRONG><a name="[27]"></a>__aeabi_memclr</STRONG> (Thumb, 4 bytes, Stack size 0 bytes, memseta.o(.text))
<BR><BR>[Calls]<UL><LI><a href="#[28]">&gt;&gt;</a>&nbsp;&nbsp;&nbsp;__aeabi_memset
</UL>
<BR>[Called By]<UL><LI><a href="#[107]">&gt;&gt;</a>&nbsp;&nbsp;&nbsp;shell_cachecmd
<LI><a href="#[78]">&gt;&gt;</a>&nbsp;&nbsp;&nbsp;osTaskMonInit
<LI><a href="#[87]">&gt;&gt;</a>&nbsp;&nbsp;&nbsp;osHeapInit
</UL>

<P><STRONG><a name="[d0]"></a>__aeabi_memclr4</STRONG> (Thumb, 0 bytes, Stack size 0 bytes, memseta.o(.text))
<BR><BR>[Called By]<UL><LI><a href="#[1c]">&gt;&gt;</a>&nbsp;&nbsp;&nbsp;shell_at
<LI><a href="#[c]">&gt;&gt;</a>&nbsp;&nbsp;&nbsp;__rcv_task_entry
<LI><a href="#[d]">&gt;&gt;</a>&nbsp;&nbsp;&nbsp;bc95_rcvdeal
<LI><a href="#[e9]">&gt;&gt;</a>&nbsp;&nbsp;&nbsp;bc95_send
<LI><a href="#[d5]">&gt;&gt;</a>&nbsp;&nbsp;&nbsp;bc95_init
<LI><a href="#[e5]">&gt;&gt;</a>&nbsp;&nbsp;&nbsp;bc95_csq
<LI><a href="#[18]">&gt;&gt;</a>&nbsp;&nbsp;&nbsp;shell_appsend
<LI><a href="#[d9]">&gt;&gt;</a>&nbsp;&nbsp;&nbsp;report_net_csq
<LI><a href="#[f4]">&gt;&gt;</a>&nbsp;&nbsp;&nbsp;uart_at_init
<LI><a href="#[dc]">&gt;&gt;</a>&nbsp;&nbsp;&nbsp;at_install
<LI><a href="#[15]">&gt;&gt;</a>&nbsp;&nbsp;&nbsp;shell_server_entry
<LI><a href="#[7b]">&gt;&gt;</a>&nbsp;&nbsp;&nbsp;osQueueInit
<LI><a href="#[77]">&gt;&gt;</a>&nbsp;&nbsp;&nbsp;osTaskInit
<LI><a href="#[7d]">&gt;&gt;</a>&nbsp;&nbsp;&nbsp;osIdleTaskCreate
<LI><a href="#[89]">&gt;&gt;</a>&nbsp;&nbsp;&nbsp;osAlarmHeapInfo
</UL>

<P><STRONG><a name="[124]"></a>__aeabi_memclr8</STRONG> (Thumb, 0 bytes, Stack size 0 bytes, memseta.o(.text), UNUSED)

<P><STRONG><a name="[29]"></a>_memset$wrapper</STRONG> (Thumb, 18 bytes, Stack size 8 bytes, memseta.o(.text), UNUSED)
<BR><BR>[Calls]<UL><LI><a href="#[28]">&gt;&gt;</a>&nbsp;&nbsp;&nbsp;__aeabi_memset
</UL>

<P><STRONG><a name="[ca]"></a>strstr</STRONG> (Thumb, 36 bytes, Stack size 12 bytes, strstr.o(.text))
<BR><BR>[Stack]<UL><LI>Max Depth = 12<LI>Call Chain = strstr
</UL>
<BR>[Called By]<UL><LI><a href="#[c9]">&gt;&gt;</a>&nbsp;&nbsp;&nbsp;__cmd_match
<LI><a href="#[d]">&gt;&gt;</a>&nbsp;&nbsp;&nbsp;bc95_rcvdeal
<LI><a href="#[e5]">&gt;&gt;</a>&nbsp;&nbsp;&nbsp;bc95_csq
</UL>

<P><STRONG><a name="[104]"></a>strncpy</STRONG> (Thumb, 24 bytes, Stack size 8 bytes, strncpy.o(.text))
<BR><BR>[Stack]<UL><LI>Max Depth = 8<LI>Call Chain = strncpy
</UL>
<BR>[Called By]<UL><LI><a href="#[18]">&gt;&gt;</a>&nbsp;&nbsp;&nbsp;shell_appsend
<LI><a href="#[15]">&gt;&gt;</a>&nbsp;&nbsp;&nbsp;shell_server_entry
<LI><a href="#[10e]">&gt;&gt;</a>&nbsp;&nbsp;&nbsp;shell_insert_string
<LI><a href="#[107]">&gt;&gt;</a>&nbsp;&nbsp;&nbsp;shell_cachecmd
</UL>

<P><STRONG><a name="[ce]"></a>strlen</STRONG> (Thumb, 14 bytes, Stack size 0 bytes, strlen.o(.text))
<BR><BR>[Called By]<UL><LI><a href="#[109]">&gt;&gt;</a>&nbsp;&nbsp;&nbsp;string2arg
<LI><a href="#[1c]">&gt;&gt;</a>&nbsp;&nbsp;&nbsp;shell_at
<LI><a href="#[cd]">&gt;&gt;</a>&nbsp;&nbsp;&nbsp;__oob_match
<LI><a href="#[1a]">&gt;&gt;</a>&nbsp;&nbsp;&nbsp;shell_bc95send
<LI><a href="#[e4]">&gt;&gt;</a>&nbsp;&nbsp;&nbsp;bc95_atcmd
<LI><a href="#[e9]">&gt;&gt;</a>&nbsp;&nbsp;&nbsp;bc95_send
<LI><a href="#[e5]">&gt;&gt;</a>&nbsp;&nbsp;&nbsp;bc95_csq
<LI><a href="#[18]">&gt;&gt;</a>&nbsp;&nbsp;&nbsp;shell_appsend
<LI><a href="#[15]">&gt;&gt;</a>&nbsp;&nbsp;&nbsp;shell_server_entry
<LI><a href="#[10f]">&gt;&gt;</a>&nbsp;&nbsp;&nbsp;shell_put_string
<LI><a href="#[10e]">&gt;&gt;</a>&nbsp;&nbsp;&nbsp;shell_insert_string
<LI><a href="#[10b]">&gt;&gt;</a>&nbsp;&nbsp;&nbsp;shell_cmd_index
</UL>

<P><STRONG><a name="[ec]"></a>strcmp</STRONG> (Thumb, 28 bytes, Stack size 8 bytes, strcmp.o(.text))
<BR><BR>[Stack]<UL><LI>Max Depth = 8<LI>Call Chain = strcmp
</UL>
<BR>[Called By]<UL><LI><a href="#[1d]">&gt;&gt;</a>&nbsp;&nbsp;&nbsp;shell_atdebug
<LI><a href="#[19]">&gt;&gt;</a>&nbsp;&nbsp;&nbsp;shell_appreport
<LI><a href="#[b]">&gt;&gt;</a>&nbsp;&nbsp;&nbsp;deal_rcvmsg
<LI><a href="#[107]">&gt;&gt;</a>&nbsp;&nbsp;&nbsp;shell_cachecmd
<LI><a href="#[108]">&gt;&gt;</a>&nbsp;&nbsp;&nbsp;shell_cmd_execute
<LI><a href="#[10a]">&gt;&gt;</a>&nbsp;&nbsp;&nbsp;shell_cmd_match
</UL>

<P><STRONG><a name="[cf]"></a>memcmp</STRONG> (Thumb, 26 bytes, Stack size 12 bytes, memcmp.o(.text))
<BR><BR>[Stack]<UL><LI>Max Depth = 12<LI>Call Chain = memcmp
</UL>
<BR>[Called By]<UL><LI><a href="#[cd]">&gt;&gt;</a>&nbsp;&nbsp;&nbsp;__oob_match
</UL>

<P><STRONG><a name="[116]"></a>strcpy</STRONG> (Thumb, 18 bytes, Stack size 0 bytes, strcpy.o(.text))
<BR><BR>[Called By]<UL><LI><a href="#[15]">&gt;&gt;</a>&nbsp;&nbsp;&nbsp;shell_server_entry
</UL>

<P><STRONG><a name="[10c]"></a>strncmp</STRONG> (Thumb, 30 bytes, Stack size 12 bytes, strncmp.o(.text))
<BR><BR>[Stack]<UL><LI>Max Depth = 12<LI>Call Chain = strncmp
</UL>
<BR>[Called By]<UL><LI><a href="#[10b]">&gt;&gt;</a>&nbsp;&nbsp;&nbsp;shell_cmd_index
</UL>

<P><STRONG><a name="[2a]"></a>strtol</STRONG> (Thumb, 112 bytes, Stack size 32 bytes, strtol.o(.text))
<BR><BR>[Stack]<UL><LI>Max Depth = 72<LI>Call Chain = strtol &rArr; _strtoul
</UL>
<BR>[Calls]<UL><LI><a href="#[2c]">&gt;&gt;</a>&nbsp;&nbsp;&nbsp;_strtoul
<LI><a href="#[2d]">&gt;&gt;</a>&nbsp;&nbsp;&nbsp;__aeabi_errno_addr
<LI><a href="#[2b]">&gt;&gt;</a>&nbsp;&nbsp;&nbsp;__rt_ctype_table
</UL>
<BR>[Called By]<UL><LI><a href="#[108]">&gt;&gt;</a>&nbsp;&nbsp;&nbsp;shell_cmd_execute
</UL>

<P><STRONG><a name="[2e]"></a>strtoul</STRONG> (Thumb, 114 bytes, Stack size 40 bytes, strtoul.o(.text))
<BR><BR>[Stack]<UL><LI>Max Depth = 80<LI>Call Chain = strtoul &rArr; _strtoul
</UL>
<BR>[Calls]<UL><LI><a href="#[2c]">&gt;&gt;</a>&nbsp;&nbsp;&nbsp;_strtoul
<LI><a href="#[2d]">&gt;&gt;</a>&nbsp;&nbsp;&nbsp;__aeabi_errno_addr
<LI><a href="#[2b]">&gt;&gt;</a>&nbsp;&nbsp;&nbsp;__rt_ctype_table
</UL>
<BR>[Called By]<UL><LI><a href="#[19]">&gt;&gt;</a>&nbsp;&nbsp;&nbsp;shell_appreport
</UL>

<P><STRONG><a name="[2f]"></a>__aeabi_ddiv</STRONG> (Thumb, 222 bytes, Stack size 32 bytes, ddiv.o(.text))
<BR><BR>[Stack]<UL><LI>Max Depth = 40<LI>Call Chain = __aeabi_ddiv &rArr; _double_round
</UL>
<BR>[Calls]<UL><LI><a href="#[30]">&gt;&gt;</a>&nbsp;&nbsp;&nbsp;_double_round
</UL>
<BR>[Called By]<UL><LI><a href="#[3e]">&gt;&gt;</a>&nbsp;&nbsp;&nbsp;Convert_BH1750
</UL>

<P><STRONG><a name="[31]"></a>__aeabi_ui2d</STRONG> (Thumb, 26 bytes, Stack size 16 bytes, dfltui.o(.text))
<BR><BR>[Stack]<UL><LI>Max Depth = 56<LI>Call Chain = __aeabi_ui2d &rArr; _double_epilogue &rArr; _double_round
</UL>
<BR>[Calls]<UL><LI><a href="#[32]">&gt;&gt;</a>&nbsp;&nbsp;&nbsp;_double_epilogue
</UL>
<BR>[Called By]<UL><LI><a href="#[3e]">&gt;&gt;</a>&nbsp;&nbsp;&nbsp;Convert_BH1750
</UL>

<P><STRONG><a name="[33]"></a>__aeabi_d2f</STRONG> (Thumb, 56 bytes, Stack size 8 bytes, d2f.o(.text))
<BR><BR>[Stack]<UL><LI>Max Depth = 8<LI>Call Chain = __aeabi_d2f
</UL>
<BR>[Calls]<UL><LI><a href="#[34]">&gt;&gt;</a>&nbsp;&nbsp;&nbsp;_float_round
</UL>
<BR>[Called By]<UL><LI><a href="#[3e]">&gt;&gt;</a>&nbsp;&nbsp;&nbsp;Convert_BH1750
</UL>

<P><STRONG><a name="[26]"></a>__aeabi_llsl</STRONG> (Thumb, 30 bytes, Stack size 0 bytes, llshl.o(.text))
<BR><BR>[Called By]<UL><LI><a href="#[24]">&gt;&gt;</a>&nbsp;&nbsp;&nbsp;__aeabi_uldivmod
<LI><a href="#[32]">&gt;&gt;</a>&nbsp;&nbsp;&nbsp;_double_epilogue
</UL>

<P><STRONG><a name="[125]"></a>_ll_shift_l</STRONG> (Thumb, 0 bytes, Stack size 0 bytes, llshl.o(.text), UNUSED)

<P><STRONG><a name="[25]"></a>__aeabi_llsr</STRONG> (Thumb, 32 bytes, Stack size 0 bytes, llushr.o(.text))
<BR><BR>[Called By]<UL><LI><a href="#[24]">&gt;&gt;</a>&nbsp;&nbsp;&nbsp;__aeabi_uldivmod
<LI><a href="#[32]">&gt;&gt;</a>&nbsp;&nbsp;&nbsp;_double_epilogue
</UL>

<P><STRONG><a name="[126]"></a>_ll_ushift_r</STRONG> (Thumb, 0 bytes, Stack size 0 bytes, llushr.o(.text), UNUSED)

<P><STRONG><a name="[2b]"></a>__rt_ctype_table</STRONG> (Thumb, 4 bytes, Stack size 0 bytes, ctype_o.o(.text))
<BR><BR>[Called By]<UL><LI><a href="#[2e]">&gt;&gt;</a>&nbsp;&nbsp;&nbsp;strtoul
<LI><a href="#[2a]">&gt;&gt;</a>&nbsp;&nbsp;&nbsp;strtol
</UL>

<P><STRONG><a name="[2c]"></a>_strtoul</STRONG> (Thumb, 158 bytes, Stack size 40 bytes, _strtoul.o(.text))
<BR><BR>[Stack]<UL><LI>Max Depth = 40<LI>Call Chain = _strtoul
</UL>
<BR>[Calls]<UL><LI><a href="#[35]">&gt;&gt;</a>&nbsp;&nbsp;&nbsp;_chval
<LI><a href="#[2d]">&gt;&gt;</a>&nbsp;&nbsp;&nbsp;__aeabi_errno_addr
</UL>
<BR>[Called By]<UL><LI><a href="#[2e]">&gt;&gt;</a>&nbsp;&nbsp;&nbsp;strtoul
<LI><a href="#[2a]">&gt;&gt;</a>&nbsp;&nbsp;&nbsp;strtol
</UL>

<P><STRONG><a name="[127]"></a>__I$use$fp</STRONG> (Thumb, 0 bytes, Stack size 0 bytes, iusefp.o(.text), UNUSED)

<P><STRONG><a name="[34]"></a>_float_round</STRONG> (Thumb, 18 bytes, Stack size 0 bytes, fepilogue.o(.text))
<BR><BR>[Called By]<UL><LI><a href="#[33]">&gt;&gt;</a>&nbsp;&nbsp;&nbsp;__aeabi_d2f
</UL>

<P><STRONG><a name="[128]"></a>_float_epilogue</STRONG> (Thumb, 92 bytes, Stack size 4 bytes, fepilogue.o(.text), UNUSED)

<P><STRONG><a name="[30]"></a>_double_round</STRONG> (Thumb, 30 bytes, Stack size 8 bytes, depilogue.o(.text))
<BR><BR>[Stack]<UL><LI>Max Depth = 8<LI>Call Chain = _double_round
</UL>
<BR>[Called By]<UL><LI><a href="#[2f]">&gt;&gt;</a>&nbsp;&nbsp;&nbsp;__aeabi_ddiv
<LI><a href="#[32]">&gt;&gt;</a>&nbsp;&nbsp;&nbsp;_double_epilogue
</UL>

<P><STRONG><a name="[32]"></a>_double_epilogue</STRONG> (Thumb, 156 bytes, Stack size 32 bytes, depilogue.o(.text))
<BR><BR>[Stack]<UL><LI>Max Depth = 40<LI>Call Chain = _double_epilogue &rArr; _double_round
</UL>
<BR>[Calls]<UL><LI><a href="#[25]">&gt;&gt;</a>&nbsp;&nbsp;&nbsp;__aeabi_llsr
<LI><a href="#[26]">&gt;&gt;</a>&nbsp;&nbsp;&nbsp;__aeabi_llsl
<LI><a href="#[30]">&gt;&gt;</a>&nbsp;&nbsp;&nbsp;_double_round
</UL>
<BR>[Called By]<UL><LI><a href="#[31]">&gt;&gt;</a>&nbsp;&nbsp;&nbsp;__aeabi_ui2d
</UL>

<P><STRONG><a name="[23]"></a>__scatterload</STRONG> (Thumb, 28 bytes, Stack size 0 bytes, init.o(.text))
<BR><BR>[Calls]<UL><LI><a href="#[36]">&gt;&gt;</a>&nbsp;&nbsp;&nbsp;__main_after_scatterload
</UL>
<BR>[Called By]<UL><LI><a href="#[22]">&gt;&gt;</a>&nbsp;&nbsp;&nbsp;_main_scatterload
</UL>

<P><STRONG><a name="[129]"></a>__scatterload_rt2</STRONG> (Thumb, 0 bytes, Stack size 0 bytes, init.o(.text), UNUSED)

<P><STRONG><a name="[35]"></a>_chval</STRONG> (Thumb, 28 bytes, Stack size 0 bytes, _chval.o(.text))
<BR><BR>[Called By]<UL><LI><a href="#[2c]">&gt;&gt;</a>&nbsp;&nbsp;&nbsp;_strtoul
</UL>

<P><STRONG><a name="[12a]"></a>__decompress</STRONG> (Thumb, 0 bytes, Stack size unknown bytes, __dczerorl2.o(.text), UNUSED)

<P><STRONG><a name="[12b]"></a>__decompress1</STRONG> (Thumb, 86 bytes, Stack size unknown bytes, __dczerorl2.o(.text), UNUSED)

<P><STRONG><a name="[37]"></a>Cmd_Write_BH1750</STRONG> (Thumb, 64 bytes, Stack size 8 bytes, bh1750.o(i.Cmd_Write_BH1750))
<BR><BR>[Stack]<UL><LI>Max Depth = 24<LI>Call Chain = Cmd_Write_BH1750 &rArr; I2C_WaitAck &rArr; I2C_Stop
</UL>
<BR>[Calls]<UL><LI><a href="#[3b]">&gt;&gt;</a>&nbsp;&nbsp;&nbsp;delay_us
<LI><a href="#[3d]">&gt;&gt;</a>&nbsp;&nbsp;&nbsp;delay_ms
<LI><a href="#[3a]">&gt;&gt;</a>&nbsp;&nbsp;&nbsp;I2C_WaitAck
<LI><a href="#[3c]">&gt;&gt;</a>&nbsp;&nbsp;&nbsp;I2C_Stop
<LI><a href="#[38]">&gt;&gt;</a>&nbsp;&nbsp;&nbsp;I2C_Start
<LI><a href="#[39]">&gt;&gt;</a>&nbsp;&nbsp;&nbsp;I2C_SendByte
</UL>
<BR>[Called By]<UL><LI><a href="#[3f]">&gt;&gt;</a>&nbsp;&nbsp;&nbsp;Start_BH1750
<LI><a href="#[6e]">&gt;&gt;</a>&nbsp;&nbsp;&nbsp;Init_BH1750
</UL>

<P><STRONG><a name="[3e]"></a>Convert_BH1750</STRONG> (Thumb, 90 bytes, Stack size 24 bytes, bh1750.o(i.Convert_BH1750))
<BR><BR>[Stack]<UL><LI>Max Depth = 80<LI>Call Chain = Convert_BH1750 &rArr; __aeabi_ui2d &rArr; _double_epilogue &rArr; _double_round
</UL>
<BR>[Calls]<UL><LI><a href="#[3d]">&gt;&gt;</a>&nbsp;&nbsp;&nbsp;delay_ms
<LI><a href="#[31]">&gt;&gt;</a>&nbsp;&nbsp;&nbsp;__aeabi_ui2d
<LI><a href="#[2f]">&gt;&gt;</a>&nbsp;&nbsp;&nbsp;__aeabi_ddiv
<LI><a href="#[33]">&gt;&gt;</a>&nbsp;&nbsp;&nbsp;__aeabi_d2f
<LI><a href="#[3f]">&gt;&gt;</a>&nbsp;&nbsp;&nbsp;Start_BH1750
<LI><a href="#[40]">&gt;&gt;</a>&nbsp;&nbsp;&nbsp;Read_BH1750
</UL>
<BR>[Called By]<UL><LI><a href="#[d7]">&gt;&gt;</a>&nbsp;&nbsp;&nbsp;report_light_intensity
</UL>

<P><STRONG><a name="[62]"></a>DelayInit</STRONG> (Thumb, 34 bytes, Stack size 0 bytes, delay.o(i.DelayInit))
<BR><BR>[Called By]<UL><LI><a href="#[60]">&gt;&gt;</a>&nbsp;&nbsp;&nbsp;HardWare_Init
</UL>

<P><STRONG><a name="[41]"></a>HAL_Delay</STRONG> (Thumb, 32 bytes, Stack size 16 bytes, stm32l4xx_hal.o(i.HAL_Delay))
<BR><BR>[Stack]<UL><LI>Max Depth = 24<LI>Call Chain = HAL_Delay &rArr; HAL_GetTick
</UL>
<BR>[Calls]<UL><LI><a href="#[42]">&gt;&gt;</a>&nbsp;&nbsp;&nbsp;HAL_GetTick
</UL>
<BR>[Called By]<UL><LI><a href="#[b5]">&gt;&gt;</a>&nbsp;&nbsp;&nbsp;OLED_Init
</UL>

<P><STRONG><a name="[46]"></a>HAL_GPIO_Init</STRONG> (Thumb, 432 bytes, Stack size 20 bytes, stm32l4xx_hal_gpio.o(i.HAL_GPIO_Init))
<BR><BR>[Stack]<UL><LI>Max Depth = 20<LI>Call Chain = HAL_GPIO_Init
</UL>
<BR>[Called By]<UL><LI><a href="#[45]">&gt;&gt;</a>&nbsp;&nbsp;&nbsp;HAL_I2C_MspInit
<LI><a href="#[63]">&gt;&gt;</a>&nbsp;&nbsp;&nbsp;MX_GPIO_Init
<LI><a href="#[67]">&gt;&gt;</a>&nbsp;&nbsp;&nbsp;I2C_InitGPIO
<LI><a href="#[59]">&gt;&gt;</a>&nbsp;&nbsp;&nbsp;HAL_UART_MspInit
</UL>

<P><STRONG><a name="[6a]"></a>HAL_GPIO_ReadPin</STRONG> (Thumb, 16 bytes, Stack size 0 bytes, stm32l4xx_hal_gpio.o(i.HAL_GPIO_ReadPin))
<BR><BR>[Called By]<UL><LI><a href="#[3a]">&gt;&gt;</a>&nbsp;&nbsp;&nbsp;I2C_WaitAck
<LI><a href="#[69]">&gt;&gt;</a>&nbsp;&nbsp;&nbsp;I2C_ReadByte
</UL>

<P><STRONG><a name="[66]"></a>HAL_GPIO_WritePin</STRONG> (Thumb, 10 bytes, Stack size 0 bytes, stm32l4xx_hal_gpio.o(i.HAL_GPIO_WritePin))
<BR><BR>[Called By]<UL><LI><a href="#[63]">&gt;&gt;</a>&nbsp;&nbsp;&nbsp;MX_GPIO_Init
<LI><a href="#[3a]">&gt;&gt;</a>&nbsp;&nbsp;&nbsp;I2C_WaitAck
<LI><a href="#[3c]">&gt;&gt;</a>&nbsp;&nbsp;&nbsp;I2C_Stop
<LI><a href="#[38]">&gt;&gt;</a>&nbsp;&nbsp;&nbsp;I2C_Start
<LI><a href="#[39]">&gt;&gt;</a>&nbsp;&nbsp;&nbsp;I2C_SendByte
<LI><a href="#[69]">&gt;&gt;</a>&nbsp;&nbsp;&nbsp;I2C_ReadByte
<LI><a href="#[68]">&gt;&gt;</a>&nbsp;&nbsp;&nbsp;I2C_NAck
<LI><a href="#[65]">&gt;&gt;</a>&nbsp;&nbsp;&nbsp;I2C_Ack
<LI><a href="#[67]">&gt;&gt;</a>&nbsp;&nbsp;&nbsp;I2C_InitGPIO
<LI><a href="#[be]">&gt;&gt;</a>&nbsp;&nbsp;&nbsp;Write_IIC_Byte
<LI><a href="#[6d]">&gt;&gt;</a>&nbsp;&nbsp;&nbsp;IIC_Wait_Ack
<LI><a href="#[6c]">&gt;&gt;</a>&nbsp;&nbsp;&nbsp;IIC_Stop
<LI><a href="#[6b]">&gt;&gt;</a>&nbsp;&nbsp;&nbsp;IIC_Start
<LI><a href="#[ed]">&gt;&gt;</a>&nbsp;&nbsp;&nbsp;led_on
<LI><a href="#[ee]">&gt;&gt;</a>&nbsp;&nbsp;&nbsp;led_off
</UL>

<P><STRONG><a name="[42]"></a>HAL_GetTick</STRONG> (Thumb, 8 bytes, Stack size 8 bytes, sys_init.o(i.HAL_GetTick))
<BR><BR>[Stack]<UL><LI>Max Depth = 8<LI>Call Chain = HAL_GetTick
</UL>
<BR>[Calls]<UL><LI><a href="#[43]">&gt;&gt;</a>&nbsp;&nbsp;&nbsp;LOS_TickCountGet
</UL>
<BR>[Called By]<UL><LI><a href="#[56]">&gt;&gt;</a>&nbsp;&nbsp;&nbsp;HAL_RCC_OscConfig
<LI><a href="#[51]">&gt;&gt;</a>&nbsp;&nbsp;&nbsp;HAL_RCC_ClockConfig
<LI><a href="#[4f]">&gt;&gt;</a>&nbsp;&nbsp;&nbsp;HAL_RCCEx_PeriphCLKConfig
<LI><a href="#[5e]">&gt;&gt;</a>&nbsp;&nbsp;&nbsp;HAL_UART_Transmit
<LI><a href="#[41]">&gt;&gt;</a>&nbsp;&nbsp;&nbsp;HAL_Delay
<LI><a href="#[50]">&gt;&gt;</a>&nbsp;&nbsp;&nbsp;RCCEx_PLLSAI1_Config
<LI><a href="#[5f]">&gt;&gt;</a>&nbsp;&nbsp;&nbsp;UART_WaitOnFlagUntilTimeout
<LI><a href="#[5c]">&gt;&gt;</a>&nbsp;&nbsp;&nbsp;UART_CheckIdleState
</UL>

<P><STRONG><a name="[b1]"></a>HAL_I2CEx_ConfigAnalogFilter</STRONG> (Thumb, 106 bytes, Stack size 0 bytes, stm32l4xx_hal_i2c_ex.o(i.HAL_I2CEx_ConfigAnalogFilter))
<BR><BR>[Called By]<UL><LI><a href="#[64]">&gt;&gt;</a>&nbsp;&nbsp;&nbsp;MX_I2C1_Init
</UL>

<P><STRONG><a name="[b2]"></a>HAL_I2CEx_ConfigDigitalFilter</STRONG> (Thumb, 106 bytes, Stack size 8 bytes, stm32l4xx_hal_i2c_ex.o(i.HAL_I2CEx_ConfigDigitalFilter))
<BR><BR>[Stack]<UL><LI>Max Depth = 8<LI>Call Chain = HAL_I2CEx_ConfigDigitalFilter
</UL>
<BR>[Called By]<UL><LI><a href="#[64]">&gt;&gt;</a>&nbsp;&nbsp;&nbsp;MX_I2C1_Init
</UL>

<P><STRONG><a name="[44]"></a>HAL_I2C_Init</STRONG> (Thumb, 192 bytes, Stack size 8 bytes, stm32l4xx_hal_i2c.o(i.HAL_I2C_Init))
<BR><BR>[Stack]<UL><LI>Max Depth = 60<LI>Call Chain = HAL_I2C_Init &rArr; HAL_I2C_MspInit &rArr; HAL_GPIO_Init
</UL>
<BR>[Calls]<UL><LI><a href="#[45]">&gt;&gt;</a>&nbsp;&nbsp;&nbsp;HAL_I2C_MspInit
</UL>
<BR>[Called By]<UL><LI><a href="#[64]">&gt;&gt;</a>&nbsp;&nbsp;&nbsp;MX_I2C1_Init
</UL>

<P><STRONG><a name="[45]"></a>HAL_I2C_MspInit</STRONG> (Thumb, 76 bytes, Stack size 32 bytes, i2c.o(i.HAL_I2C_MspInit))
<BR><BR>[Stack]<UL><LI>Max Depth = 52<LI>Call Chain = HAL_I2C_MspInit &rArr; HAL_GPIO_Init
</UL>
<BR>[Calls]<UL><LI><a href="#[46]">&gt;&gt;</a>&nbsp;&nbsp;&nbsp;HAL_GPIO_Init
</UL>
<BR>[Called By]<UL><LI><a href="#[44]">&gt;&gt;</a>&nbsp;&nbsp;&nbsp;HAL_I2C_Init
</UL>

<P><STRONG><a name="[47]"></a>HAL_Init</STRONG> (Thumb, 22 bytes, Stack size 8 bytes, stm32l4xx_hal.o(i.HAL_Init))
<BR><BR>[Stack]<UL><LI>Max Depth = 72<LI>Call Chain = HAL_Init &rArr; HAL_InitTick &rArr; HAL_NVIC_SetPriority &rArr; NVIC_SetPriority
</UL>
<BR>[Calls]<UL><LI><a href="#[4a]">&gt;&gt;</a>&nbsp;&nbsp;&nbsp;HAL_MspInit
<LI><a href="#[49]">&gt;&gt;</a>&nbsp;&nbsp;&nbsp;HAL_InitTick
<LI><a href="#[48]">&gt;&gt;</a>&nbsp;&nbsp;&nbsp;HAL_NVIC_SetPriorityGrouping
</UL>
<BR>[Called By]<UL><LI><a href="#[60]">&gt;&gt;</a>&nbsp;&nbsp;&nbsp;HardWare_Init
</UL>

<P><STRONG><a name="[49]"></a>HAL_InitTick</STRONG> (Thumb, 36 bytes, Stack size 16 bytes, stm32l4xx_hal.o(i.HAL_InitTick))
<BR><BR>[Stack]<UL><LI>Max Depth = 64<LI>Call Chain = HAL_InitTick &rArr; HAL_NVIC_SetPriority &rArr; NVIC_SetPriority
</UL>
<BR>[Calls]<UL><LI><a href="#[4c]">&gt;&gt;</a>&nbsp;&nbsp;&nbsp;HAL_NVIC_SetPriority
<LI><a href="#[4b]">&gt;&gt;</a>&nbsp;&nbsp;&nbsp;HAL_SYSTICK_Config
</UL>
<BR>[Called By]<UL><LI><a href="#[56]">&gt;&gt;</a>&nbsp;&nbsp;&nbsp;HAL_RCC_OscConfig
<LI><a href="#[51]">&gt;&gt;</a>&nbsp;&nbsp;&nbsp;HAL_RCC_ClockConfig
<LI><a href="#[47]">&gt;&gt;</a>&nbsp;&nbsp;&nbsp;HAL_Init
</UL>

<P><STRONG><a name="[4a]"></a>HAL_MspInit</STRONG> (Thumb, 2 bytes, Stack size 0 bytes, stm32l4xx_hal.o(i.HAL_MspInit))
<BR><BR>[Called By]<UL><LI><a href="#[47]">&gt;&gt;</a>&nbsp;&nbsp;&nbsp;HAL_Init
</UL>

<P><STRONG><a name="[5d]"></a>HAL_NVIC_EnableIRQ</STRONG> (Thumb, 26 bytes, Stack size 0 bytes, stm32l4xx_hal_cortex.o(i.HAL_NVIC_EnableIRQ))
<BR><BR>[Called By]<UL><LI><a href="#[63]">&gt;&gt;</a>&nbsp;&nbsp;&nbsp;MX_GPIO_Init
<LI><a href="#[59]">&gt;&gt;</a>&nbsp;&nbsp;&nbsp;HAL_UART_MspInit
</UL>

<P><STRONG><a name="[4c]"></a>HAL_NVIC_SetPriority</STRONG> (Thumb, 124 bytes, Stack size 40 bytes, stm32l4xx_hal_cortex.o(i.HAL_NVIC_SetPriority))
<BR><BR>[Stack]<UL><LI>Max Depth = 48<LI>Call Chain = HAL_NVIC_SetPriority &rArr; NVIC_SetPriority
</UL>
<BR>[Calls]<UL><LI><a href="#[4e]">&gt;&gt;</a>&nbsp;&nbsp;&nbsp;NVIC_SetPriority
<LI><a href="#[4d]">&gt;&gt;</a>&nbsp;&nbsp;&nbsp;NVIC_GetPriorityGrouping
</UL>
<BR>[Called By]<UL><LI><a href="#[63]">&gt;&gt;</a>&nbsp;&nbsp;&nbsp;MX_GPIO_Init
<LI><a href="#[59]">&gt;&gt;</a>&nbsp;&nbsp;&nbsp;HAL_UART_MspInit
<LI><a href="#[49]">&gt;&gt;</a>&nbsp;&nbsp;&nbsp;HAL_InitTick
</UL>

<P><STRONG><a name="[48]"></a>HAL_NVIC_SetPriorityGrouping</STRONG> (Thumb, 32 bytes, Stack size 0 bytes, stm32l4xx_hal_cortex.o(i.HAL_NVIC_SetPriorityGrouping))
<BR><BR>[Called By]<UL><LI><a href="#[47]">&gt;&gt;</a>&nbsp;&nbsp;&nbsp;HAL_Init
</UL>

<P><STRONG><a name="[bd]"></a>HAL_PWREx_ControlVoltageScaling</STRONG> (Thumb, 128 bytes, Stack size 0 bytes, stm32l4xx_hal_pwr_ex.o(i.HAL_PWREx_ControlVoltageScaling))
<BR><BR>[Called By]<UL><LI><a href="#[61]">&gt;&gt;</a>&nbsp;&nbsp;&nbsp;SystemClock_Config
</UL>

<P><STRONG><a name="[bc]"></a>HAL_PWREx_GetVoltageRange</STRONG> (Thumb, 10 bytes, Stack size 0 bytes, stm32l4xx_hal_pwr_ex.o(i.HAL_PWREx_GetVoltageRange))
<BR><BR>[Called By]<UL><LI><a href="#[57]">&gt;&gt;</a>&nbsp;&nbsp;&nbsp;RCC_SetFlashLatencyFromMSIRange
</UL>

<P><STRONG><a name="[4f]"></a>HAL_RCCEx_PeriphCLKConfig</STRONG> (Thumb, 896 bytes, Stack size 32 bytes, stm32l4xx_hal_rcc_ex.o(i.HAL_RCCEx_PeriphCLKConfig))
<BR><BR>[Stack]<UL><LI>Max Depth = 64<LI>Call Chain = HAL_RCCEx_PeriphCLKConfig &rArr; RCCEx_PLLSAI1_Config &rArr; HAL_GetTick
</UL>
<BR>[Calls]<UL><LI><a href="#[42]">&gt;&gt;</a>&nbsp;&nbsp;&nbsp;HAL_GetTick
<LI><a href="#[50]">&gt;&gt;</a>&nbsp;&nbsp;&nbsp;RCCEx_PLLSAI1_Config
</UL>
<BR>[Called By]<UL><LI><a href="#[61]">&gt;&gt;</a>&nbsp;&nbsp;&nbsp;SystemClock_Config
</UL>

<P><STRONG><a name="[51]"></a>HAL_RCC_ClockConfig</STRONG> (Thumb, 458 bytes, Stack size 16 bytes, stm32l4xx_hal_rcc.o(i.HAL_RCC_ClockConfig))
<BR><BR>[Stack]<UL><LI>Max Depth = 80<LI>Call Chain = HAL_RCC_ClockConfig &rArr; HAL_InitTick &rArr; HAL_NVIC_SetPriority &rArr; NVIC_SetPriority
</UL>
<BR>[Calls]<UL><LI><a href="#[42]">&gt;&gt;</a>&nbsp;&nbsp;&nbsp;HAL_GetTick
<LI><a href="#[49]">&gt;&gt;</a>&nbsp;&nbsp;&nbsp;HAL_InitTick
<LI><a href="#[52]">&gt;&gt;</a>&nbsp;&nbsp;&nbsp;HAL_RCC_GetSysClockFreq
</UL>
<BR>[Called By]<UL><LI><a href="#[61]">&gt;&gt;</a>&nbsp;&nbsp;&nbsp;SystemClock_Config
</UL>

<P><STRONG><a name="[54]"></a>HAL_RCC_GetHCLKFreq</STRONG> (Thumb, 6 bytes, Stack size 0 bytes, stm32l4xx_hal_rcc.o(i.HAL_RCC_GetHCLKFreq))
<BR><BR>[Called By]<UL><LI><a href="#[55]">&gt;&gt;</a>&nbsp;&nbsp;&nbsp;HAL_RCC_GetPCLK2Freq
<LI><a href="#[53]">&gt;&gt;</a>&nbsp;&nbsp;&nbsp;HAL_RCC_GetPCLK1Freq
</UL>

<P><STRONG><a name="[53]"></a>HAL_RCC_GetPCLK1Freq</STRONG> (Thumb, 22 bytes, Stack size 4 bytes, stm32l4xx_hal_rcc.o(i.HAL_RCC_GetPCLK1Freq))
<BR><BR>[Stack]<UL><LI>Max Depth = 4<LI>Call Chain = HAL_RCC_GetPCLK1Freq
</UL>
<BR>[Calls]<UL><LI><a href="#[54]">&gt;&gt;</a>&nbsp;&nbsp;&nbsp;HAL_RCC_GetHCLKFreq
</UL>
<BR>[Called By]<UL><LI><a href="#[5a]">&gt;&gt;</a>&nbsp;&nbsp;&nbsp;UART_SetConfig
</UL>

<P><STRONG><a name="[55]"></a>HAL_RCC_GetPCLK2Freq</STRONG> (Thumb, 22 bytes, Stack size 4 bytes, stm32l4xx_hal_rcc.o(i.HAL_RCC_GetPCLK2Freq))
<BR><BR>[Stack]<UL><LI>Max Depth = 4<LI>Call Chain = HAL_RCC_GetPCLK2Freq
</UL>
<BR>[Calls]<UL><LI><a href="#[54]">&gt;&gt;</a>&nbsp;&nbsp;&nbsp;HAL_RCC_GetHCLKFreq
</UL>
<BR>[Called By]<UL><LI><a href="#[5a]">&gt;&gt;</a>&nbsp;&nbsp;&nbsp;UART_SetConfig
</UL>

<P><STRONG><a name="[52]"></a>HAL_RCC_GetSysClockFreq</STRONG> (Thumb, 252 bytes, Stack size 20 bytes, stm32l4xx_hal_rcc.o(i.HAL_RCC_GetSysClockFreq))
<BR><BR>[Stack]<UL><LI>Max Depth = 20<LI>Call Chain = HAL_RCC_GetSysClockFreq
</UL>
<BR>[Called By]<UL><LI><a href="#[56]">&gt;&gt;</a>&nbsp;&nbsp;&nbsp;HAL_RCC_OscConfig
<LI><a href="#[51]">&gt;&gt;</a>&nbsp;&nbsp;&nbsp;HAL_RCC_ClockConfig
<LI><a href="#[5a]">&gt;&gt;</a>&nbsp;&nbsp;&nbsp;UART_SetConfig
</UL>

<P><STRONG><a name="[56]"></a>HAL_RCC_OscConfig</STRONG> (Thumb, 1672 bytes, Stack size 24 bytes, stm32l4xx_hal_rcc.o(i.HAL_RCC_OscConfig))
<BR><BR>[Stack]<UL><LI>Max Depth = 88<LI>Call Chain = HAL_RCC_OscConfig &rArr; HAL_InitTick &rArr; HAL_NVIC_SetPriority &rArr; NVIC_SetPriority
</UL>
<BR>[Calls]<UL><LI><a href="#[42]">&gt;&gt;</a>&nbsp;&nbsp;&nbsp;HAL_GetTick
<LI><a href="#[49]">&gt;&gt;</a>&nbsp;&nbsp;&nbsp;HAL_InitTick
<LI><a href="#[57]">&gt;&gt;</a>&nbsp;&nbsp;&nbsp;RCC_SetFlashLatencyFromMSIRange
<LI><a href="#[52]">&gt;&gt;</a>&nbsp;&nbsp;&nbsp;HAL_RCC_GetSysClockFreq
</UL>
<BR>[Called By]<UL><LI><a href="#[61]">&gt;&gt;</a>&nbsp;&nbsp;&nbsp;SystemClock_Config
</UL>

<P><STRONG><a name="[4b]"></a>HAL_SYSTICK_Config</STRONG> (Thumb, 52 bytes, Stack size 16 bytes, stm32l4xx_hal_cortex.o(i.HAL_SYSTICK_Config))
<BR><BR>[Stack]<UL><LI>Max Depth = 24<LI>Call Chain = HAL_SYSTICK_Config &rArr; NVIC_SetPriority
</UL>
<BR>[Calls]<UL><LI><a href="#[4e]">&gt;&gt;</a>&nbsp;&nbsp;&nbsp;NVIC_SetPriority
</UL>
<BR>[Called By]<UL><LI><a href="#[49]">&gt;&gt;</a>&nbsp;&nbsp;&nbsp;HAL_InitTick
</UL>

<P><STRONG><a name="[58]"></a>HAL_UART_Init</STRONG> (Thumb, 120 bytes, Stack size 8 bytes, stm32l4xx_hal_uart.o(i.HAL_UART_Init))
<BR><BR>[Stack]<UL><LI>Max Depth = 88<LI>Call Chain = HAL_UART_Init &rArr; HAL_UART_MspInit &rArr; HAL_NVIC_SetPriority &rArr; NVIC_SetPriority
</UL>
<BR>[Calls]<UL><LI><a href="#[59]">&gt;&gt;</a>&nbsp;&nbsp;&nbsp;HAL_UART_MspInit
<LI><a href="#[5a]">&gt;&gt;</a>&nbsp;&nbsp;&nbsp;UART_SetConfig
<LI><a href="#[5c]">&gt;&gt;</a>&nbsp;&nbsp;&nbsp;UART_CheckIdleState
<LI><a href="#[5b]">&gt;&gt;</a>&nbsp;&nbsp;&nbsp;UART_AdvFeatureConfig
</UL>
<BR>[Called By]<UL><LI><a href="#[f2]">&gt;&gt;</a>&nbsp;&nbsp;&nbsp;uart_debug_init
<LI><a href="#[f4]">&gt;&gt;</a>&nbsp;&nbsp;&nbsp;uart_at_init
</UL>

<P><STRONG><a name="[59]"></a>HAL_UART_MspInit</STRONG> (Thumb, 262 bytes, Stack size 32 bytes, usart.o(i.HAL_UART_MspInit))
<BR><BR>[Stack]<UL><LI>Max Depth = 80<LI>Call Chain = HAL_UART_MspInit &rArr; HAL_NVIC_SetPriority &rArr; NVIC_SetPriority
</UL>
<BR>[Calls]<UL><LI><a href="#[4c]">&gt;&gt;</a>&nbsp;&nbsp;&nbsp;HAL_NVIC_SetPriority
<LI><a href="#[5d]">&gt;&gt;</a>&nbsp;&nbsp;&nbsp;HAL_NVIC_EnableIRQ
<LI><a href="#[46]">&gt;&gt;</a>&nbsp;&nbsp;&nbsp;HAL_GPIO_Init
</UL>
<BR>[Called By]<UL><LI><a href="#[58]">&gt;&gt;</a>&nbsp;&nbsp;&nbsp;HAL_UART_Init
</UL>

<P><STRONG><a name="[5e]"></a>HAL_UART_Transmit</STRONG> (Thumb, 240 bytes, Stack size 32 bytes, stm32l4xx_hal_uart.o(i.HAL_UART_Transmit))
<BR><BR>[Stack]<UL><LI>Max Depth = 64<LI>Call Chain = HAL_UART_Transmit &rArr; UART_WaitOnFlagUntilTimeout &rArr; HAL_GetTick
</UL>
<BR>[Calls]<UL><LI><a href="#[42]">&gt;&gt;</a>&nbsp;&nbsp;&nbsp;HAL_GetTick
<LI><a href="#[5f]">&gt;&gt;</a>&nbsp;&nbsp;&nbsp;UART_WaitOnFlagUntilTimeout
</UL>
<BR>[Called By]<UL><LI><a href="#[8]">&gt;&gt;</a>&nbsp;&nbsp;&nbsp;fputc
<LI><a href="#[e]">&gt;&gt;</a>&nbsp;&nbsp;&nbsp;uart_at_send
</UL>

<P><STRONG><a name="[60]"></a>HardWare_Init</STRONG> (Thumb, 24 bytes, Stack size 8 bytes, main.o(i.HardWare_Init))
<BR><BR>[Stack]<UL><LI>Max Depth = 288<LI>Call Chain = HardWare_Init &rArr; SystemClock_Config &rArr; HAL_RCC_OscConfig &rArr; HAL_InitTick &rArr; HAL_NVIC_SetPriority &rArr; NVIC_SetPriority
</UL>
<BR>[Calls]<UL><LI><a href="#[61]">&gt;&gt;</a>&nbsp;&nbsp;&nbsp;SystemClock_Config
<LI><a href="#[64]">&gt;&gt;</a>&nbsp;&nbsp;&nbsp;MX_I2C1_Init
<LI><a href="#[62]">&gt;&gt;</a>&nbsp;&nbsp;&nbsp;DelayInit
<LI><a href="#[63]">&gt;&gt;</a>&nbsp;&nbsp;&nbsp;MX_GPIO_Init
<LI><a href="#[47]">&gt;&gt;</a>&nbsp;&nbsp;&nbsp;HAL_Init
</UL>
<BR>[Called By]<UL><LI><a href="#[5]">&gt;&gt;</a>&nbsp;&nbsp;&nbsp;main
</UL>

<P><STRONG><a name="[65]"></a>I2C_Ack</STRONG> (Thumb, 84 bytes, Stack size 8 bytes, bh1750.o(i.I2C_Ack))
<BR><BR>[Stack]<UL><LI>Max Depth = 8<LI>Call Chain = I2C_Ack
</UL>
<BR>[Calls]<UL><LI><a href="#[3b]">&gt;&gt;</a>&nbsp;&nbsp;&nbsp;delay_us
<LI><a href="#[66]">&gt;&gt;</a>&nbsp;&nbsp;&nbsp;HAL_GPIO_WritePin
</UL>
<BR>[Called By]<UL><LI><a href="#[69]">&gt;&gt;</a>&nbsp;&nbsp;&nbsp;I2C_ReadByte
</UL>

<P><STRONG><a name="[68]"></a>I2C_NAck</STRONG> (Thumb, 82 bytes, Stack size 8 bytes, bh1750.o(i.I2C_NAck))
<BR><BR>[Stack]<UL><LI>Max Depth = 8<LI>Call Chain = I2C_NAck
</UL>
<BR>[Calls]<UL><LI><a href="#[3b]">&gt;&gt;</a>&nbsp;&nbsp;&nbsp;delay_us
<LI><a href="#[66]">&gt;&gt;</a>&nbsp;&nbsp;&nbsp;HAL_GPIO_WritePin
</UL>
<BR>[Called By]<UL><LI><a href="#[69]">&gt;&gt;</a>&nbsp;&nbsp;&nbsp;I2C_ReadByte
</UL>

<P><STRONG><a name="[69]"></a>I2C_ReadByte</STRONG> (Thumb, 106 bytes, Stack size 16 bytes, bh1750.o(i.I2C_ReadByte))
<BR><BR>[Stack]<UL><LI>Max Depth = 24<LI>Call Chain = I2C_ReadByte &rArr; I2C_NAck
</UL>
<BR>[Calls]<UL><LI><a href="#[3b]">&gt;&gt;</a>&nbsp;&nbsp;&nbsp;delay_us
<LI><a href="#[66]">&gt;&gt;</a>&nbsp;&nbsp;&nbsp;HAL_GPIO_WritePin
<LI><a href="#[6a]">&gt;&gt;</a>&nbsp;&nbsp;&nbsp;HAL_GPIO_ReadPin
<LI><a href="#[68]">&gt;&gt;</a>&nbsp;&nbsp;&nbsp;I2C_NAck
<LI><a href="#[65]">&gt;&gt;</a>&nbsp;&nbsp;&nbsp;I2C_Ack
</UL>
<BR>[Called By]<UL><LI><a href="#[40]">&gt;&gt;</a>&nbsp;&nbsp;&nbsp;Read_BH1750
</UL>

<P><STRONG><a name="[39]"></a>I2C_SendByte</STRONG> (Thumb, 124 bytes, Stack size 16 bytes, bh1750.o(i.I2C_SendByte))
<BR><BR>[Stack]<UL><LI>Max Depth = 16<LI>Call Chain = I2C_SendByte
</UL>
<BR>[Calls]<UL><LI><a href="#[3b]">&gt;&gt;</a>&nbsp;&nbsp;&nbsp;delay_us
<LI><a href="#[66]">&gt;&gt;</a>&nbsp;&nbsp;&nbsp;HAL_GPIO_WritePin
</UL>
<BR>[Called By]<UL><LI><a href="#[40]">&gt;&gt;</a>&nbsp;&nbsp;&nbsp;Read_BH1750
<LI><a href="#[37]">&gt;&gt;</a>&nbsp;&nbsp;&nbsp;Cmd_Write_BH1750
</UL>

<P><STRONG><a name="[38]"></a>I2C_Start</STRONG> (Thumb, 82 bytes, Stack size 8 bytes, bh1750.o(i.I2C_Start))
<BR><BR>[Stack]<UL><LI>Max Depth = 8<LI>Call Chain = I2C_Start
</UL>
<BR>[Calls]<UL><LI><a href="#[3b]">&gt;&gt;</a>&nbsp;&nbsp;&nbsp;delay_us
<LI><a href="#[66]">&gt;&gt;</a>&nbsp;&nbsp;&nbsp;HAL_GPIO_WritePin
</UL>
<BR>[Called By]<UL><LI><a href="#[40]">&gt;&gt;</a>&nbsp;&nbsp;&nbsp;Read_BH1750
<LI><a href="#[37]">&gt;&gt;</a>&nbsp;&nbsp;&nbsp;Cmd_Write_BH1750
</UL>

<P><STRONG><a name="[3c]"></a>I2C_Stop</STRONG> (Thumb, 82 bytes, Stack size 8 bytes, bh1750.o(i.I2C_Stop))
<BR><BR>[Stack]<UL><LI>Max Depth = 8<LI>Call Chain = I2C_Stop
</UL>
<BR>[Calls]<UL><LI><a href="#[3b]">&gt;&gt;</a>&nbsp;&nbsp;&nbsp;delay_us
<LI><a href="#[66]">&gt;&gt;</a>&nbsp;&nbsp;&nbsp;HAL_GPIO_WritePin
</UL>
<BR>[Called By]<UL><LI><a href="#[40]">&gt;&gt;</a>&nbsp;&nbsp;&nbsp;Read_BH1750
<LI><a href="#[3a]">&gt;&gt;</a>&nbsp;&nbsp;&nbsp;I2C_WaitAck
<LI><a href="#[37]">&gt;&gt;</a>&nbsp;&nbsp;&nbsp;Cmd_Write_BH1750
</UL>

<P><STRONG><a name="[3a]"></a>I2C_WaitAck</STRONG> (Thumb, 102 bytes, Stack size 8 bytes, bh1750.o(i.I2C_WaitAck))
<BR><BR>[Stack]<UL><LI>Max Depth = 16<LI>Call Chain = I2C_WaitAck &rArr; I2C_Stop
</UL>
<BR>[Calls]<UL><LI><a href="#[3b]">&gt;&gt;</a>&nbsp;&nbsp;&nbsp;delay_us
<LI><a href="#[66]">&gt;&gt;</a>&nbsp;&nbsp;&nbsp;HAL_GPIO_WritePin
<LI><a href="#[6a]">&gt;&gt;</a>&nbsp;&nbsp;&nbsp;HAL_GPIO_ReadPin
<LI><a href="#[3c]">&gt;&gt;</a>&nbsp;&nbsp;&nbsp;I2C_Stop
</UL>
<BR>[Called By]<UL><LI><a href="#[40]">&gt;&gt;</a>&nbsp;&nbsp;&nbsp;Read_BH1750
<LI><a href="#[37]">&gt;&gt;</a>&nbsp;&nbsp;&nbsp;Cmd_Write_BH1750
</UL>

<P><STRONG><a name="[6b]"></a>IIC_Start</STRONG> (Thumb, 48 bytes, Stack size 8 bytes, oled.o(i.IIC_Start))
<BR><BR>[Stack]<UL><LI>Max Depth = 8<LI>Call Chain = IIC_Start
</UL>
<BR>[Calls]<UL><LI><a href="#[66]">&gt;&gt;</a>&nbsp;&nbsp;&nbsp;HAL_GPIO_WritePin
</UL>
<BR>[Called By]<UL><LI><a href="#[ba]">&gt;&gt;</a>&nbsp;&nbsp;&nbsp;Write_IIC_Data
<LI><a href="#[bb]">&gt;&gt;</a>&nbsp;&nbsp;&nbsp;Write_IIC_Command
</UL>

<P><STRONG><a name="[6c]"></a>IIC_Stop</STRONG> (Thumb, 36 bytes, Stack size 8 bytes, oled.o(i.IIC_Stop))
<BR><BR>[Stack]<UL><LI>Max Depth = 8<LI>Call Chain = IIC_Stop
</UL>
<BR>[Calls]<UL><LI><a href="#[66]">&gt;&gt;</a>&nbsp;&nbsp;&nbsp;HAL_GPIO_WritePin
</UL>
<BR>[Called By]<UL><LI><a href="#[ba]">&gt;&gt;</a>&nbsp;&nbsp;&nbsp;Write_IIC_Data
<LI><a href="#[bb]">&gt;&gt;</a>&nbsp;&nbsp;&nbsp;Write_IIC_Command
</UL>

<P><STRONG><a name="[6d]"></a>IIC_Wait_Ack</STRONG> (Thumb, 26 bytes, Stack size 8 bytes, oled.o(i.IIC_Wait_Ack))
<BR><BR>[Stack]<UL><LI>Max Depth = 8<LI>Call Chain = IIC_Wait_Ack
</UL>
<BR>[Calls]<UL><LI><a href="#[66]">&gt;&gt;</a>&nbsp;&nbsp;&nbsp;HAL_GPIO_WritePin
</UL>
<BR>[Called By]<UL><LI><a href="#[ba]">&gt;&gt;</a>&nbsp;&nbsp;&nbsp;Write_IIC_Data
<LI><a href="#[bb]">&gt;&gt;</a>&nbsp;&nbsp;&nbsp;Write_IIC_Command
</UL>

<P><STRONG><a name="[6e]"></a>Init_BH1750</STRONG> (Thumb, 14 bytes, Stack size 8 bytes, bh1750.o(i.Init_BH1750))
<BR><BR>[Stack]<UL><LI>Max Depth = 60<LI>Call Chain = Init_BH1750 &rArr; I2C_InitGPIO &rArr; HAL_GPIO_Init
</UL>
<BR>[Calls]<UL><LI><a href="#[37]">&gt;&gt;</a>&nbsp;&nbsp;&nbsp;Cmd_Write_BH1750
<LI><a href="#[67]">&gt;&gt;</a>&nbsp;&nbsp;&nbsp;I2C_InitGPIO
</UL>
<BR>[Called By]<UL><LI><a href="#[10]">&gt;&gt;</a>&nbsp;&nbsp;&nbsp;app_main
</UL>

<P><STRONG><a name="[a5]"></a>LOS_Align</STRONG> (Thumb, 28 bytes, Stack size 0 bytes, los_misc.o(i.LOS_Align))
<BR><BR>[Called By]<UL><LI><a href="#[a2]">&gt;&gt;</a>&nbsp;&nbsp;&nbsp;LOS_TaskCreateOnly
</UL>

<P><STRONG><a name="[8d]"></a>LOS_ErrHandle</STRONG> (Thumb, 58 bytes, Stack size 32 bytes, los_err.o(i.LOS_ErrHandle))
<BR><BR>[Stack]<UL><LI>Max Depth = 32<LI>Call Chain = LOS_ErrHandle
</UL>
<BR>[Called By]<UL><LI><a href="#[9d]">&gt;&gt;</a>&nbsp;&nbsp;&nbsp;LOS_SemPost
<LI><a href="#[9c]">&gt;&gt;</a>&nbsp;&nbsp;&nbsp;LOS_SemPend
<LI><a href="#[99]">&gt;&gt;</a>&nbsp;&nbsp;&nbsp;LOS_SemDelete
<LI><a href="#[95]">&gt;&gt;</a>&nbsp;&nbsp;&nbsp;LOS_MuxPost
<LI><a href="#[90]">&gt;&gt;</a>&nbsp;&nbsp;&nbsp;LOS_MuxPend
<LI><a href="#[8e]">&gt;&gt;</a>&nbsp;&nbsp;&nbsp;LOS_MuxDelete
<LI><a href="#[8a]">&gt;&gt;</a>&nbsp;&nbsp;&nbsp;LOS_MuxCreate
<LI><a href="#[fe]">&gt;&gt;</a>&nbsp;&nbsp;&nbsp;osSemCreate
</UL>

<P><STRONG><a name="[6f]"></a>LOS_HwiCreate</STRONG> (Thumb, 164 bytes, Stack size 32 bytes, los_hwi.o(i.LOS_HwiCreate))
<BR><BR>[Stack]<UL><LI>Max Depth = 32 + Unknown Stack Size
<LI>Call Chain = LOS_HwiCreate
</UL>
<BR>[Calls]<UL><LI><a href="#[71]">&gt;&gt;</a>&nbsp;&nbsp;&nbsp;LOS_IntRestore
<LI><a href="#[70]">&gt;&gt;</a>&nbsp;&nbsp;&nbsp;LOS_IntLock
</UL>
<BR>[Called By]<UL><LI><a href="#[f2]">&gt;&gt;</a>&nbsp;&nbsp;&nbsp;uart_debug_init
<LI><a href="#[f4]">&gt;&gt;</a>&nbsp;&nbsp;&nbsp;uart_at_init
</UL>

<P><STRONG><a name="[72]"></a>LOS_KernelInit</STRONG> (Thumb, 152 bytes, Stack size 8 bytes, los_init.o(i.LOS_KernelInit))
<BR><BR>[Stack]<UL><LI>Max Depth = 264 + Unknown Stack Size
<LI>Call Chain = LOS_KernelInit &rArr; osIdleTaskCreate &rArr; LOS_TaskCreate &rArr; LOS_TaskCreateOnly &rArr; LOS_MemAllocAlign &rArr; osHeapAllocAlign &rArr; osHeapAlloc &rArr; osAlarmHeapInfo &rArr; __2printf
</UL>
<BR>[Calls]<UL><LI><a href="#[7b]">&gt;&gt;</a>&nbsp;&nbsp;&nbsp;osQueueInit
<LI><a href="#[7a]">&gt;&gt;</a>&nbsp;&nbsp;&nbsp;osMuxInit
<LI><a href="#[7c]">&gt;&gt;</a>&nbsp;&nbsp;&nbsp;osTimesliceInit
<LI><a href="#[78]">&gt;&gt;</a>&nbsp;&nbsp;&nbsp;osTaskMonInit
<LI><a href="#[77]">&gt;&gt;</a>&nbsp;&nbsp;&nbsp;osTaskInit
<LI><a href="#[7d]">&gt;&gt;</a>&nbsp;&nbsp;&nbsp;osIdleTaskCreate
<LI><a href="#[76]">&gt;&gt;</a>&nbsp;&nbsp;&nbsp;osHwiInit
<LI><a href="#[73]">&gt;&gt;</a>&nbsp;&nbsp;&nbsp;osRegister
<LI><a href="#[74]">&gt;&gt;</a>&nbsp;&nbsp;&nbsp;osMemSystemInit
<LI><a href="#[79]">&gt;&gt;</a>&nbsp;&nbsp;&nbsp;osSemInit
<LI><a href="#[75]">&gt;&gt;</a>&nbsp;&nbsp;&nbsp;__2printf
</UL>
<BR>[Called By]<UL><LI><a href="#[5]">&gt;&gt;</a>&nbsp;&nbsp;&nbsp;main
</UL>

<P><STRONG><a name="[80]"></a>LOS_MemAlloc</STRONG> (Thumb, 30 bytes, Stack size 16 bytes, los_memory.o(i.LOS_MemAlloc))
<BR><BR>[Stack]<UL><LI>Max Depth = 128 + Unknown Stack Size
<LI>Call Chain = LOS_MemAlloc &rArr; osHeapAlloc &rArr; osAlarmHeapInfo &rArr; __2printf
</UL>
<BR>[Calls]<UL><LI><a href="#[81]">&gt;&gt;</a>&nbsp;&nbsp;&nbsp;osHeapAlloc
</UL>
<BR>[Called By]<UL><LI><a href="#[fb]">&gt;&gt;</a>&nbsp;&nbsp;&nbsp;osPriqueueInit
<LI><a href="#[7b]">&gt;&gt;</a>&nbsp;&nbsp;&nbsp;osQueueInit
<LI><a href="#[7a]">&gt;&gt;</a>&nbsp;&nbsp;&nbsp;osMuxInit
<LI><a href="#[77]">&gt;&gt;</a>&nbsp;&nbsp;&nbsp;osTaskInit
<LI><a href="#[79]">&gt;&gt;</a>&nbsp;&nbsp;&nbsp;osSemInit
</UL>

<P><STRONG><a name="[82]"></a>LOS_MemAllocAlign</STRONG> (Thumb, 20 bytes, Stack size 16 bytes, los_memory.o(i.LOS_MemAllocAlign))
<BR><BR>[Stack]<UL><LI>Max Depth = 160 + Unknown Stack Size
<LI>Call Chain = LOS_MemAllocAlign &rArr; osHeapAllocAlign &rArr; osHeapAlloc &rArr; osAlarmHeapInfo &rArr; __2printf
</UL>
<BR>[Calls]<UL><LI><a href="#[83]">&gt;&gt;</a>&nbsp;&nbsp;&nbsp;osHeapAllocAlign
</UL>
<BR>[Called By]<UL><LI><a href="#[a2]">&gt;&gt;</a>&nbsp;&nbsp;&nbsp;LOS_TaskCreateOnly
</UL>

<P><STRONG><a name="[84]"></a>LOS_MemFree</STRONG> (Thumb, 38 bytes, Stack size 16 bytes, los_memory.o(i.LOS_MemFree))
<BR><BR>[Stack]<UL><LI>Max Depth = 80 + Unknown Stack Size
<LI>Call Chain = LOS_MemFree &rArr; osHeapFree &rArr; __2printf
</UL>
<BR>[Calls]<UL><LI><a href="#[85]">&gt;&gt;</a>&nbsp;&nbsp;&nbsp;osHeapFree
</UL>
<BR>[Called By]<UL><LI><a href="#[ad]">&gt;&gt;</a>&nbsp;&nbsp;&nbsp;LOS_TaskDelete
<LI><a href="#[a2]">&gt;&gt;</a>&nbsp;&nbsp;&nbsp;LOS_TaskCreateOnly
</UL>

<P><STRONG><a name="[86]"></a>LOS_MemInit</STRONG> (Thumb, 176 bytes, Stack size 40 bytes, los_memory.o(i.LOS_MemInit))
<BR><BR>[Stack]<UL><LI>Max Depth = 64 + Unknown Stack Size
<LI>Call Chain = LOS_MemInit &rArr; osHeapInit
</UL>
<BR>[Calls]<UL><LI><a href="#[71]">&gt;&gt;</a>&nbsp;&nbsp;&nbsp;LOS_IntRestore
<LI><a href="#[70]">&gt;&gt;</a>&nbsp;&nbsp;&nbsp;LOS_IntLock
<LI><a href="#[87]">&gt;&gt;</a>&nbsp;&nbsp;&nbsp;osHeapInit
<LI><a href="#[75]">&gt;&gt;</a>&nbsp;&nbsp;&nbsp;__2printf
</UL>
<BR>[Called By]<UL><LI><a href="#[74]">&gt;&gt;</a>&nbsp;&nbsp;&nbsp;osMemSystemInit
</UL>

<P><STRONG><a name="[88]"></a>LOS_MemPoolList</STRONG> (Thumb, 28 bytes, Stack size 16 bytes, los_memory.o(i.LOS_MemPoolList))
<BR><BR>[Stack]<UL><LI>Max Depth = 88<LI>Call Chain = LOS_MemPoolList &rArr; osAlarmHeapInfo &rArr; __2printf
</UL>
<BR>[Calls]<UL><LI><a href="#[89]">&gt;&gt;</a>&nbsp;&nbsp;&nbsp;osAlarmHeapInfo
</UL>
<BR>[Called By]<UL><LI><a href="#[21]">&gt;&gt;</a>&nbsp;&nbsp;&nbsp;shell_heapinfo
</UL>

<P><STRONG><a name="[8a]"></a>LOS_MuxCreate</STRONG> (Thumb, 132 bytes, Stack size 32 bytes, los_mux.o(i.LOS_MuxCreate))
<BR><BR>[Stack]<UL><LI>Max Depth = 64 + Unknown Stack Size
<LI>Call Chain = LOS_MuxCreate &rArr; LOS_ErrHandle
</UL>
<BR>[Calls]<UL><LI><a href="#[71]">&gt;&gt;</a>&nbsp;&nbsp;&nbsp;LOS_IntRestore
<LI><a href="#[70]">&gt;&gt;</a>&nbsp;&nbsp;&nbsp;LOS_IntLock
<LI><a href="#[8d]">&gt;&gt;</a>&nbsp;&nbsp;&nbsp;LOS_ErrHandle
<LI><a href="#[8c]">&gt;&gt;</a>&nbsp;&nbsp;&nbsp;LOS_ListInit
<LI><a href="#[8b]">&gt;&gt;</a>&nbsp;&nbsp;&nbsp;LOS_ListEmpty
</UL>
<BR>[Called By]<UL><LI><a href="#[de]">&gt;&gt;</a>&nbsp;&nbsp;&nbsp;mutex_create
</UL>

<P><STRONG><a name="[8e]"></a>LOS_MuxDelete</STRONG> (Thumb, 132 bytes, Stack size 32 bytes, los_mux.o(i.LOS_MuxDelete))
<BR><BR>[Stack]<UL><LI>Max Depth = 64 + Unknown Stack Size
<LI>Call Chain = LOS_MuxDelete &rArr; LOS_ErrHandle
</UL>
<BR>[Calls]<UL><LI><a href="#[71]">&gt;&gt;</a>&nbsp;&nbsp;&nbsp;LOS_IntRestore
<LI><a href="#[70]">&gt;&gt;</a>&nbsp;&nbsp;&nbsp;LOS_IntLock
<LI><a href="#[8d]">&gt;&gt;</a>&nbsp;&nbsp;&nbsp;LOS_ErrHandle
<LI><a href="#[8b]">&gt;&gt;</a>&nbsp;&nbsp;&nbsp;LOS_ListEmpty
<LI><a href="#[8f]">&gt;&gt;</a>&nbsp;&nbsp;&nbsp;LOS_ListAdd
</UL>
<BR>[Called By]<UL><LI><a href="#[e0]">&gt;&gt;</a>&nbsp;&nbsp;&nbsp;mutex_del
</UL>

<P><STRONG><a name="[90]"></a>LOS_MuxPend</STRONG> (Thumb, 312 bytes, Stack size 32 bytes, los_mux.o(i.LOS_MuxPend))
<BR><BR>[Stack]<UL><LI>Max Depth = 104 + Unknown Stack Size
<LI>Call Chain = LOS_MuxPend &rArr; osTaskWait &rArr; osTaskAdd2TimerList &rArr; LOS_ListTailInsert
</UL>
<BR>[Calls]<UL><LI><a href="#[91]">&gt;&gt;</a>&nbsp;&nbsp;&nbsp;osIntNumGet
<LI><a href="#[71]">&gt;&gt;</a>&nbsp;&nbsp;&nbsp;LOS_IntRestore
<LI><a href="#[70]">&gt;&gt;</a>&nbsp;&nbsp;&nbsp;LOS_IntLock
<LI><a href="#[8d]">&gt;&gt;</a>&nbsp;&nbsp;&nbsp;LOS_ErrHandle
<LI><a href="#[94]">&gt;&gt;</a>&nbsp;&nbsp;&nbsp;LOS_Schedule
<LI><a href="#[93]">&gt;&gt;</a>&nbsp;&nbsp;&nbsp;osTaskWait
<LI><a href="#[92]">&gt;&gt;</a>&nbsp;&nbsp;&nbsp;osTaskPriModify
<LI><a href="#[75]">&gt;&gt;</a>&nbsp;&nbsp;&nbsp;__2printf
</UL>
<BR>[Called By]<UL><LI><a href="#[c4]">&gt;&gt;</a>&nbsp;&nbsp;&nbsp;mutex_lock
</UL>

<P><STRONG><a name="[95]"></a>LOS_MuxPost</STRONG> (Thumb, 202 bytes, Stack size 32 bytes, los_mux.o(i.LOS_MuxPost))
<BR><BR>[Stack]<UL><LI>Max Depth = 72 + Unknown Stack Size
<LI>Call Chain = LOS_MuxPost &rArr; osTaskWake &rArr; osTimerListDelete
</UL>
<BR>[Calls]<UL><LI><a href="#[71]">&gt;&gt;</a>&nbsp;&nbsp;&nbsp;LOS_IntRestore
<LI><a href="#[70]">&gt;&gt;</a>&nbsp;&nbsp;&nbsp;LOS_IntLock
<LI><a href="#[8d]">&gt;&gt;</a>&nbsp;&nbsp;&nbsp;LOS_ErrHandle
<LI><a href="#[8b]">&gt;&gt;</a>&nbsp;&nbsp;&nbsp;LOS_ListEmpty
<LI><a href="#[94]">&gt;&gt;</a>&nbsp;&nbsp;&nbsp;LOS_Schedule
<LI><a href="#[96]">&gt;&gt;</a>&nbsp;&nbsp;&nbsp;osTaskWake
<LI><a href="#[92]">&gt;&gt;</a>&nbsp;&nbsp;&nbsp;osTaskPriModify
</UL>
<BR>[Called By]<UL><LI><a href="#[c5]">&gt;&gt;</a>&nbsp;&nbsp;&nbsp;mutex_unlock
</UL>

<P><STRONG><a name="[94]"></a>LOS_Schedule</STRONG> (Thumb, 56 bytes, Stack size 8 bytes, los_hw.o(i.LOS_Schedule))
<BR><BR>[Stack]<UL><LI>Max Depth = 8 + Unknown Stack Size
<LI>Call Chain = LOS_Schedule
</UL>
<BR>[Calls]<UL><LI><a href="#[97]">&gt;&gt;</a>&nbsp;&nbsp;&nbsp;osPriqueueTop
<LI><a href="#[71]">&gt;&gt;</a>&nbsp;&nbsp;&nbsp;LOS_IntRestore
<LI><a href="#[70]">&gt;&gt;</a>&nbsp;&nbsp;&nbsp;LOS_IntLock
<LI><a href="#[98]">&gt;&gt;</a>&nbsp;&nbsp;&nbsp;osTaskSchedule
</UL>
<BR>[Called By]<UL><LI><a href="#[9d]">&gt;&gt;</a>&nbsp;&nbsp;&nbsp;LOS_SemPost
<LI><a href="#[9c]">&gt;&gt;</a>&nbsp;&nbsp;&nbsp;LOS_SemPend
<LI><a href="#[aa]">&gt;&gt;</a>&nbsp;&nbsp;&nbsp;LOS_TaskYield
<LI><a href="#[a9]">&gt;&gt;</a>&nbsp;&nbsp;&nbsp;LOS_TaskDelay
<LI><a href="#[95]">&gt;&gt;</a>&nbsp;&nbsp;&nbsp;LOS_MuxPost
<LI><a href="#[90]">&gt;&gt;</a>&nbsp;&nbsp;&nbsp;LOS_MuxPend
<LI><a href="#[101]">&gt;&gt;</a>&nbsp;&nbsp;&nbsp;osTaskScan
</UL>

<P><STRONG><a name="[99]"></a>LOS_SemDelete</STRONG> (Thumb, 124 bytes, Stack size 32 bytes, los_sem.o(i.LOS_SemDelete))
<BR><BR>[Stack]<UL><LI>Max Depth = 64 + Unknown Stack Size
<LI>Call Chain = LOS_SemDelete &rArr; LOS_ErrHandle
</UL>
<BR>[Calls]<UL><LI><a href="#[71]">&gt;&gt;</a>&nbsp;&nbsp;&nbsp;LOS_IntRestore
<LI><a href="#[70]">&gt;&gt;</a>&nbsp;&nbsp;&nbsp;LOS_IntLock
<LI><a href="#[9a]">&gt;&gt;</a>&nbsp;&nbsp;&nbsp;LOS_ListEmpty
<LI><a href="#[9b]">&gt;&gt;</a>&nbsp;&nbsp;&nbsp;LOS_ListAdd
<LI><a href="#[8d]">&gt;&gt;</a>&nbsp;&nbsp;&nbsp;LOS_ErrHandle
</UL>
<BR>[Called By]<UL><LI><a href="#[e1]">&gt;&gt;</a>&nbsp;&nbsp;&nbsp;semp_del
</UL>

<P><STRONG><a name="[9c]"></a>LOS_SemPend</STRONG> (Thumb, 260 bytes, Stack size 32 bytes, los_sem.o(i.LOS_SemPend))
<BR><BR>[Stack]<UL><LI>Max Depth = 104 + Unknown Stack Size
<LI>Call Chain = LOS_SemPend &rArr; osTaskWait &rArr; osTaskAdd2TimerList &rArr; LOS_ListTailInsert
</UL>
<BR>[Calls]<UL><LI><a href="#[91]">&gt;&gt;</a>&nbsp;&nbsp;&nbsp;osIntNumGet
<LI><a href="#[71]">&gt;&gt;</a>&nbsp;&nbsp;&nbsp;LOS_IntRestore
<LI><a href="#[70]">&gt;&gt;</a>&nbsp;&nbsp;&nbsp;LOS_IntLock
<LI><a href="#[8d]">&gt;&gt;</a>&nbsp;&nbsp;&nbsp;LOS_ErrHandle
<LI><a href="#[94]">&gt;&gt;</a>&nbsp;&nbsp;&nbsp;LOS_Schedule
<LI><a href="#[93]">&gt;&gt;</a>&nbsp;&nbsp;&nbsp;osTaskWait
<LI><a href="#[75]">&gt;&gt;</a>&nbsp;&nbsp;&nbsp;__2printf
</UL>
<BR>[Called By]<UL><LI><a href="#[c8]">&gt;&gt;</a>&nbsp;&nbsp;&nbsp;semp_pend
</UL>

<P><STRONG><a name="[9d]"></a>LOS_SemPost</STRONG> (Thumb, 154 bytes, Stack size 24 bytes, los_sem.o(i.LOS_SemPost))
<BR><BR>[Stack]<UL><LI>Max Depth = 64 + Unknown Stack Size
<LI>Call Chain = LOS_SemPost &rArr; osTaskWake &rArr; osTimerListDelete
</UL>
<BR>[Calls]<UL><LI><a href="#[71]">&gt;&gt;</a>&nbsp;&nbsp;&nbsp;LOS_IntRestore
<LI><a href="#[70]">&gt;&gt;</a>&nbsp;&nbsp;&nbsp;LOS_IntLock
<LI><a href="#[9a]">&gt;&gt;</a>&nbsp;&nbsp;&nbsp;LOS_ListEmpty
<LI><a href="#[8d]">&gt;&gt;</a>&nbsp;&nbsp;&nbsp;LOS_ErrHandle
<LI><a href="#[94]">&gt;&gt;</a>&nbsp;&nbsp;&nbsp;LOS_Schedule
<LI><a href="#[96]">&gt;&gt;</a>&nbsp;&nbsp;&nbsp;osTaskWake
</UL>
<BR>[Called By]<UL><LI><a href="#[c6]">&gt;&gt;</a>&nbsp;&nbsp;&nbsp;semp_post
</UL>

<P><STRONG><a name="[9e]"></a>LOS_Start</STRONG> (Thumb, 38 bytes, Stack size 8 bytes, los_init.o(i.LOS_Start))
<BR><BR>[Stack]<UL><LI>Max Depth = 32 + Unknown Stack Size
<LI>Call Chain = LOS_Start &rArr; __2printf
</UL>
<BR>[Calls]<UL><LI><a href="#[9f]">&gt;&gt;</a>&nbsp;&nbsp;&nbsp;osTickStart
<LI><a href="#[a0]">&gt;&gt;</a>&nbsp;&nbsp;&nbsp;LOS_StartToRun
<LI><a href="#[75]">&gt;&gt;</a>&nbsp;&nbsp;&nbsp;__2printf
</UL>
<BR>[Called By]<UL><LI><a href="#[5]">&gt;&gt;</a>&nbsp;&nbsp;&nbsp;main
</UL>

<P><STRONG><a name="[a1]"></a>LOS_TaskCreate</STRONG> (Thumb, 140 bytes, Stack size 24 bytes, los_task.o(i.LOS_TaskCreate))
<BR><BR>[Stack]<UL><LI>Max Depth = 224 + Unknown Stack Size
<LI>Call Chain = LOS_TaskCreate &rArr; LOS_TaskCreateOnly &rArr; LOS_MemAllocAlign &rArr; osHeapAllocAlign &rArr; osHeapAlloc &rArr; osAlarmHeapInfo &rArr; __2printf
</UL>
<BR>[Calls]<UL><LI><a href="#[97]">&gt;&gt;</a>&nbsp;&nbsp;&nbsp;osPriqueueTop
<LI><a href="#[a3]">&gt;&gt;</a>&nbsp;&nbsp;&nbsp;osPriqueueEnqueue
<LI><a href="#[71]">&gt;&gt;</a>&nbsp;&nbsp;&nbsp;LOS_IntRestore
<LI><a href="#[70]">&gt;&gt;</a>&nbsp;&nbsp;&nbsp;LOS_IntLock
<LI><a href="#[a4]">&gt;&gt;</a>&nbsp;&nbsp;&nbsp;osSchedule
<LI><a href="#[a2]">&gt;&gt;</a>&nbsp;&nbsp;&nbsp;LOS_TaskCreateOnly
</UL>
<BR>[Called By]<UL><LI><a href="#[df]">&gt;&gt;</a>&nbsp;&nbsp;&nbsp;task_create
<LI><a href="#[7d]">&gt;&gt;</a>&nbsp;&nbsp;&nbsp;osIdleTaskCreate
</UL>

<P><STRONG><a name="[a2]"></a>LOS_TaskCreateOnly</STRONG> (Thumb, 364 bytes, Stack size 40 bytes, los_task.o(i.LOS_TaskCreateOnly))
<BR><BR>[Stack]<UL><LI>Max Depth = 200 + Unknown Stack Size
<LI>Call Chain = LOS_TaskCreateOnly &rArr; LOS_MemAllocAlign &rArr; osHeapAllocAlign &rArr; osHeapAlloc &rArr; osAlarmHeapInfo &rArr; __2printf
</UL>
<BR>[Calls]<UL><LI><a href="#[84]">&gt;&gt;</a>&nbsp;&nbsp;&nbsp;LOS_MemFree
<LI><a href="#[71]">&gt;&gt;</a>&nbsp;&nbsp;&nbsp;LOS_IntRestore
<LI><a href="#[70]">&gt;&gt;</a>&nbsp;&nbsp;&nbsp;LOS_IntLock
<LI><a href="#[a8]">&gt;&gt;</a>&nbsp;&nbsp;&nbsp;osTskStackInit
<LI><a href="#[82]">&gt;&gt;</a>&nbsp;&nbsp;&nbsp;LOS_MemAllocAlign
<LI><a href="#[a5]">&gt;&gt;</a>&nbsp;&nbsp;&nbsp;LOS_Align
<LI><a href="#[a7]">&gt;&gt;</a>&nbsp;&nbsp;&nbsp;LOS_ListEmpty
<LI><a href="#[a6]">&gt;&gt;</a>&nbsp;&nbsp;&nbsp;LOS_ListDelete
<LI><a href="#[7f]">&gt;&gt;</a>&nbsp;&nbsp;&nbsp;LOS_ListAdd
</UL>
<BR>[Called By]<UL><LI><a href="#[a1]">&gt;&gt;</a>&nbsp;&nbsp;&nbsp;LOS_TaskCreate
</UL>

<P><STRONG><a name="[a9]"></a>LOS_TaskDelay</STRONG> (Thumb, 106 bytes, Stack size 16 bytes, los_task.o(i.LOS_TaskDelay))
<BR><BR>[Stack]<UL><LI>Max Depth = 64 + Unknown Stack Size
<LI>Call Chain = LOS_TaskDelay &rArr; osTaskAdd2TimerList &rArr; LOS_ListTailInsert
</UL>
<BR>[Calls]<UL><LI><a href="#[ab]">&gt;&gt;</a>&nbsp;&nbsp;&nbsp;osPriqueueDequeue
<LI><a href="#[91]">&gt;&gt;</a>&nbsp;&nbsp;&nbsp;osIntNumGet
<LI><a href="#[aa]">&gt;&gt;</a>&nbsp;&nbsp;&nbsp;LOS_TaskYield
<LI><a href="#[71]">&gt;&gt;</a>&nbsp;&nbsp;&nbsp;LOS_IntRestore
<LI><a href="#[70]">&gt;&gt;</a>&nbsp;&nbsp;&nbsp;LOS_IntLock
<LI><a href="#[94]">&gt;&gt;</a>&nbsp;&nbsp;&nbsp;LOS_Schedule
<LI><a href="#[ac]">&gt;&gt;</a>&nbsp;&nbsp;&nbsp;osTaskAdd2TimerList
</UL>
<BR>[Called By]<UL><LI><a href="#[da]">&gt;&gt;</a>&nbsp;&nbsp;&nbsp;task_sleepms
</UL>

<P><STRONG><a name="[ad]"></a>LOS_TaskDelete</STRONG> (Thumb, 336 bytes, Stack size 24 bytes, los_task.o(i.LOS_TaskDelete))
<BR><BR>[Stack]<UL><LI>Max Depth = 104 + Unknown Stack Size
<LI>Call Chain = LOS_TaskDelete &rArr; LOS_MemFree &rArr; osHeapFree &rArr; __2printf
</UL>
<BR>[Calls]<UL><LI><a href="#[97]">&gt;&gt;</a>&nbsp;&nbsp;&nbsp;osPriqueueTop
<LI><a href="#[ab]">&gt;&gt;</a>&nbsp;&nbsp;&nbsp;osPriqueueDequeue
<LI><a href="#[84]">&gt;&gt;</a>&nbsp;&nbsp;&nbsp;LOS_MemFree
<LI><a href="#[71]">&gt;&gt;</a>&nbsp;&nbsp;&nbsp;LOS_IntRestore
<LI><a href="#[70]">&gt;&gt;</a>&nbsp;&nbsp;&nbsp;LOS_IntLock
<LI><a href="#[a4]">&gt;&gt;</a>&nbsp;&nbsp;&nbsp;osSchedule
<LI><a href="#[ae]">&gt;&gt;</a>&nbsp;&nbsp;&nbsp;osTimerListDelete
<LI><a href="#[7e]">&gt;&gt;</a>&nbsp;&nbsp;&nbsp;LOS_ListTailInsert
<LI><a href="#[a6]">&gt;&gt;</a>&nbsp;&nbsp;&nbsp;LOS_ListDelete
<LI><a href="#[7f]">&gt;&gt;</a>&nbsp;&nbsp;&nbsp;LOS_ListAdd
</UL>
<BR>[Called By]<UL><LI><a href="#[14]">&gt;&gt;</a>&nbsp;&nbsp;&nbsp;osTaskEntry
</UL>

<P><STRONG><a name="[aa]"></a>LOS_TaskYield</STRONG> (Thumb, 134 bytes, Stack size 16 bytes, los_task.o(i.LOS_TaskYield))
<BR><BR>[Stack]<UL><LI>Max Depth = 32 + Unknown Stack Size
<LI>Call Chain = LOS_TaskYield &rArr; osPriqueueEnqueue
</UL>
<BR>[Calls]<UL><LI><a href="#[af]">&gt;&gt;</a>&nbsp;&nbsp;&nbsp;osPriqueueSize
<LI><a href="#[a3]">&gt;&gt;</a>&nbsp;&nbsp;&nbsp;osPriqueueEnqueue
<LI><a href="#[71]">&gt;&gt;</a>&nbsp;&nbsp;&nbsp;LOS_IntRestore
<LI><a href="#[70]">&gt;&gt;</a>&nbsp;&nbsp;&nbsp;LOS_IntLock
<LI><a href="#[94]">&gt;&gt;</a>&nbsp;&nbsp;&nbsp;LOS_Schedule
<LI><a href="#[a6]">&gt;&gt;</a>&nbsp;&nbsp;&nbsp;LOS_ListDelete
</UL>
<BR>[Called By]<UL><LI><a href="#[a9]">&gt;&gt;</a>&nbsp;&nbsp;&nbsp;LOS_TaskDelay
<LI><a href="#[102]">&gt;&gt;</a>&nbsp;&nbsp;&nbsp;osTimesliceCheck
</UL>

<P><STRONG><a name="[43]"></a>LOS_TickCountGet</STRONG> (Thumb, 6 bytes, Stack size 0 bytes, los_sys.o(i.LOS_TickCountGet))
<BR><BR>[Called By]<UL><LI><a href="#[42]">&gt;&gt;</a>&nbsp;&nbsp;&nbsp;HAL_GetTick
</UL>

<P><STRONG><a name="[63]"></a>MX_GPIO_Init</STRONG> (Thumb, 326 bytes, Stack size 32 bytes, gpio.o(i.MX_GPIO_Init))
<BR><BR>[Stack]<UL><LI>Max Depth = 80<LI>Call Chain = MX_GPIO_Init &rArr; HAL_NVIC_SetPriority &rArr; NVIC_SetPriority
</UL>
<BR>[Calls]<UL><LI><a href="#[4c]">&gt;&gt;</a>&nbsp;&nbsp;&nbsp;HAL_NVIC_SetPriority
<LI><a href="#[5d]">&gt;&gt;</a>&nbsp;&nbsp;&nbsp;HAL_NVIC_EnableIRQ
<LI><a href="#[66]">&gt;&gt;</a>&nbsp;&nbsp;&nbsp;HAL_GPIO_WritePin
<LI><a href="#[46]">&gt;&gt;</a>&nbsp;&nbsp;&nbsp;HAL_GPIO_Init
</UL>
<BR>[Called By]<UL><LI><a href="#[60]">&gt;&gt;</a>&nbsp;&nbsp;&nbsp;HardWare_Init
</UL>

<P><STRONG><a name="[64]"></a>MX_I2C1_Init</STRONG> (Thumb, 86 bytes, Stack size 8 bytes, i2c.o(i.MX_I2C1_Init))
<BR><BR>[Stack]<UL><LI>Max Depth = 68<LI>Call Chain = MX_I2C1_Init &rArr; HAL_I2C_Init &rArr; HAL_I2C_MspInit &rArr; HAL_GPIO_Init
</UL>
<BR>[Calls]<UL><LI><a href="#[b0]">&gt;&gt;</a>&nbsp;&nbsp;&nbsp;_Error_Handler
<LI><a href="#[44]">&gt;&gt;</a>&nbsp;&nbsp;&nbsp;HAL_I2C_Init
<LI><a href="#[b2]">&gt;&gt;</a>&nbsp;&nbsp;&nbsp;HAL_I2CEx_ConfigDigitalFilter
<LI><a href="#[b1]">&gt;&gt;</a>&nbsp;&nbsp;&nbsp;HAL_I2CEx_ConfigAnalogFilter
</UL>
<BR>[Called By]<UL><LI><a href="#[60]">&gt;&gt;</a>&nbsp;&nbsp;&nbsp;HardWare_Init
</UL>

<P><STRONG><a name="[b3]"></a>OLED_Clear</STRONG> (Thumb, 62 bytes, Stack size 16 bytes, oled.o(i.OLED_Clear))
<BR><BR>[Stack]<UL><LI>Max Depth = 64<LI>Call Chain = OLED_Clear &rArr; OLED_WR_Byte &rArr; Write_IIC_Data &rArr; Write_IIC_Byte
</UL>
<BR>[Calls]<UL><LI><a href="#[b4]">&gt;&gt;</a>&nbsp;&nbsp;&nbsp;OLED_WR_Byte
</UL>
<BR>[Called By]<UL><LI><a href="#[b5]">&gt;&gt;</a>&nbsp;&nbsp;&nbsp;OLED_Init
<LI><a href="#[d4]">&gt;&gt;</a>&nbsp;&nbsp;&nbsp;led_display
</UL>

<P><STRONG><a name="[b5]"></a>OLED_Init</STRONG> (Thumb, 198 bytes, Stack size 8 bytes, oled.o(i.OLED_Init))
<BR><BR>[Stack]<UL><LI>Max Depth = 72<LI>Call Chain = OLED_Init &rArr; OLED_Clear &rArr; OLED_WR_Byte &rArr; Write_IIC_Data &rArr; Write_IIC_Byte
</UL>
<BR>[Calls]<UL><LI><a href="#[41]">&gt;&gt;</a>&nbsp;&nbsp;&nbsp;HAL_Delay
<LI><a href="#[b4]">&gt;&gt;</a>&nbsp;&nbsp;&nbsp;OLED_WR_Byte
<LI><a href="#[b3]">&gt;&gt;</a>&nbsp;&nbsp;&nbsp;OLED_Clear
</UL>
<BR>[Called By]<UL><LI><a href="#[d4]">&gt;&gt;</a>&nbsp;&nbsp;&nbsp;led_display
</UL>

<P><STRONG><a name="[b6]"></a>OLED_Set_Pos</STRONG> (Thumb, 40 bytes, Stack size 16 bytes, oled.o(i.OLED_Set_Pos))
<BR><BR>[Stack]<UL><LI>Max Depth = 64<LI>Call Chain = OLED_Set_Pos &rArr; OLED_WR_Byte &rArr; Write_IIC_Data &rArr; Write_IIC_Byte
</UL>
<BR>[Calls]<UL><LI><a href="#[b4]">&gt;&gt;</a>&nbsp;&nbsp;&nbsp;OLED_WR_Byte
</UL>
<BR>[Called By]<UL><LI><a href="#[b8]">&gt;&gt;</a>&nbsp;&nbsp;&nbsp;OLED_ShowChar
<LI><a href="#[b7]">&gt;&gt;</a>&nbsp;&nbsp;&nbsp;OLED_ShowCHinese
</UL>

<P><STRONG><a name="[b7]"></a>OLED_ShowCHinese</STRONG> (Thumb, 98 bytes, Stack size 24 bytes, oled.o(i.OLED_ShowCHinese))
<BR><BR>[Stack]<UL><LI>Max Depth = 88<LI>Call Chain = OLED_ShowCHinese &rArr; OLED_Set_Pos &rArr; OLED_WR_Byte &rArr; Write_IIC_Data &rArr; Write_IIC_Byte
</UL>
<BR>[Calls]<UL><LI><a href="#[b4]">&gt;&gt;</a>&nbsp;&nbsp;&nbsp;OLED_WR_Byte
<LI><a href="#[b6]">&gt;&gt;</a>&nbsp;&nbsp;&nbsp;OLED_Set_Pos
</UL>
<BR>[Called By]<UL><LI><a href="#[d4]">&gt;&gt;</a>&nbsp;&nbsp;&nbsp;led_display
</UL>

<P><STRONG><a name="[b8]"></a>OLED_ShowChar</STRONG> (Thumb, 154 bytes, Stack size 32 bytes, oled.o(i.OLED_ShowChar))
<BR><BR>[Stack]<UL><LI>Max Depth = 96<LI>Call Chain = OLED_ShowChar &rArr; OLED_Set_Pos &rArr; OLED_WR_Byte &rArr; Write_IIC_Data &rArr; Write_IIC_Byte
</UL>
<BR>[Calls]<UL><LI><a href="#[b4]">&gt;&gt;</a>&nbsp;&nbsp;&nbsp;OLED_WR_Byte
<LI><a href="#[b6]">&gt;&gt;</a>&nbsp;&nbsp;&nbsp;OLED_Set_Pos
</UL>
<BR>[Called By]<UL><LI><a href="#[b9]">&gt;&gt;</a>&nbsp;&nbsp;&nbsp;OLED_ShowString
</UL>

<P><STRONG><a name="[b9]"></a>OLED_ShowString</STRONG> (Thumb, 58 bytes, Stack size 24 bytes, oled.o(i.OLED_ShowString))
<BR><BR>[Stack]<UL><LI>Max Depth = 120<LI>Call Chain = OLED_ShowString &rArr; OLED_ShowChar &rArr; OLED_Set_Pos &rArr; OLED_WR_Byte &rArr; Write_IIC_Data &rArr; Write_IIC_Byte
</UL>
<BR>[Calls]<UL><LI><a href="#[b8]">&gt;&gt;</a>&nbsp;&nbsp;&nbsp;OLED_ShowChar
</UL>
<BR>[Called By]<UL><LI><a href="#[d4]">&gt;&gt;</a>&nbsp;&nbsp;&nbsp;led_display
</UL>

<P><STRONG><a name="[b4]"></a>OLED_WR_Byte</STRONG> (Thumb, 24 bytes, Stack size 16 bytes, oled.o(i.OLED_WR_Byte))
<BR><BR>[Stack]<UL><LI>Max Depth = 48<LI>Call Chain = OLED_WR_Byte &rArr; Write_IIC_Data &rArr; Write_IIC_Byte
</UL>
<BR>[Calls]<UL><LI><a href="#[ba]">&gt;&gt;</a>&nbsp;&nbsp;&nbsp;Write_IIC_Data
<LI><a href="#[bb]">&gt;&gt;</a>&nbsp;&nbsp;&nbsp;Write_IIC_Command
</UL>
<BR>[Called By]<UL><LI><a href="#[b8]">&gt;&gt;</a>&nbsp;&nbsp;&nbsp;OLED_ShowChar
<LI><a href="#[b7]">&gt;&gt;</a>&nbsp;&nbsp;&nbsp;OLED_ShowCHinese
<LI><a href="#[b6]">&gt;&gt;</a>&nbsp;&nbsp;&nbsp;OLED_Set_Pos
<LI><a href="#[b5]">&gt;&gt;</a>&nbsp;&nbsp;&nbsp;OLED_Init
<LI><a href="#[b3]">&gt;&gt;</a>&nbsp;&nbsp;&nbsp;OLED_Clear
</UL>

<P><STRONG><a name="[40]"></a>Read_BH1750</STRONG> (Thumb, 72 bytes, Stack size 8 bytes, bh1750.o(i.Read_BH1750))
<BR><BR>[Stack]<UL><LI>Max Depth = 32<LI>Call Chain = Read_BH1750 &rArr; I2C_ReadByte &rArr; I2C_NAck
</UL>
<BR>[Calls]<UL><LI><a href="#[3d]">&gt;&gt;</a>&nbsp;&nbsp;&nbsp;delay_ms
<LI><a href="#[3a]">&gt;&gt;</a>&nbsp;&nbsp;&nbsp;I2C_WaitAck
<LI><a href="#[3c]">&gt;&gt;</a>&nbsp;&nbsp;&nbsp;I2C_Stop
<LI><a href="#[38]">&gt;&gt;</a>&nbsp;&nbsp;&nbsp;I2C_Start
<LI><a href="#[39]">&gt;&gt;</a>&nbsp;&nbsp;&nbsp;I2C_SendByte
<LI><a href="#[69]">&gt;&gt;</a>&nbsp;&nbsp;&nbsp;I2C_ReadByte
</UL>
<BR>[Called By]<UL><LI><a href="#[3e]">&gt;&gt;</a>&nbsp;&nbsp;&nbsp;Convert_BH1750
</UL>

<P><STRONG><a name="[3f]"></a>Start_BH1750</STRONG> (Thumb, 16 bytes, Stack size 8 bytes, bh1750.o(i.Start_BH1750))
<BR><BR>[Stack]<UL><LI>Max Depth = 32<LI>Call Chain = Start_BH1750 &rArr; Cmd_Write_BH1750 &rArr; I2C_WaitAck &rArr; I2C_Stop
</UL>
<BR>[Calls]<UL><LI><a href="#[37]">&gt;&gt;</a>&nbsp;&nbsp;&nbsp;Cmd_Write_BH1750
</UL>
<BR>[Called By]<UL><LI><a href="#[3e]">&gt;&gt;</a>&nbsp;&nbsp;&nbsp;Convert_BH1750
</UL>

<P><STRONG><a name="[61]"></a>SystemClock_Config</STRONG> (Thumb, 202 bytes, Stack size 192 bytes, sys_init.o(i.SystemClock_Config))
<BR><BR>[Stack]<UL><LI>Max Depth = 280<LI>Call Chain = SystemClock_Config &rArr; HAL_RCC_OscConfig &rArr; HAL_InitTick &rArr; HAL_NVIC_SetPriority &rArr; NVIC_SetPriority
</UL>
<BR>[Calls]<UL><LI><a href="#[56]">&gt;&gt;</a>&nbsp;&nbsp;&nbsp;HAL_RCC_OscConfig
<LI><a href="#[51]">&gt;&gt;</a>&nbsp;&nbsp;&nbsp;HAL_RCC_ClockConfig
<LI><a href="#[4f]">&gt;&gt;</a>&nbsp;&nbsp;&nbsp;HAL_RCCEx_PeriphCLKConfig
<LI><a href="#[bd]">&gt;&gt;</a>&nbsp;&nbsp;&nbsp;HAL_PWREx_ControlVoltageScaling
<LI><a href="#[b0]">&gt;&gt;</a>&nbsp;&nbsp;&nbsp;_Error_Handler
</UL>
<BR>[Called By]<UL><LI><a href="#[60]">&gt;&gt;</a>&nbsp;&nbsp;&nbsp;HardWare_Init
</UL>

<P><STRONG><a name="[3]"></a>SystemInit</STRONG> (Thumb, 68 bytes, Stack size 0 bytes, system_stm32l4xx.o(i.SystemInit))
<BR>[Address Reference Count : 1]<UL><LI> los_startup_keil.o(RESET)
</UL>
<P><STRONG><a name="[5b]"></a>UART_AdvFeatureConfig</STRONG> (Thumb, 248 bytes, Stack size 0 bytes, stm32l4xx_hal_uart.o(i.UART_AdvFeatureConfig))
<BR><BR>[Called By]<UL><LI><a href="#[58]">&gt;&gt;</a>&nbsp;&nbsp;&nbsp;HAL_UART_Init
</UL>

<P><STRONG><a name="[5c]"></a>UART_CheckIdleState</STRONG> (Thumb, 116 bytes, Stack size 16 bytes, stm32l4xx_hal_uart.o(i.UART_CheckIdleState))
<BR><BR>[Stack]<UL><LI>Max Depth = 48<LI>Call Chain = UART_CheckIdleState &rArr; UART_WaitOnFlagUntilTimeout &rArr; HAL_GetTick
</UL>
<BR>[Calls]<UL><LI><a href="#[42]">&gt;&gt;</a>&nbsp;&nbsp;&nbsp;HAL_GetTick
<LI><a href="#[5f]">&gt;&gt;</a>&nbsp;&nbsp;&nbsp;UART_WaitOnFlagUntilTimeout
</UL>
<BR>[Called By]<UL><LI><a href="#[58]">&gt;&gt;</a>&nbsp;&nbsp;&nbsp;HAL_UART_Init
</UL>

<P><STRONG><a name="[5a]"></a>UART_SetConfig</STRONG> (Thumb, 970 bytes, Stack size 40 bytes, stm32l4xx_hal_uart.o(i.UART_SetConfig))
<BR><BR>[Stack]<UL><LI>Max Depth = 80<LI>Call Chain = UART_SetConfig &rArr; __aeabi_uldivmod
</UL>
<BR>[Calls]<UL><LI><a href="#[52]">&gt;&gt;</a>&nbsp;&nbsp;&nbsp;HAL_RCC_GetSysClockFreq
<LI><a href="#[55]">&gt;&gt;</a>&nbsp;&nbsp;&nbsp;HAL_RCC_GetPCLK2Freq
<LI><a href="#[53]">&gt;&gt;</a>&nbsp;&nbsp;&nbsp;HAL_RCC_GetPCLK1Freq
<LI><a href="#[24]">&gt;&gt;</a>&nbsp;&nbsp;&nbsp;__aeabi_uldivmod
</UL>
<BR>[Called By]<UL><LI><a href="#[58]">&gt;&gt;</a>&nbsp;&nbsp;&nbsp;HAL_UART_Init
</UL>

<P><STRONG><a name="[5f]"></a>UART_WaitOnFlagUntilTimeout</STRONG> (Thumb, 108 bytes, Stack size 24 bytes, stm32l4xx_hal_uart.o(i.UART_WaitOnFlagUntilTimeout))
<BR><BR>[Stack]<UL><LI>Max Depth = 32<LI>Call Chain = UART_WaitOnFlagUntilTimeout &rArr; HAL_GetTick
</UL>
<BR>[Calls]<UL><LI><a href="#[42]">&gt;&gt;</a>&nbsp;&nbsp;&nbsp;HAL_GetTick
</UL>
<BR>[Called By]<UL><LI><a href="#[5e]">&gt;&gt;</a>&nbsp;&nbsp;&nbsp;HAL_UART_Transmit
<LI><a href="#[5c]">&gt;&gt;</a>&nbsp;&nbsp;&nbsp;UART_CheckIdleState
</UL>

<P><STRONG><a name="[be]"></a>Write_IIC_Byte</STRONG> (Thumb, 96 bytes, Stack size 24 bytes, oled.o(i.Write_IIC_Byte))
<BR><BR>[Stack]<UL><LI>Max Depth = 24<LI>Call Chain = Write_IIC_Byte
</UL>
<BR>[Calls]<UL><LI><a href="#[66]">&gt;&gt;</a>&nbsp;&nbsp;&nbsp;HAL_GPIO_WritePin
</UL>
<BR>[Called By]<UL><LI><a href="#[ba]">&gt;&gt;</a>&nbsp;&nbsp;&nbsp;Write_IIC_Data
<LI><a href="#[bb]">&gt;&gt;</a>&nbsp;&nbsp;&nbsp;Write_IIC_Command
</UL>

<P><STRONG><a name="[bb]"></a>Write_IIC_Command</STRONG> (Thumb, 44 bytes, Stack size 8 bytes, oled.o(i.Write_IIC_Command))
<BR><BR>[Stack]<UL><LI>Max Depth = 32<LI>Call Chain = Write_IIC_Command &rArr; Write_IIC_Byte
</UL>
<BR>[Calls]<UL><LI><a href="#[be]">&gt;&gt;</a>&nbsp;&nbsp;&nbsp;Write_IIC_Byte
<LI><a href="#[6d]">&gt;&gt;</a>&nbsp;&nbsp;&nbsp;IIC_Wait_Ack
<LI><a href="#[6c]">&gt;&gt;</a>&nbsp;&nbsp;&nbsp;IIC_Stop
<LI><a href="#[6b]">&gt;&gt;</a>&nbsp;&nbsp;&nbsp;IIC_Start
</UL>
<BR>[Called By]<UL><LI><a href="#[b4]">&gt;&gt;</a>&nbsp;&nbsp;&nbsp;OLED_WR_Byte
</UL>

<P><STRONG><a name="[ba]"></a>Write_IIC_Data</STRONG> (Thumb, 44 bytes, Stack size 8 bytes, oled.o(i.Write_IIC_Data))
<BR><BR>[Stack]<UL><LI>Max Depth = 32<LI>Call Chain = Write_IIC_Data &rArr; Write_IIC_Byte
</UL>
<BR>[Calls]<UL><LI><a href="#[be]">&gt;&gt;</a>&nbsp;&nbsp;&nbsp;Write_IIC_Byte
<LI><a href="#[6d]">&gt;&gt;</a>&nbsp;&nbsp;&nbsp;IIC_Wait_Ack
<LI><a href="#[6c]">&gt;&gt;</a>&nbsp;&nbsp;&nbsp;IIC_Stop
<LI><a href="#[6b]">&gt;&gt;</a>&nbsp;&nbsp;&nbsp;IIC_Start
</UL>
<BR>[Called By]<UL><LI><a href="#[b4]">&gt;&gt;</a>&nbsp;&nbsp;&nbsp;OLED_WR_Byte
</UL>

<P><STRONG><a name="[b0]"></a>_Error_Handler</STRONG> (Thumb, 4 bytes, Stack size 0 bytes, sys_init.o(i._Error_Handler))
<BR><BR>[Called By]<UL><LI><a href="#[61]">&gt;&gt;</a>&nbsp;&nbsp;&nbsp;SystemClock_Config
<LI><a href="#[64]">&gt;&gt;</a>&nbsp;&nbsp;&nbsp;MX_I2C1_Init
<LI><a href="#[f2]">&gt;&gt;</a>&nbsp;&nbsp;&nbsp;uart_debug_init
<LI><a href="#[f4]">&gt;&gt;</a>&nbsp;&nbsp;&nbsp;uart_at_init
</UL>

<P><STRONG><a name="[bf]"></a>__0printf$8</STRONG> (Thumb, 22 bytes, Stack size 24 bytes, printf8.o(i.__0printf$8), UNUSED)
<BR><BR>[Calls]<UL><LI><a href="#[c0]">&gt;&gt;</a>&nbsp;&nbsp;&nbsp;_printf_core
</UL>

<P><STRONG><a name="[12c]"></a>__1printf$8</STRONG> (Thumb, 0 bytes, Stack size 24 bytes, printf8.o(i.__0printf$8), UNUSED)

<P><STRONG><a name="[75]"></a>__2printf</STRONG> (Thumb, 0 bytes, Stack size 24 bytes, printf8.o(i.__0printf$8))
<BR><BR>[Stack]<UL><LI>Max Depth = 24<LI>Call Chain = __2printf
</UL>
<BR>[Called By]<UL><LI><a href="#[9c]">&gt;&gt;</a>&nbsp;&nbsp;&nbsp;LOS_SemPend
<LI><a href="#[9e]">&gt;&gt;</a>&nbsp;&nbsp;&nbsp;LOS_Start
<LI><a href="#[90]">&gt;&gt;</a>&nbsp;&nbsp;&nbsp;LOS_MuxPend
<LI><a href="#[72]">&gt;&gt;</a>&nbsp;&nbsp;&nbsp;LOS_KernelInit
<LI><a href="#[1d]">&gt;&gt;</a>&nbsp;&nbsp;&nbsp;shell_atdebug
<LI><a href="#[1c]">&gt;&gt;</a>&nbsp;&nbsp;&nbsp;shell_at
<LI><a href="#[d1]">&gt;&gt;</a>&nbsp;&nbsp;&nbsp;__resp_rcv
<LI><a href="#[cc]">&gt;&gt;</a>&nbsp;&nbsp;&nbsp;__cmd_send
<LI><a href="#[1b]">&gt;&gt;</a>&nbsp;&nbsp;&nbsp;__atio_debug
<LI><a href="#[1a]">&gt;&gt;</a>&nbsp;&nbsp;&nbsp;shell_bc95send
<LI><a href="#[d]">&gt;&gt;</a>&nbsp;&nbsp;&nbsp;bc95_rcvdeal
<LI><a href="#[d5]">&gt;&gt;</a>&nbsp;&nbsp;&nbsp;bc95_init
<LI><a href="#[18]">&gt;&gt;</a>&nbsp;&nbsp;&nbsp;shell_appsend
<LI><a href="#[d9]">&gt;&gt;</a>&nbsp;&nbsp;&nbsp;report_net_csq
<LI><a href="#[d8]">&gt;&gt;</a>&nbsp;&nbsp;&nbsp;report_light_state
<LI><a href="#[d7]">&gt;&gt;</a>&nbsp;&nbsp;&nbsp;report_light_intensity
<LI><a href="#[b]">&gt;&gt;</a>&nbsp;&nbsp;&nbsp;deal_rcvmsg
<LI><a href="#[f4]">&gt;&gt;</a>&nbsp;&nbsp;&nbsp;uart_at_init
<LI><a href="#[dc]">&gt;&gt;</a>&nbsp;&nbsp;&nbsp;at_install
<LI><a href="#[15]">&gt;&gt;</a>&nbsp;&nbsp;&nbsp;shell_server_entry
<LI><a href="#[108]">&gt;&gt;</a>&nbsp;&nbsp;&nbsp;shell_cmd_execute
<LI><a href="#[1f]">&gt;&gt;</a>&nbsp;&nbsp;&nbsp;shell_cmd_help
<LI><a href="#[1e]">&gt;&gt;</a>&nbsp;&nbsp;&nbsp;os_shell_version
<LI><a href="#[11]">&gt;&gt;</a>&nbsp;&nbsp;&nbsp;osTaskSwitchCheck
<LI><a href="#[f7]">&gt;&gt;</a>&nbsp;&nbsp;&nbsp;osGetTaskWaterLine
<LI><a href="#[f6]">&gt;&gt;</a>&nbsp;&nbsp;&nbsp;osGetAllTskInfo
<LI><a href="#[1]">&gt;&gt;</a>&nbsp;&nbsp;&nbsp;osHwiDefaultHandler
<LI><a href="#[86]">&gt;&gt;</a>&nbsp;&nbsp;&nbsp;LOS_MemInit
<LI><a href="#[85]">&gt;&gt;</a>&nbsp;&nbsp;&nbsp;osHeapFree
<LI><a href="#[81]">&gt;&gt;</a>&nbsp;&nbsp;&nbsp;osHeapAlloc
<LI><a href="#[89]">&gt;&gt;</a>&nbsp;&nbsp;&nbsp;osAlarmHeapInfo
</UL>

<P><STRONG><a name="[c1]"></a>__0snprintf$8</STRONG> (Thumb, 44 bytes, Stack size 32 bytes, printf8.o(i.__0snprintf$8), UNUSED)
<BR><BR>[Calls]<UL><LI><a href="#[c0]">&gt;&gt;</a>&nbsp;&nbsp;&nbsp;_printf_core
</UL>

<P><STRONG><a name="[12d]"></a>__1snprintf$8</STRONG> (Thumb, 0 bytes, Stack size 32 bytes, printf8.o(i.__0snprintf$8), UNUSED)

<P><STRONG><a name="[e6]"></a>__2snprintf</STRONG> (Thumb, 0 bytes, Stack size 32 bytes, printf8.o(i.__0snprintf$8))
<BR><BR>[Stack]<UL><LI>Max Depth = 32<LI>Call Chain = __2snprintf
</UL>
<BR>[Called By]<UL><LI><a href="#[1c]">&gt;&gt;</a>&nbsp;&nbsp;&nbsp;shell_at
<LI><a href="#[e9]">&gt;&gt;</a>&nbsp;&nbsp;&nbsp;bc95_send
<LI><a href="#[d5]">&gt;&gt;</a>&nbsp;&nbsp;&nbsp;bc95_init
<LI><a href="#[e5]">&gt;&gt;</a>&nbsp;&nbsp;&nbsp;bc95_csq
</UL>

<P><STRONG><a name="[c2]"></a>__0sprintf$8</STRONG> (Thumb, 34 bytes, Stack size 24 bytes, printf8.o(i.__0sprintf$8), UNUSED)
<BR><BR>[Calls]<UL><LI><a href="#[a]">&gt;&gt;</a>&nbsp;&nbsp;&nbsp;_sputc
<LI><a href="#[c0]">&gt;&gt;</a>&nbsp;&nbsp;&nbsp;_printf_core
</UL>

<P><STRONG><a name="[12e]"></a>__1sprintf$8</STRONG> (Thumb, 0 bytes, Stack size 24 bytes, printf8.o(i.__0sprintf$8), UNUSED)

<P><STRONG><a name="[eb]"></a>__2sprintf</STRONG> (Thumb, 0 bytes, Stack size 24 bytes, printf8.o(i.__0sprintf$8))
<BR><BR>[Stack]<UL><LI>Max Depth = 24<LI>Call Chain = __2sprintf
</UL>
<BR>[Called By]<UL><LI><a href="#[ea]">&gt;&gt;</a>&nbsp;&nbsp;&nbsp;bc95_str_to_hex
<LI><a href="#[d9]">&gt;&gt;</a>&nbsp;&nbsp;&nbsp;report_net_csq
<LI><a href="#[d8]">&gt;&gt;</a>&nbsp;&nbsp;&nbsp;report_light_state
<LI><a href="#[d7]">&gt;&gt;</a>&nbsp;&nbsp;&nbsp;report_light_intensity
</UL>

<P><STRONG><a name="[2d]"></a>__aeabi_errno_addr</STRONG> (Thumb, 4 bytes, Stack size 0 bytes, errno.o(i.__aeabi_errno_addr))
<BR><BR>[Called By]<UL><LI><a href="#[2c]">&gt;&gt;</a>&nbsp;&nbsp;&nbsp;_strtoul
<LI><a href="#[2e]">&gt;&gt;</a>&nbsp;&nbsp;&nbsp;strtoul
<LI><a href="#[2a]">&gt;&gt;</a>&nbsp;&nbsp;&nbsp;strtol
</UL>

<P><STRONG><a name="[12f]"></a>__rt_errno_addr</STRONG> (Thumb, 0 bytes, Stack size 0 bytes, errno.o(i.__aeabi_errno_addr), UNUSED)

<P><STRONG><a name="[130]"></a>__scatterload_copy</STRONG> (Thumb, 14 bytes, Stack size unknown bytes, handlers.o(i.__scatterload_copy), UNUSED)

<P><STRONG><a name="[131]"></a>__scatterload_null</STRONG> (Thumb, 2 bytes, Stack size unknown bytes, handlers.o(i.__scatterload_null), UNUSED)

<P><STRONG><a name="[132]"></a>__scatterload_zeroinit</STRONG> (Thumb, 14 bytes, Stack size unknown bytes, handlers.o(i.__scatterload_zeroinit), UNUSED)

<P><STRONG><a name="[10]"></a>app_main</STRONG> (Thumb, 58 bytes, Stack size 0 bytes, app.o(i.app_main))
<BR><BR>[Stack]<UL><LI>Max Depth = 408 + Unknown Stack Size
<LI>Call Chain = app_main &rArr; report_net_csq &rArr; bc95_csq &rArr; at_command &rArr; __cmd_create &rArr; semp_pend &rArr; LOS_SemPend &rArr; osTaskWait &rArr; osTaskAdd2TimerList &rArr; LOS_ListTailInsert
</UL>
<BR>[Calls]<UL><LI><a href="#[6e]">&gt;&gt;</a>&nbsp;&nbsp;&nbsp;Init_BH1750
<LI><a href="#[da]">&gt;&gt;</a>&nbsp;&nbsp;&nbsp;task_sleepms
<LI><a href="#[d6]">&gt;&gt;</a>&nbsp;&nbsp;&nbsp;bc95_regester_receivehandle
<LI><a href="#[d5]">&gt;&gt;</a>&nbsp;&nbsp;&nbsp;bc95_init
<LI><a href="#[d9]">&gt;&gt;</a>&nbsp;&nbsp;&nbsp;report_net_csq
<LI><a href="#[d8]">&gt;&gt;</a>&nbsp;&nbsp;&nbsp;report_light_state
<LI><a href="#[d7]">&gt;&gt;</a>&nbsp;&nbsp;&nbsp;report_light_intensity
<LI><a href="#[d4]">&gt;&gt;</a>&nbsp;&nbsp;&nbsp;led_display
</UL>
<BR>[Address Reference Count : 1]<UL><LI> main.o(i.main)
</UL>
<P><STRONG><a name="[db]"></a>at_command</STRONG> (Thumb, 94 bytes, Stack size 40 bytes, at.o(i.at_command))
<BR><BR>[Stack]<UL><LI>Max Depth = 200 + Unknown Stack Size
<LI>Call Chain = at_command &rArr; __cmd_create &rArr; semp_pend &rArr; LOS_SemPend &rArr; osTaskWait &rArr; osTaskAdd2TimerList &rArr; LOS_ListTailInsert
</UL>
<BR>[Calls]<UL><LI><a href="#[cc]">&gt;&gt;</a>&nbsp;&nbsp;&nbsp;__cmd_send
<LI><a href="#[c7]">&gt;&gt;</a>&nbsp;&nbsp;&nbsp;__cmd_create
<LI><a href="#[c3]">&gt;&gt;</a>&nbsp;&nbsp;&nbsp;__cmd_clear
<LI><a href="#[c8]">&gt;&gt;</a>&nbsp;&nbsp;&nbsp;semp_pend
</UL>
<BR>[Called By]<UL><LI><a href="#[1c]">&gt;&gt;</a>&nbsp;&nbsp;&nbsp;shell_at
<LI><a href="#[e4]">&gt;&gt;</a>&nbsp;&nbsp;&nbsp;bc95_atcmd
<LI><a href="#[e9]">&gt;&gt;</a>&nbsp;&nbsp;&nbsp;bc95_send
<LI><a href="#[e5]">&gt;&gt;</a>&nbsp;&nbsp;&nbsp;bc95_csq
</UL>

<P><STRONG><a name="[dc]"></a>at_install</STRONG> (Thumb, 242 bytes, Stack size 24 bytes, at.o(i.at_install))
<BR><BR>[Stack]<UL><LI>Max Depth = 312 + Unknown Stack Size
<LI>Call Chain = at_install &rArr; task_create &rArr; LOS_TaskCreate &rArr; LOS_TaskCreateOnly &rArr; LOS_MemAllocAlign &rArr; osHeapAllocAlign &rArr; osHeapAlloc &rArr; osAlarmHeapInfo &rArr; __2printf
</UL>
<BR>[Calls]<UL><LI><a href="#[e1]">&gt;&gt;</a>&nbsp;&nbsp;&nbsp;semp_del
<LI><a href="#[e0]">&gt;&gt;</a>&nbsp;&nbsp;&nbsp;mutex_del
<LI><a href="#[de]">&gt;&gt;</a>&nbsp;&nbsp;&nbsp;mutex_create
<LI><a href="#[dd]">&gt;&gt;</a>&nbsp;&nbsp;&nbsp;semp_create
<LI><a href="#[df]">&gt;&gt;</a>&nbsp;&nbsp;&nbsp;task_create
[...]
</UL>
<BR>[Calls]<UL><LI><a href="#[e9]">&gt;&gt;</a>&nbsp;&nbsp;&nbsp;bc95_send
<LI><a href="#[ce]">&gt;&gt;</a>&nbsp;&nbsp;&nbsp;strlen
<LI><a href="#[75]">&gt;&gt;</a>&nbsp;&nbsp;&nbsp;__2printf
</UL>
<BR>[Address Reference Count : 1]<UL><LI> bc95.o(oshell)
</UL>
<P><STRONG><a name="[1b]"></a>__atio_debug</STRONG> (Thumb, 58 bytes, Stack size 16 bytes, uart_at.o(i.__atio_debug))
<BR><BR>[Stack]<UL><LI>Max Depth = 40<LI>Call Chain = __atio_debug &rArr; __2printf
</UL>
<BR>[Calls]<UL><LI><a href="#[75]">&gt;&gt;</a>&nbsp;&nbsp;&nbsp;__2printf
</UL>
<BR>[Address Reference Count : 1]<UL><LI> uart_at.o(oshell)
</UL>
<P><STRONG><a name="[16]"></a>atio_irq</STRONG> (Thumb, 208 bytes, Stack size 16 bytes, uart_at.o(i.atio_irq))
<BR><BR>[Stack]<UL><LI>Max Depth = 88 + Unknown Stack Size
<LI>Call Chain = atio_irq &rArr; semp_post &rArr; LOS_SemPost &rArr; osTaskWake &rArr; osTimerListDelete
</UL>
<BR>[Calls]<UL><LI><a href="#[c6]">&gt;&gt;</a>&nbsp;&nbsp;&nbsp;semp_post
<LI><a href="#[e3]">&gt;&gt;</a>&nbsp;&nbsp;&nbsp;ring_write
<LI><a href="#[e2]">&gt;&gt;</a>&nbsp;&nbsp;&nbsp;ring_datalen
</UL>
<BR>[Address Reference Count : 1]<UL><LI> uart_at.o(i.uart_at_init)
</UL>
<P><STRONG><a name="[17]"></a>uart_debug_irq</STRONG> (Thumb, 66 bytes, Stack size 8 bytes, uart_debug.o(i.uart_debug_irq))
<BR><BR>[Stack]<UL><LI>Max Depth = 80 + Unknown Stack Size
<LI>Call Chain = uart_debug_irq &rArr; semp_post &rArr; LOS_SemPost &rArr; osTaskWake &rArr; osTimerListDelete
</UL>
<BR>[Calls]<UL><LI><a href="#[c6]">&gt;&gt;</a>&nbsp;&nbsp;&nbsp;semp_post
<LI><a href="#[e3]">&gt;&gt;</a>&nbsp;&nbsp;&nbsp;ring_write
</UL>
<BR>[Address Reference Count : 1]<UL><LI> uart_debug.o(i.uart_debug_init)
</UL>
<P><STRONG><a name="[c3]"></a>__cmd_clear</STRONG> (Thumb, 42 bytes, Stack size 8 bytes, at.o(i.__cmd_clear))
<BR><BR>[Stack]<UL><LI>Max Depth = 120 + Unknown Stack Size
<LI>Call Chain = __cmd_clear &rArr; mutex_lock &rArr; LOS_MuxPend &rArr; osTaskWait &rArr; osTaskAdd2TimerList &rArr; LOS_ListTailInsert
</UL>
<BR>[Calls]<UL><LI><a href="#[c5]">&gt;&gt;</a>&nbsp;&nbsp;&nbsp;mutex_unlock
<LI><a href="#[c4]">&gt;&gt;</a>&nbsp;&nbsp;&nbsp;mutex_lock
<LI><a href="#[c6]">&gt;&gt;</a>&nbsp;&nbsp;&nbsp;semp_post
</UL>
<BR>[Called By]<UL><LI><a href="#[db]">&gt;&gt;</a>&nbsp;&nbsp;&nbsp;at_command
</UL>

<P><STRONG><a name="[c7]"></a>__cmd_create</STRONG> (Thumb, 78 bytes, Stack size 40 bytes, at.o(i.__cmd_create))
<BR><BR>[Stack]<UL><LI>Max Depth = 160 + Unknown Stack Size
<LI>Call Chain = __cmd_create &rArr; semp_pend &rArr; LOS_SemPend &rArr; osTaskWait &rArr; osTaskAdd2TimerList &rArr; LOS_ListTailInsert
</UL>
<BR>[Calls]<UL><LI><a href="#[c5]">&gt;&gt;</a>&nbsp;&nbsp;&nbsp;mutex_unlock
<LI><a href="#[c4]">&gt;&gt;</a>&nbsp;&nbsp;&nbsp;mutex_lock
<LI><a href="#[c8]">&gt;&gt;</a>&nbsp;&nbsp;&nbsp;semp_pend
</UL>
<BR>[Called By]<UL><LI><a href="#[db]">&gt;&gt;</a>&nbsp;&nbsp;&nbsp;at_command
</UL>

<P><STRONG><a name="[c9]"></a>__cmd_match</STRONG> (Thumb, 94 bytes, Stack size 24 bytes, at.o(i.__cmd_match))
<BR><BR>[Stack]<UL><LI>Max Depth = 136 + Unknown Stack Size
<LI>Call Chain = __cmd_match &rArr; mutex_lock &rArr; LOS_MuxPend &rArr; osTaskWait &rArr; osTaskAdd2TimerList &rArr; LOS_ListTailInsert
</UL>
<BR>[Calls]<UL><LI><a href="#[c5]">&gt;&gt;</a>&nbsp;&nbsp;&nbsp;mutex_unlock
<LI><a href="#[c4]">&gt;&gt;</a>&nbsp;&nbsp;&nbsp;mutex_lock
<LI><a href="#[c6]">&gt;&gt;</a>&nbsp;&nbsp;&nbsp;semp_post
<LI><a href="#[ca]">&gt;&gt;</a>&nbsp;&nbsp;&nbsp;strstr
<LI><a href="#[cb]">&gt;&gt;</a>&nbsp;&nbsp;&nbsp;__aeabi_memcpy
</UL>
<BR>[Called By]<UL><LI><a href="#[c]">&gt;&gt;</a>&nbsp;&nbsp;&nbsp;__rcv_task_entry
</UL>

<P><STRONG><a name="[cc]"></a>__cmd_send</STRONG> (Thumb, 116 bytes, Stack size 32 bytes, at.o(i.__cmd_send))
<BR><BR>[Stack]<UL><LI>Max Depth = 56<LI>Call Chain = __cmd_send &rArr; __2printf
</UL>
<BR>[Calls]<UL><LI><a href="#[75]">&gt;&gt;</a>&nbsp;&nbsp;&nbsp;__2printf
</UL>
<BR>[Called By]<UL><LI><a href="#[db]">&gt;&gt;</a>&nbsp;&nbsp;&nbsp;at_command
</UL>

<P><STRONG><a name="[cd]"></a>__oob_match</STRONG> (Thumb, 80 bytes, Stack size 32 bytes, at.o(i.__oob_match))
<BR><BR>[Stack]<UL><LI>Max Depth = 44<LI>Call Chain = __oob_match &rArr; memcmp
</UL>
<BR>[Calls]<UL><LI><a href="#[cf]">&gt;&gt;</a>&nbsp;&nbsp;&nbsp;memcmp
<LI><a href="#[ce]">&gt;&gt;</a>&nbsp;&nbsp;&nbsp;strlen
</UL>
<BR>[Called By]<UL><LI><a href="#[c]">&gt;&gt;</a>&nbsp;&nbsp;&nbsp;__rcv_task_entry
</UL>

<P><STRONG><a name="[c]"></a>__rcv_task_entry</STRONG> (Thumb, 90 bytes, Stack size 0 bytes, at.o(i.__rcv_task_entry))
<BR><BR>[Stack]<UL><LI>Max Depth = 136 + Unknown Stack Size
<LI>Call Chain = __rcv_task_entry &rArr; __cmd_match &rArr; mutex_lock &rArr; LOS_MuxPend &rArr; osTaskWait &rArr; osTaskAdd2TimerList &rArr; LOS_ListTailInsert
</UL>
<BR>[Calls]<UL><LI><a href="#[d1]">&gt;&gt;</a>&nbsp;&nbsp;&nbsp;__resp_rcv
<LI><a href="#[cd]">&gt;&gt;</a>&nbsp;&nbsp;&nbsp;__oob_match
<LI><a href="#[c9]">&gt;&gt;</a>&nbsp;&nbsp;&nbsp;__cmd_match
<LI><a href="#[d0]">&gt;&gt;</a>&nbsp;&nbsp;&nbsp;__aeabi_memclr4
</UL>
<BR>[Address Reference Count : 1]<UL><LI> at.o(i.at_install)
</UL>
<P><STRONG><a name="[d1]"></a>__resp_rcv</STRONG> (Thumb, 116 bytes, Stack size 32 bytes, at.o(i.__resp_rcv))
<BR><BR>[Stack]<UL><LI>Max Depth = 56<LI>Call Chain = __resp_rcv &rArr; __2printf
</UL>
<BR>[Calls]<UL><LI><a href="#[75]">&gt;&gt;</a>&nbsp;&nbsp;&nbsp;__2printf
</UL>
<BR>[Called By]<UL><LI><a href="#[c]">&gt;&gt;</a>&nbsp;&nbsp;&nbsp;__rcv_task_entry
</UL>

<P><STRONG><a name="[1c]"></a>shell_at</STRONG> (Thumb, 120 bytes, Stack size 160 bytes, at.o(i.shell_at))
<BR><BR>[Stack]<UL><LI>Max Depth = 360 + Unknown Stack Size
<LI>Call Chain = shell_at &rArr; at_command &rArr; __cmd_create &rArr; semp_pend &rArr; LOS_SemPend &rArr; osTaskWait &rArr; osTaskAdd2TimerList &rArr; LOS_ListTailInsert
</UL>
<BR>[Calls]<UL><LI><a href="#[db]">&gt;&gt;</a>&nbsp;&nbsp;&nbsp;at_command
<LI><a href="#[ce]">&gt;&gt;</a>&nbsp;&nbsp;&nbsp;strlen
<LI><a href="#[d0]">&gt;&gt;</a>&nbsp;&nbsp;&nbsp;__aeabi_memclr4
<LI><a href="#[e6]">&gt;&gt;</a>&nbsp;&nbsp;&nbsp;__2snprintf
<LI><a href="#[75]">&gt;&gt;</a>&nbsp;&nbsp;&nbsp;__2printf
</UL>
<BR>[Address Reference Count : 1]<UL><LI> at.o(oshell)
</UL>
<P><STRONG><a name="[1d]"></a>shell_atdebug</STRONG> (Thumb, 148 bytes, Stack size 16 bytes, at.o(i.shell_atdebug))
<BR><BR>[Stack]<UL><LI>Max Depth = 40<LI>Call Chain = shell_atdebug &rArr; __2printf
</UL>
<BR>[Calls]<UL><LI><a href="#[ec]">&gt;&gt;</a>&nbsp;&nbsp;&nbsp;strcmp
<LI><a href="#[75]">&gt;&gt;</a>&nbsp;&nbsp;&nbsp;__2printf
</UL>
<BR>[Address Reference Count : 1]<UL><LI> at.o(oshell)
</UL>
<P><STRONG><a name="[1e]"></a>os_shell_version</STRONG> (Thumb, 20 bytes, Stack size 16 bytes, shell_cmd.o(i.os_shell_version))
<BR><BR>[Stack]<UL><LI>Max Depth = 40<LI>Call Chain = os_shell_version &rArr; __2printf
</UL>
<BR>[Calls]<UL><LI><a href="#[75]">&gt;&gt;</a>&nbsp;&nbsp;&nbsp;__2printf
</UL>
<BR>[Address Reference Count : 1]<UL><LI> shell_cmd.o(oshell)
</UL>
<P><STRONG><a name="[1f]"></a>shell_cmd_help</STRONG> (Thumb, 156 bytes, Stack size 40 bytes, shell_cmd.o(i.shell_cmd_help))
<BR><BR>[Stack]<UL><LI>Max Depth = 64<LI>Call Chain = shell_cmd_help &rArr; __2printf
</UL>
<BR>[Calls]<UL><LI><a href="#[75]">&gt;&gt;</a>&nbsp;&nbsp;&nbsp;__2printf
</UL>
<BR>[Called By]<UL><LI><a href="#[108]">&gt;&gt;</a>&nbsp;&nbsp;&nbsp;shell_cmd_execute
</UL>
<BR>[Address Reference Count : 1]<UL><LI> shell_cmd.o(oshell)
</UL>
<P><STRONG><a name="[10a]"></a>shell_cmd_match</STRONG> (Thumb, 92 bytes, Stack size 24 bytes, shell_cmd.o(i.shell_cmd_match))
<BR><BR>[Stack]<UL><LI>Max Depth = 32<LI>Call Chain = shell_cmd_match &rArr; strcmp
</UL>
<BR>[Calls]<UL><LI><a href="#[ec]">&gt;&gt;</a>&nbsp;&nbsp;&nbsp;strcmp
</UL>
<BR>[Called By]<UL><LI><a href="#[108]">&gt;&gt;</a>&nbsp;&nbsp;&nbsp;shell_cmd_execute
</UL>

<P><STRONG><a name="[105]"></a>shell_bell</STRONG> (Thumb, 10 bytes, Stack size 8 bytes, shell_main.o(i.shell_bell))
<BR><BR>[Stack]<UL><LI>Max Depth = 96<LI>Call Chain = shell_bell &rArr; shell_put_char &rArr; putc &rArr; fputc &rArr; HAL_UART_Transmit &rArr; UART_WaitOnFlagUntilTimeout &rArr; HAL_GetTick
</UL>
<BR>[Calls]<UL><LI><a href="#[106]">&gt;&gt;</a>&nbsp;&nbsp;&nbsp;shell_put_char
</UL>
<BR>[Called By]<UL><LI><a href="#[15]">&gt;&gt;</a>&nbsp;&nbsp;&nbsp;shell_server_entry
</UL>

<P><STRONG><a name="[107]"></a>shell_cachecmd</STRONG> (Thumb, 106 bytes, Stack size 16 bytes, shell_main.o(i.shell_cachecmd))
<BR><BR>[Stack]<UL><LI>Max Depth = 24<LI>Call Chain = shell_cachecmd &rArr; strcmp
</UL>
<BR>[Calls]<UL><LI><a href="#[ec]">&gt;&gt;</a>&nbsp;&nbsp;&nbsp;strcmp
<LI><a href="#[104]">&gt;&gt;</a>&nbsp;&nbsp;&nbsp;strncpy
<LI><a href="#[27]">&gt;&gt;</a>&nbsp;&nbsp;&nbsp;__aeabi_memclr
</UL>
<BR>[Called By]<UL><LI><a href="#[15]">&gt;&gt;</a>&nbsp;&nbsp;&nbsp;shell_server_entry
</UL>

<P><STRONG><a name="[10d]"></a>shell_get_char</STRONG> (Thumb, 10 bytes, Stack size 8 bytes, shell_main.o(i.shell_get_char))
<BR><BR>[Stack]<UL><LI>Max Depth = 144 + Unknown Stack Size
<LI>Call Chain = shell_get_char &rArr; getc &rArr; fgetc &rArr; semp_pend &rArr; LOS_SemPend &rArr; osTaskWait &rArr; osTaskAdd2TimerList &rArr; LOS_ListTailInsert
</UL>
<BR>[Calls]<UL><LI><a href="#[f1]">&gt;&gt;</a>&nbsp;&nbsp;&nbsp;getc
</UL>
<BR>[Called By]<UL><LI><a href="#[15]">&gt;&gt;</a>&nbsp;&nbsp;&nbsp;shell_server_entry
</UL>

<P><STRONG><a name="[10e]"></a>shell_insert_string</STRONG> (Thumb, 110 bytes, Stack size 24 bytes, shell_main.o(i.shell_insert_string))
<BR><BR>[Stack]<UL><LI>Max Depth = 128<LI>Call Chain = shell_insert_string &rArr; shell_put_string &rArr; shell_put_char &rArr; putc &rArr; fputc &rArr; HAL_UART_Transmit &rArr; UART_WaitOnFlagUntilTimeout &rArr; HAL_GetTick
</UL>
<BR>[Calls]<UL><LI><a href="#[10f]">&gt;&gt;</a>&nbsp;&nbsp;&nbsp;shell_put_string
<LI><a href="#[110]">&gt;&gt;</a>&nbsp;&nbsp;&nbsp;shell_moves_cursor_left
<LI><a href="#[ce]">&gt;&gt;</a>&nbsp;&nbsp;&nbsp;strlen
<LI><a href="#[104]">&gt;&gt;</a>&nbsp;&nbsp;&nbsp;strncpy
</UL>
<BR>[Called By]<UL><LI><a href="#[15]">&gt;&gt;</a>&nbsp;&nbsp;&nbsp;shell_server_entry
</UL>

<P><STRONG><a name="[110]"></a>shell_moves_cursor_left</STRONG> (Thumb, 24 bytes, Stack size 16 bytes, shell_main.o(i.shell_moves_cursor_left))
<BR><BR>[Stack]<UL><LI>Max Depth = 104<LI>Call Chain = shell_moves_cursor_left &rArr; shell_put_char &rArr; putc &rArr; fputc &rArr; HAL_UART_Transmit &rArr; UART_WaitOnFlagUntilTimeout &rArr; HAL_GetTick
</UL>
<BR>[Calls]<UL><LI><a href="#[106]">&gt;&gt;</a>&nbsp;&nbsp;&nbsp;shell_put_char
</UL>
<BR>[Called By]<UL><LI><a href="#[15]">&gt;&gt;</a>&nbsp;&nbsp;&nbsp;shell_server_entry
<LI><a href="#[10e]">&gt;&gt;</a>&nbsp;&nbsp;&nbsp;shell_insert_string
</UL>

<P><STRONG><a name="[112]"></a>shell_moves_cursor_right</STRONG> (Thumb, 52 bytes, Stack size 24 bytes, shell_main.o(i.shell_moves_cursor_right))
<BR><BR>[Stack]<UL><LI>Max Depth = 112<LI>Call Chain = shell_moves_cursor_right &rArr; shell_put_char &rArr; putc &rArr; fputc &rArr; HAL_UART_Transmit &rArr; UART_WaitOnFlagUntilTimeout &rArr; HAL_GetTick
</UL>
<BR>[Calls]<UL><LI><a href="#[106]">&gt;&gt;</a>&nbsp;&nbsp;&nbsp;shell_put_char
</UL>
<BR>[Called By]<UL><LI><a href="#[15]">&gt;&gt;</a>&nbsp;&nbsp;&nbsp;shell_server_entry
</UL>

<P><STRONG><a name="[113]"></a>shell_put_backspace</STRONG> (Thumb, 26 bytes, Stack size 16 bytes, shell_main.o(i.shell_put_backspace))
<BR><BR>[Stack]<UL><LI>Max Depth = 120<LI>Call Chain = shell_put_backspace &rArr; shell_put_string &rArr; shell_put_char &rArr; putc &rArr; fputc &rArr; HAL_UART_Transmit &rArr; UART_WaitOnFlagUntilTimeout &rArr; HAL_GetTick
</UL>
<BR>[Calls]<UL><LI><a href="#[10f]">&gt;&gt;</a>&nbsp;&nbsp;&nbsp;shell_put_string
</UL>
<BR>[Called By]<UL><LI><a href="#[15]">&gt;&gt;</a>&nbsp;&nbsp;&nbsp;shell_server_entry
</UL>

<P><STRONG><a name="[106]"></a>shell_put_char</STRONG> (Thumb, 14 bytes, Stack size 8 bytes, shell_main.o(i.shell_put_char))
<BR><BR>[Stack]<UL><LI>Max Depth = 88<LI>Call Chain = shell_put_char &rArr; putc &rArr; fputc &rArr; HAL_UART_Transmit &rArr; UART_WaitOnFlagUntilTimeout &rArr; HAL_GetTick
</UL>
<BR>[Calls]<UL><LI><a href="#[103]">&gt;&gt;</a>&nbsp;&nbsp;&nbsp;putc
</UL>
<BR>[Called By]<UL><LI><a href="#[15]">&gt;&gt;</a>&nbsp;&nbsp;&nbsp;shell_server_entry
<LI><a href="#[10f]">&gt;&gt;</a>&nbsp;&nbsp;&nbsp;shell_put_string
<LI><a href="#[115]">&gt;&gt;</a>&nbsp;&nbsp;&nbsp;shell_put_space
<LI><a href="#[112]">&gt;&gt;</a>&nbsp;&nbsp;&nbsp;shell_moves_cursor_right
<LI><a href="#[110]">&gt;&gt;</a>&nbsp;&nbsp;&nbsp;shell_moves_cursor_left
<LI><a href="#[105]">&gt;&gt;</a>&nbsp;&nbsp;&nbsp;shell_bell
</UL>

<P><STRONG><a name="[114]"></a>shell_put_index</STRONG> (Thumb, 10 bytes, Stack size 8 bytes, shell_main.o(i.shell_put_index))
<BR><BR>[Stack]<UL><LI>Max Depth = 112<LI>Call Chain = shell_put_index &rArr; shell_put_string &rArr; shell_put_char &rArr; putc &rArr; fputc &rArr; HAL_UART_Transmit &rArr; UART_WaitOnFlagUntilTimeout &rArr; HAL_GetTick
</UL>
<BR>[Calls]<UL><LI><a href="#[10f]">&gt;&gt;</a>&nbsp;&nbsp;&nbsp;shell_put_string
</UL>
<BR>[Called By]<UL><LI><a href="#[15]">&gt;&gt;</a>&nbsp;&nbsp;&nbsp;shell_server_entry
</UL>

<P><STRONG><a name="[115]"></a>shell_put_space</STRONG> (Thumb, 24 bytes, Stack size 16 bytes, shell_main.o(i.shell_put_space))
<BR><BR>[Stack]<UL><LI>Max Depth = 104<LI>Call Chain = shell_put_space &rArr; shell_put_char &rArr; putc &rArr; fputc &rArr; HAL_UART_Transmit &rArr; UART_WaitOnFlagUntilTimeout &rArr; HAL_GetTick
</UL>
<BR>[Calls]<UL><LI><a href="#[106]">&gt;&gt;</a>&nbsp;&nbsp;&nbsp;shell_put_char
</UL>
<BR>[Called By]<UL><LI><a href="#[15]">&gt;&gt;</a>&nbsp;&nbsp;&nbsp;shell_server_entry
</UL>

<P><STRONG><a name="[10f]"></a>shell_put_string</STRONG> (Thumb, 32 bytes, Stack size 16 bytes, shell_main.o(i.shell_put_string))
<BR><BR>[Stack]<UL><LI>Max Depth = 104<LI>Call Chain = shell_put_string &rArr; shell_put_char &rArr; putc &rArr; fputc &rArr; HAL_UART_Transmit &rArr; UART_WaitOnFlagUntilTimeout &rArr; HAL_GetTick
</UL>
<BR>[Calls]<UL><LI><a href="#[106]">&gt;&gt;</a>&nbsp;&nbsp;&nbsp;shell_put_char
<LI><a href="#[ce]">&gt;&gt;</a>&nbsp;&nbsp;&nbsp;strlen
</UL>
<BR>[Called By]<UL><LI><a href="#[15]">&gt;&gt;</a>&nbsp;&nbsp;&nbsp;shell_server_entry
<LI><a href="#[114]">&gt;&gt;</a>&nbsp;&nbsp;&nbsp;shell_put_index
<LI><a href="#[113]">&gt;&gt;</a>&nbsp;&nbsp;&nbsp;shell_put_backspace
<LI><a href="#[10e]">&gt;&gt;</a>&nbsp;&nbsp;&nbsp;shell_insert_string
</UL>

<P><STRONG><a name="[15]"></a>shell_server_entry</STRONG> (Thumb, 890 bytes, Stack size 248 bytes, shell_main.o(i.shell_server_entry))
<BR><BR>[Stack]<UL><LI>Max Depth = 424 + Unknown Stack Size
<LI>Call Chain = shell_server_entry &rArr; shell_cmd_execute &rArr; strtol &rArr; _strtoul
</UL>
<BR>[Calls]<UL><LI><a href="#[10f]">&gt;&gt;</a>&nbsp;&nbsp;&nbsp;shell_put_string
<LI><a href="#[115]">&gt;&gt;</a>&nbsp;&nbsp;&nbsp;shell_put_space
<LI><a href="#[114]">&gt;&gt;</a>&nbsp;&nbsp;&nbsp;shell_put_index
<LI><a href="#[106]">&gt;&gt;</a>&nbsp;&nbsp;&nbsp;shell_put_char
<LI><a href="#[113]">&gt;&gt;</a>&nbsp;&nbsp;&nbsp;shell_put_backspace
<LI><a href="#[112]">&gt;&gt;</a>&nbsp;&nbsp;&nbsp;shell_moves_cursor_right
<LI><a href="#[110]">&gt;&gt;</a>&nbsp;&nbsp;&nbsp;shell_moves_cursor_left
<LI><a href="#[10e]">&gt;&gt;</a>&nbsp;&nbsp;&nbsp;shell_insert_string
<LI><a href="#[10d]">&gt;&gt;</a>&nbsp;&nbsp;&nbsp;shell_get_char
<LI><a href="#[107]">&gt;&gt;</a>&nbsp;&nbsp;&nbsp;shell_cachecmd
<LI><a href="#[105]">&gt;&gt;</a>&nbsp;&nbsp;&nbsp;shell_bell
<LI><a href="#[10b]">&gt;&gt;</a>&nbsp;&nbsp;&nbsp;shell_cmd_index
<LI><a href="#[108]">&gt;&gt;</a>&nbsp;&nbsp;&nbsp;shell_cmd_execute
<LI><a href="#[116]">&gt;&gt;</a>&nbsp;&nbsp;&nbsp;strcpy
<LI><a href="#[ce]">&gt;&gt;</a>&nbsp;&nbsp;&nbsp;strlen
<LI><a href="#[104]">&gt;&gt;</a>&nbsp;&nbsp;&nbsp;strncpy
<LI><a href="#[d0]">&gt;&gt;</a>&nbsp;&nbsp;&nbsp;__aeabi_memclr4
<LI><a href="#[75]">&gt;&gt;</a>&nbsp;&nbsp;&nbsp;__2printf
</UL>
<BR>[Address Reference Count : 1]<UL><LI> shell_main.o(i.shell_install)
</UL>
<P><STRONG><a name="[21]"></a>shell_heapinfo</STRONG> (Thumb, 14 bytes, Stack size 16 bytes, shell_test.o(i.shell_heapinfo))
<BR><BR>[Stack]<UL><LI>Max Depth = 104<LI>Call Chain = shell_heapinfo &rArr; LOS_MemPoolList &rArr; osAlarmHeapInfo &rArr; __2printf
</UL>
<BR>[Calls]<UL><LI><a href="#[88]">&gt;&gt;</a>&nbsp;&nbsp;&nbsp;LOS_MemPoolList
</UL>
<BR>[Address Reference Count : 1]<UL><LI> shell_test.o(oshell)
</UL>
<P><STRONG><a name="[20]"></a>shell_taskinfo</STRONG> (Thumb, 14 bytes, Stack size 16 bytes, shell_test.o(i.shell_taskinfo))
<BR><BR>[Stack]<UL><LI>Max Depth = 104<LI>Call Chain = shell_taskinfo &rArr; osGetAllTskInfo &rArr; osGetTaskWaterLine &rArr; __2printf
</UL>
<BR>[Calls]<UL><LI><a href="#[f6]">&gt;&gt;</a>&nbsp;&nbsp;&nbsp;osGetAllTskInfo
</UL>
<BR>[Address Reference Count : 1]<UL><LI> shell_test.o(oshell)
</UL>
<P><STRONG><a name="[50]"></a>RCCEx_PLLSAI1_Config</STRONG> (Thumb, 378 bytes, Stack size 24 bytes, stm32l4xx_hal_rcc_ex.o(i.RCCEx_PLLSAI1_Config))
<BR><BR>[Stack]<UL><LI>Max Depth = 32<LI>Call Chain = RCCEx_PLLSAI1_Config &rArr; HAL_GetTick
</UL>
<BR>[Calls]<UL><LI><a href="#[42]">&gt;&gt;</a>&nbsp;&nbsp;&nbsp;HAL_GetTick
</UL>
<BR>[Called By]<UL><LI><a href="#[4f]">&gt;&gt;</a>&nbsp;&nbsp;&nbsp;HAL_RCCEx_PeriphCLKConfig
</UL>

<P><STRONG><a name="[57]"></a>RCC_SetFlashLatencyFromMSIRange</STRONG> (Thumb, 150 bytes, Stack size 24 bytes, stm32l4xx_hal_rcc.o(i.RCC_SetFlashLatencyFromMSIRange))
<BR><BR>[Stack]<UL><LI>Max Depth = 24<LI>Call Chain = RCC_SetFlashLatencyFromMSIRange
</UL>
<BR>[Calls]<UL><LI><a href="#[bc]">&gt;&gt;</a>&nbsp;&nbsp;&nbsp;HAL_PWREx_GetVoltageRange
</UL>
<BR>[Called By]<UL><LI><a href="#[56]">&gt;&gt;</a>&nbsp;&nbsp;&nbsp;HAL_RCC_OscConfig
</UL>

<P><STRONG><a name="[4d]"></a>NVIC_GetPriorityGrouping</STRONG> (Thumb, 10 bytes, Stack size 0 bytes, stm32l4xx_hal_cortex.o(i.NVIC_GetPriorityGrouping))
<BR><BR>[Called By]<UL><LI><a href="#[4c]">&gt;&gt;</a>&nbsp;&nbsp;&nbsp;HAL_NVIC_SetPriority
</UL>

<P><STRONG><a name="[4e]"></a>NVIC_SetPriority</STRONG> (Thumb, 32 bytes, Stack size 8 bytes, stm32l4xx_hal_cortex.o(i.NVIC_SetPriority))
<BR><BR>[Stack]<UL><LI>Max Depth = 8<LI>Call Chain = NVIC_SetPriority
</UL>
<BR>[Called By]<UL><LI><a href="#[4c]">&gt;&gt;</a>&nbsp;&nbsp;&nbsp;HAL_NVIC_SetPriority
<LI><a href="#[4b]">&gt;&gt;</a>&nbsp;&nbsp;&nbsp;HAL_SYSTICK_Config
</UL>

<P><STRONG><a name="[c0]"></a>_printf_core</STRONG> (Thumb, 996 bytes, Stack size 104 bytes, printf8.o(i._printf_core), UNUSED)
<BR><BR>[Calls]<UL><LI><a href="#[24]">&gt;&gt;</a>&nbsp;&nbsp;&nbsp;__aeabi_uldivmod
<LI><a href="#[d2]">&gt;&gt;</a>&nbsp;&nbsp;&nbsp;_printf_pre_padding
<LI><a href="#[d3]">&gt;&gt;</a>&nbsp;&nbsp;&nbsp;_printf_post_padding
</UL>
<BR>[Called By]<UL><LI><a href="#[c2]">&gt;&gt;</a>&nbsp;&nbsp;&nbsp;__0sprintf$8
<LI><a href="#[c1]">&gt;&gt;</a>&nbsp;&nbsp;&nbsp;__0snprintf$8
<LI><a href="#[bf]">&gt;&gt;</a>&nbsp;&nbsp;&nbsp;__0printf$8
</UL>

<P><STRONG><a name="[d3]"></a>_printf_post_padding</STRONG> (Thumb, 36 bytes, Stack size 24 bytes, printf8.o(i._printf_post_padding), UNUSED)
<BR><BR>[Called By]<UL><LI><a href="#[c0]">&gt;&gt;</a>&nbsp;&nbsp;&nbsp;_printf_core
</UL>

<P><STRONG><a name="[d2]"></a>_printf_pre_padding</STRONG> (Thumb, 46 bytes, Stack size 24 bytes, printf8.o(i._printf_pre_padding), UNUSED)
<BR><BR>[Called By]<UL><LI><a href="#[c0]">&gt;&gt;</a>&nbsp;&nbsp;&nbsp;_printf_core
</UL>

<P><STRONG><a name="[9]"></a>_snputc</STRONG> (Thumb, 22 bytes, Stack size 0 bytes, printf8.o(i._snputc))
<BR>[Address Reference Count : 1]<UL><LI> printf8.o(i.__0snprintf$8)
</UL>
<P><STRONG><a name="[a]"></a>_sputc</STRONG> (Thumb, 10 bytes, Stack size 0 bytes, printf8.o(i._sputc))
<BR><BR>[Called By]<UL><LI><a href="#[c2]">&gt;&gt;</a>&nbsp;&nbsp;&nbsp;__0sprintf$8
</UL>
<BR>[Address Reference Count : 1]<UL><LI> printf8.o(i.__0sprintf$8)
</UL><P>
<H3>
Undefined Global Symbols
</H3><HR></body></html>
