<html>
<body>
<pre>
<h1>µVision Build Log</h1>
<h2>Tool Versions:</h2>
IDE-Version: ¦ÌVision V5.25.2.0
Copyright (C) 2018 ARM Ltd and ARM Germany GmbH. All rights reserved.
License Information: zhang zqf, IOE5, LIC=KRMHL-0036W-M9VGG-V1PUW-22WWN-7CLAQ
 
Tool Versions:
Toolchain:       MDK-ARM Plus  Version: 5.25.2.0
Toolchain Path:  D:\Keil_v5\ARM\ARMCC\Bin
C Compiler:      Armcc.exe V5.06 update 6 (build 750)
Assembler:       Armasm.exe V5.06 update 6 (build 750)
Linker/Locator:  ArmLink.exe V5.06 update 6 (build 750)
Library Manager: ArmAr.exe V5.06 update 6 (build 750)
Hex Converter:   FromElf.exe V5.06 update 6 (build 750)
CPU DLL:         SARMCM3.DLL V5.25.2.0
Dialog DLL:      DCM.DLL V1.17.1.0
Target DLL:      STLink\ST-LINKIII-KEIL_SWO.dll V3.0.1.0
Dialog DLL:      TCM.DLL V1.35.1.0
 
<h2>Project:</h2>
F:\LiteOS_Master\targets\STM32L431RxTx_IoTClub\MDK-ARM\STM32L431RxTx.uvprojx
Project File Date:  10/27/2018

<h2>Output:</h2>
*** Using Compiler 'V5.06 update 6 (build 750)', folder: 'D:\Keil_v5\ARM\ARMCC\Bin'
Build target 'Huawei_LiteOS'
compiling los_timeslice.c...
compiling los_event.c...
compiling los_mux.c...
compiling los_queue.c...
compiling los_sem.c...
compiling los_heap.c...
compiling los_memory.c...
compiling los_slab.c...
compiling los_slabmem.c...
compiling los_misc.c...
compiling los_err.c...
compiling los_init.c...
compiling los_tickless.c...
compiling los_membox.c...
compiling los_memcheck.c...
assembling los_dispatch_keil.S...
compiling los_hw.c...
compiling los_hw_tick.c...
compiling los_hwi.c...
..\..\..\arch\arm\arm-m\src\los_hwi.c(219): warning:  #186-D: pointless comparison of unsigned integer with zero
      if ((usHwiPrio > OS_HWI_PRIO_LOWEST) || (usHwiPrio < OS_HWI_PRIO_HIGHEST))
..\..\..\arch\arm\arm-m\src\los_hwi.c: 1 warning, 0 errors
compiling usart.c...
compiling main.c...
compiling app.c...
compiling bc95.c...
compiling uart_at.c...
compiling uart_debug.c...
compiling at.c...
compiling iodev.c...
compiling ring.c...
compiling string.c...
compiling mem.c...
compiling mutex.c...
compiling sem.c...
compiling task.c...
compiling shell_cmd.c...
..\..\..\comnew\shell\shell_cmd.c(230): warning:  #161-D: unrecognized #pragma
  #pragma section("oshell", read) 
..\..\..\comnew\shell\shell_cmd.c: 1 warning, 0 errors
compiling shell_main.c...
compiling shell_test.c...
compiling stm32l4xx_hal.c...
compiling stm32l4xx_hal_flash.c...
compiling stm32l4xx_hal_flash_ex.c...
compiling stm32l4xx_hal_dma_ex.c...
compiling stm32l4xx_hal_i2c_ex.c...
compiling stm32l4xx_hal_gpio.c...
compiling stm32l4xx_hal_pwr.c...
compiling stm32l4xx_hal_rcc_ex.c...
compiling stm32l4xx_hal_tim_ex.c...
compiling stm32l4xx_hal_rcc.c...
compiling stm32l4xx_hal_pwr_ex.c...
compiling stm32l4xx_hal_adc.c...
compiling stm32l4xx_hal_adc_ex.c...
compiling stm32l4xx_hal_uart.c...
compiling stm32l4xx_hal_uart_ex.c...
compiling stm32l4xx_hal_flash_ramfunc.c...
compiling stm32l4xx_hal_cortex.c...
compiling stm32l4xx_hal_dma.c...
compiling stm32l4xx_hal_i2c.c...
compiling stm32l4xx_hal_tim.c...
linking...
Program Size: Code=31728 RO-data=3364 RW-data=1664 ZI-data=5920  
"STM32L431RxTx\Huawei_LiteOS.axf" - 0 Error(s), 2 Warning(s).

<h2>Software Packages used:</h2>

Package Vendor: ARM
                http://www.keil.com/pack/ARM.CMSIS.5.3.0.pack
                ARM.CMSIS.5.3.0
                CMSIS (Cortex Microcontroller Software Interface Standard)
   * Component: CORE Version: 5.1.1

Package Vendor: Keil
                http://www.keil.com/pack/Keil.STM32L4xx_DFP.2.0.0.pack
                Keil.STM32L4xx_DFP.2.0.0
                STMicroelectronics STM32L4 Series Device Support, Drivers and Examples

<h2>Collection of Component include folders:</h2>
  .\RTE\_Huawei_LiteOS
  D:\Keil_v5\ARM\PACK\ARM\CMSIS\5.3.0\CMSIS\Include
  D:\Keil_v5\ARM\PACK\Keil\STM32L4xx_DFP\2.0.0\Drivers\CMSIS\Device\ST\STM32L4xx\Include

<h2>Collection of Component Files used:</h2>

   * Component: ARM::CMSIS:CORE:5.1.1
Build Time Elapsed:  00:01:07
</pre>
</body>
</html>
